<?xml version="1.0"?>
<link_info>
   <banner>TI ARM Linker Unix v5.2.5</banner>
   <copyright>Copyright (c) 1996-2015 Texas Instruments Incorporated</copyright>
   <link_time>0x57ab080e</link_time>
   <link_errors>0x0</link_errors>
   <output_file>MSP432_EH_VisionSensor_Continuous.out</output_file>
   <entry_point>
      <name>_c_int00</name>
      <address>0x30d5</address>
   </entry_point>
   <input_file_list>
      <input_file id="fl-6">
         <path>./</path>
         <kind>object</kind>
         <file>gpio.obj</file>
         <name>gpio.obj</name>
      </input_file>
      <input_file id="fl-8">
         <path>./</path>
         <kind>object</kind>
         <file>main.obj</file>
         <name>main.obj</name>
      </input_file>
      <input_file id="fl-b">
         <path>./</path>
         <kind>object</kind>
         <file>startup_msp432p401r_ccs.obj</file>
         <name>startup_msp432p401r_ccs.obj</name>
      </input_file>
      <input_file id="fl-1d">
         <path>/Applications/ti/msp/MSPWare_3_20_00_37/driverlib/driverlib/MSP432P4xx/ccs/</path>
         <kind>archive</kind>
         <file>msp432p4xx_driverlib.lib</file>
         <name>adc14.o</name>
      </input_file>
      <input_file id="fl-1e">
         <path>/Applications/ti/msp/MSPWare_3_20_00_37/driverlib/driverlib/MSP432P4xx/ccs/</path>
         <kind>archive</kind>
         <file>msp432p4xx_driverlib.lib</file>
         <name>dma.o</name>
      </input_file>
      <input_file id="fl-1f">
         <path>/Applications/ti/msp/MSPWare_3_20_00_37/driverlib/driverlib/MSP432P4xx/ccs/</path>
         <kind>archive</kind>
         <file>msp432p4xx_driverlib.lib</file>
         <name>gpio.o</name>
      </input_file>
      <input_file id="fl-20">
         <path>/Applications/ti/msp/MSPWare_3_20_00_37/driverlib/driverlib/MSP432P4xx/ccs/</path>
         <kind>archive</kind>
         <file>msp432p4xx_driverlib.lib</file>
         <name>interrupt.o</name>
      </input_file>
      <input_file id="fl-21">
         <path>/Applications/ti/msp/MSPWare_3_20_00_37/driverlib/driverlib/MSP432P4xx/ccs/</path>
         <kind>archive</kind>
         <file>msp432p4xx_driverlib.lib</file>
         <name>spi.o</name>
      </input_file>
      <input_file id="fl-22">
         <path>/Applications/ti/msp/MSPWare_3_20_00_37/driverlib/driverlib/MSP432P4xx/ccs/</path>
         <kind>archive</kind>
         <file>msp432p4xx_driverlib.lib</file>
         <name>systick.o</name>
      </input_file>
      <input_file id="fl-23">
         <path>/Applications/ti/msp/MSPWare_3_20_00_37/driverlib/driverlib/MSP432P4xx/ccs/</path>
         <kind>archive</kind>
         <file>msp432p4xx_driverlib.lib</file>
         <name>timer_a.o</name>
      </input_file>
      <input_file id="fl-24">
         <path>/Applications/ti/msp/MSPWare_3_20_00_37/driverlib/driverlib/MSP432P4xx/ccs/</path>
         <kind>archive</kind>
         <file>msp432p4xx_driverlib.lib</file>
         <name>uart.o</name>
      </input_file>
      <input_file id="fl-25">
         <path>/Applications/ti/msp/MSPWare_3_20_00_37/driverlib/driverlib/MSP432P4xx/ccs/</path>
         <kind>archive</kind>
         <file>msp432p4xx_driverlib.lib</file>
         <name>cpu.o</name>
      </input_file>
      <input_file id="fl-147">
         <path>/Applications/ti/ccsv6/tools/compiler/ti-cgt-arm_5.2.5/lib/</path>
         <kind>archive</kind>
         <file>rtsv7M4_T_le_v4SPD16_eabi.lib</file>
         <name>boot.obj</name>
      </input_file>
      <input_file id="fl-14b">
         <path>/Applications/ti/ccsv6/tools/compiler/ti-cgt-arm_5.2.5/lib/</path>
         <kind>archive</kind>
         <file>rtsv7M4_T_le_v4SPD16_eabi.lib</file>
         <name>exit.obj</name>
      </input_file>
      <input_file id="fl-14c">
         <path>/Applications/ti/ccsv6/tools/compiler/ti-cgt-arm_5.2.5/lib/</path>
         <kind>archive</kind>
         <file>rtsv7M4_T_le_v4SPD16_eabi.lib</file>
         <name>memcpy_t2.obj</name>
      </input_file>
      <input_file id="fl-14d">
         <path>/Applications/ti/ccsv6/tools/compiler/ti-cgt-arm_5.2.5/lib/</path>
         <kind>archive</kind>
         <file>rtsv7M4_T_le_v4SPD16_eabi.lib</file>
         <name>memset_t2.obj</name>
      </input_file>
      <input_file id="fl-150">
         <path>/Applications/ti/ccsv6/tools/compiler/ti-cgt-arm_5.2.5/lib/</path>
         <kind>archive</kind>
         <file>rtsv7M4_T_le_v4SPD16_eabi.lib</file>
         <name>u_divt2.obj</name>
      </input_file>
      <input_file id="fl-152">
         <path>/Applications/ti/ccsv6/tools/compiler/ti-cgt-arm_5.2.5/lib/</path>
         <kind>archive</kind>
         <file>rtsv7M4_T_le_v4SPD16_eabi.lib</file>
         <name>args_main.obj</name>
      </input_file>
      <input_file id="fl-153">
         <path>/Applications/ti/ccsv6/tools/compiler/ti-cgt-arm_5.2.5/lib/</path>
         <kind>archive</kind>
         <file>rtsv7M4_T_le_v4SPD16_eabi.lib</file>
         <name>autoinit.obj</name>
      </input_file>
      <input_file id="fl-156">
         <path>/var/tmp/</path>
         <kind>object</kind>
         <file>12796trqWX0</file>
         <name>12796trqWX0</name>
      </input_file>
   </input_file_list>
   <object_component_list>
      <object_component id="oc-27">
         <name>.intvecs:retain</name>
         <load_address>0x0</load_address>
         <run_address>0x0</run_address>
         <size>0x140</size>
         <input_file_ref idref="fl-b"/>
      </object_component>
      <object_component id="oc-68">
         <name>.text</name>
         <load_address>0x140</load_address>
         <run_address>0x140</run_address>
         <size>0xefe</size>
         <input_file_ref idref="fl-9"/>
      </object_component>
      <object_component id="oc-248">
         <name>.text</name>
         <load_address>0x103e</load_address>
         <run_address>0x103e</run_address>
         <size>0x2</size>
         <input_file_ref idref="fl-151"/>
      </object_component>
      <object_component id="oc-6e">
         <name>.text</name>
         <load_address>0x1040</load_address>
         <run_address>0x1040</run_address>
         <size>0x490</size>
         <input_file_ref idref="fl-2"/>
      </object_component>
      <object_component id="oc-1fe">
         <name>.text</name>
         <load_address>0x14d0</load_address>
         <run_address>0x14d0</run_address>
         <size>0x3b2</size>
         <input_file_ref idref="fl-3"/>
      </object_component>
      <object_component id="oc-302">
         <name>.text:UART_getInterruptStatus</name>
         <load_address>0x1882</load_address>
         <run_address>0x1882</run_address>
         <size>0x6</size>
         <input_file_ref idref="fl-24"/>
      </object_component>
      <object_component id="oc-74">
         <name>.text</name>
         <load_address>0x1888</load_address>
         <run_address>0x1888</run_address>
         <size>0x38c</size>
         <input_file_ref idref="fl-4"/>
      </object_component>
      <object_component id="oc-46">
         <name>.text</name>
         <load_address>0x1c14</load_address>
         <run_address>0x1c14</run_address>
         <size>0x4</size>
         <input_file_ref idref="fl-14e"/>
      </object_component>
      <object_component id="oc-7a">
         <name>.text</name>
         <load_address>0x1c18</load_address>
         <run_address>0x1c18</run_address>
         <size>0x32c</size>
         <input_file_ref idref="fl-8"/>
      </object_component>
      <object_component id="oc-31a">
         <name>.text</name>
         <load_address>0x1f44</load_address>
         <run_address>0x1f44</run_address>
         <size>0x2</size>
         <input_file_ref idref="fl-155"/>
      </object_component>
      <object_component id="oc-21f">
         <name>.text</name>
         <load_address>0x1f48</load_address>
         <run_address>0x1f48</run_address>
         <size>0x2fa</size>
         <input_file_ref idref="fl-11"/>
      </object_component>
      <object_component id="oc-16">
         <name>.text:decompress:rle24</name>
         <load_address>0x2242</load_address>
         <run_address>0x2242</run_address>
         <size>0x6</size>
         <input_file_ref idref="fl-149"/>
      </object_component>
      <object_component id="oc-f3">
         <name>.text</name>
         <load_address>0x2248</load_address>
         <run_address>0x2248</run_address>
         <size>0x2d4</size>
         <input_file_ref idref="fl-d"/>
      </object_component>
      <object_component id="oc-210">
         <name>.text</name>
         <load_address>0x2520</load_address>
         <run_address>0x2520</run_address>
         <size>0x1f2</size>
         <input_file_ref idref="fl-16"/>
      </object_component>
      <object_component id="oc-2a6">
         <name>.text:_getIndexForMemRegister</name>
         <load_address>0x2714</load_address>
         <run_address>0x2714</run_address>
         <size>0x154</size>
         <input_file_ref idref="fl-1d"/>
      </object_component>
      <object_component id="oc-1f2">
         <name>.text</name>
         <load_address>0x2868</load_address>
         <run_address>0x2868</run_address>
         <size>0x10e</size>
         <input_file_ref idref="fl-6"/>
      </object_component>
      <object_component id="oc-2fc">
         <name>.text</name>
         <load_address>0x2978</load_address>
         <run_address>0x2978</run_address>
         <size>0x108</size>
         <input_file_ref idref="fl-a"/>
      </object_component>
      <object_component id="oc-1f8">
         <name>.text</name>
         <load_address>0x2a80</load_address>
         <run_address>0x2a80</run_address>
         <size>0xd2</size>
         <input_file_ref idref="fl-5"/>
      </object_component>
      <object_component id="oc-2bd">
         <name>.text:privateTimer_AProcessClockSourceDivider</name>
         <load_address>0x2b52</load_address>
         <run_address>0x2b52</run_address>
         <size>0xb2</size>
         <input_file_ref idref="fl-23"/>
      </object_component>
      <object_component id="oc-2b">
         <name>.text</name>
         <load_address>0x2c04</load_address>
         <run_address>0x2c04</run_address>
         <size>0x9c</size>
         <input_file_ref idref="fl-14c"/>
      </object_component>
      <object_component id="oc-20a">
         <name>.text</name>
         <load_address>0x2ca0</load_address>
         <run_address>0x2ca0</run_address>
         <size>0x98</size>
         <input_file_ref idref="fl-c"/>
      </object_component>
      <object_component id="oc-219">
         <name>.text</name>
         <load_address>0x2d38</load_address>
         <run_address>0x2d38</run_address>
         <size>0x8e</size>
         <input_file_ref idref="fl-f"/>
      </object_component>
      <object_component id="oc-100">
         <name>.text:SPI_initMaster</name>
         <load_address>0x2dc6</load_address>
         <run_address>0x2dc6</run_address>
         <size>0x88</size>
         <input_file_ref idref="fl-21"/>
      </object_component>
      <object_component id="oc-40">
         <name>.text</name>
         <load_address>0x2e4e</load_address>
         <run_address>0x2e4e</run_address>
         <size>0x7a</size>
         <input_file_ref idref="fl-14d"/>
      </object_component>
      <object_component id="oc-197">
         <name>.text:ADC14_configureConversionMemory</name>
         <load_address>0x2ec8</load_address>
         <run_address>0x2ec8</run_address>
         <size>0x6c</size>
         <input_file_ref idref="fl-1d"/>
      </object_component>
      <object_component id="oc-4c">
         <name>.text</name>
         <load_address>0x2f34</load_address>
         <run_address>0x2f34</run_address>
         <size>0x6c</size>
         <input_file_ref idref="fl-153"/>
      </object_component>
      <object_component id="oc-39">
         <name>.text</name>
         <load_address>0x2fa0</load_address>
         <run_address>0x2fa0</run_address>
         <size>0x6a</size>
         <input_file_ref idref="fl-149"/>
      </object_component>
      <object_component id="oc-159">
         <name>.text:Interrupt_disableInterrupt</name>
         <load_address>0x300c</load_address>
         <run_address>0x300c</run_address>
         <size>0x64</size>
         <input_file_ref idref="fl-20"/>
      </object_component>
      <object_component id="oc-1a9">
         <name>.text:Interrupt_enableInterrupt</name>
         <load_address>0x3070</load_address>
         <run_address>0x3070</run_address>
         <size>0x64</size>
         <input_file_ref idref="fl-20"/>
      </object_component>
      <object_component id="oc-22">
         <name>.text</name>
         <load_address>0x30d4</load_address>
         <run_address>0x30d4</run_address>
         <size>0x50</size>
         <input_file_ref idref="fl-147"/>
      </object_component>
      <object_component id="oc-16a">
         <name>.text:GPIO_setAsPeripheralModuleFunctionOutputPin</name>
         <load_address>0x3124</load_address>
         <run_address>0x3124</run_address>
         <size>0x4c</size>
         <input_file_ref idref="fl-1f"/>
      </object_component>
      <object_component id="oc-d9">
         <name>.text</name>
         <load_address>0x3170</load_address>
         <run_address>0x3170</run_address>
         <size>0x4c</size>
         <input_file_ref idref="fl-154"/>
      </object_component>
      <object_component id="oc-12d">
         <name>.text:GPIO_setAsPeripheralModuleFunctionInputPin</name>
         <load_address>0x31bc</load_address>
         <run_address>0x31bc</run_address>
         <size>0x48</size>
         <input_file_ref idref="fl-1f"/>
      </object_component>
      <object_component id="oc-191">
         <name>.text:ADC14_configureSingleSampleMode</name>
         <load_address>0x3204</load_address>
         <run_address>0x3204</run_address>
         <size>0x44</size>
         <input_file_ref idref="fl-1d"/>
      </object_component>
      <object_component id="oc-1d5">
         <name>.text:Interrupt_unpendInterrupt</name>
         <load_address>0x3248</load_address>
         <run_address>0x3248</run_address>
         <size>0x44</size>
         <input_file_ref idref="fl-20"/>
      </object_component>
      <object_component id="oc-1b8">
         <name>.text:Timer_A_configureUpMode</name>
         <load_address>0x328c</load_address>
         <run_address>0x328c</run_address>
         <size>0x44</size>
         <input_file_ref idref="fl-23"/>
      </object_component>
      <object_component id="oc-58">
         <name>.text</name>
         <load_address>0x32d0</load_address>
         <run_address>0x32d0</run_address>
         <size>0x44</size>
         <input_file_ref idref="fl-14b"/>
      </object_component>
      <object_component id="oc-1dc">
         <name>.text:GPIO_getEnabledInterruptStatus</name>
         <load_address>0x3314</load_address>
         <run_address>0x3314</run_address>
         <size>0x40</size>
         <input_file_ref idref="fl-1f"/>
      </object_component>
      <object_component id="oc-22b">
         <name>.text</name>
         <load_address>0x3354</load_address>
         <run_address>0x3354</run_address>
         <size>0x40</size>
         <input_file_ref idref="fl-150"/>
      </object_component>
      <object_component id="oc-153">
         <name>.text:DMA_disableInterrupt</name>
         <load_address>0x3394</load_address>
         <run_address>0x3394</run_address>
         <size>0x3c</size>
         <input_file_ref idref="fl-1e"/>
      </object_component>
      <object_component id="oc-18b">
         <name>.text:ADC14_initModule</name>
         <load_address>0x33d0</load_address>
         <run_address>0x33d0</run_address>
         <size>0x38</size>
         <input_file_ref idref="fl-1d"/>
      </object_component>
      <object_component id="oc-225">
         <name>.text</name>
         <load_address>0x3408</load_address>
         <run_address>0x3408</run_address>
         <size>0x32</size>
         <input_file_ref idref="fl-14"/>
      </object_component>
      <object_component id="oc-2e5">
         <name>.text:GPIO_setAsInputPinWithPullDownResistor</name>
         <load_address>0x343c</load_address>
         <run_address>0x343c</run_address>
         <size>0x30</size>
         <input_file_ref idref="fl-1f"/>
      </object_component>
      <object_component id="oc-2f1">
         <name>.text:GPIO_setAsInputPinWithPullUpResistor</name>
         <load_address>0x346c</load_address>
         <run_address>0x346c</run_address>
         <size>0x30</size>
         <input_file_ref idref="fl-1f"/>
      </object_component>
      <object_component id="oc-25c">
         <name>.text:is_A_Module</name>
         <load_address>0x349c</load_address>
         <run_address>0x349c</run_address>
         <size>0x30</size>
         <input_file_ref idref="fl-21"/>
      </object_component>
      <object_component id="oc-179">
         <name>.text:ADC14_enableConversion</name>
         <load_address>0x34cc</load_address>
         <run_address>0x34cc</run_address>
         <size>0x2c</size>
         <input_file_ref idref="fl-1d"/>
      </object_component>
      <object_component id="oc-173">
         <name>.text:ADC14_enableSampleTimer</name>
         <load_address>0x34f8</load_address>
         <run_address>0x34f8</run_address>
         <size>0x28</size>
         <input_file_ref idref="fl-1d"/>
      </object_component>
      <object_component id="oc-112">
         <name>.text:SPI_changeMasterClock</name>
         <load_address>0x3520</load_address>
         <run_address>0x3520</run_address>
         <size>0x26</size>
         <input_file_ref idref="fl-21"/>
      </object_component>
      <object_component id="oc-1be">
         <name>.text:Timer_A_initCompare</name>
         <load_address>0x3546</load_address>
         <run_address>0x3546</run_address>
         <size>0x26</size>
         <input_file_ref idref="fl-23"/>
      </object_component>
      <object_component id="oc-133">
         <name>.text:GPIO_setAsOutputPin</name>
         <load_address>0x356c</load_address>
         <run_address>0x356c</run_address>
         <size>0x24</size>
         <input_file_ref idref="fl-1f"/>
      </object_component>
      <object_component id="oc-308">
         <name>.text:UART_transmitData</name>
         <load_address>0x3590</load_address>
         <run_address>0x3590</run_address>
         <size>0x24</size>
         <input_file_ref idref="fl-24"/>
      </object_component>
      <object_component id="oc-62">
         <name>.text</name>
         <load_address>0x35b8</load_address>
         <run_address>0x35b8</run_address>
         <size>0x22</size>
         <input_file_ref idref="fl-b"/>
      </object_component>
      <object_component id="oc-1c4">
         <name>.text:ADC14_disableInterrupt</name>
         <load_address>0x35dc</load_address>
         <run_address>0x35dc</run_address>
         <size>0x20</size>
         <input_file_ref idref="fl-1d"/>
      </object_component>
      <object_component id="oc-1ca">
         <name>.text:ADC14_disableModule</name>
         <load_address>0x35fc</load_address>
         <run_address>0x35fc</run_address>
         <size>0x20</size>
         <input_file_ref idref="fl-1d"/>
      </object_component>
      <object_component id="oc-1a3">
         <name>.text:ADC14_enableInterrupt</name>
         <load_address>0x361c</load_address>
         <run_address>0x361c</run_address>
         <size>0x20</size>
         <input_file_ref idref="fl-1d"/>
      </object_component>
      <object_component id="oc-17f">
         <name>.text:ADC14_toggleConversionTrigger</name>
         <load_address>0x363c</load_address>
         <run_address>0x363c</run_address>
         <size>0x20</size>
         <input_file_ref idref="fl-1d"/>
      </object_component>
      <object_component id="oc-2eb">
         <name>.text:GPIO_interruptEdgeSelect</name>
         <load_address>0x365c</load_address>
         <run_address>0x365c</run_address>
         <size>0x20</size>
         <input_file_ref idref="fl-1f"/>
      </object_component>
      <object_component id="oc-106">
         <name>.text:SPI_enableModule</name>
         <load_address>0x367c</load_address>
         <run_address>0x367c</run_address>
         <size>0x1a</size>
         <input_file_ref idref="fl-21"/>
      </object_component>
      <object_component id="oc-14d">
         <name>.text:DMA_disableChannel</name>
         <load_address>0x3698</load_address>
         <run_address>0x3698</run_address>
         <size>0x18</size>
         <input_file_ref idref="fl-1e"/>
      </object_component>
      <object_component id="oc-27c">
         <name>.text:EUSCI_A_SPI_masterChangeClock</name>
         <load_address>0x36b0</load_address>
         <run_address>0x36b0</run_address>
         <size>0x18</size>
         <input_file_ref idref="fl-21"/>
      </object_component>
      <object_component id="oc-276">
         <name>.text:EUSCI_B_SPI_masterChangeClock</name>
         <load_address>0x36c8</load_address>
         <run_address>0x36c8</run_address>
         <size>0x18</size>
         <input_file_ref idref="fl-21"/>
      </object_component>
      <object_component id="oc-1e2">
         <name>.text:GPIO_clearInterruptFlag</name>
         <load_address>0x36e0</load_address>
         <run_address>0x36e0</run_address>
         <size>0x18</size>
         <input_file_ref idref="fl-1f"/>
      </object_component>
      <object_component id="oc-204">
         <name>.text:GPIO_getInputPinValue</name>
         <load_address>0x36f8</load_address>
         <run_address>0x36f8</run_address>
         <size>0x18</size>
         <input_file_ref idref="fl-1f"/>
      </object_component>
      <object_component id="oc-13a">
         <name>.text:GPIO_setOutputLowOnPin</name>
         <load_address>0x3710</load_address>
         <run_address>0x3710</run_address>
         <size>0x18</size>
         <input_file_ref idref="fl-1f"/>
      </object_component>
      <object_component id="oc-52">
         <name>.text</name>
         <load_address>0x3728</load_address>
         <run_address>0x3728</run_address>
         <size>0x18</size>
         <input_file_ref idref="fl-152"/>
      </object_component>
      <object_component id="oc-354">
         <name>.text:UART_enableInterrupt</name>
         <load_address>0x3740</load_address>
         <run_address>0x3740</run_address>
         <size>0x16</size>
         <input_file_ref idref="fl-24"/>
      </object_component>
      <object_component id="oc-19d">
         <name>.text:ADC14_setResolution</name>
         <load_address>0x3758</load_address>
         <run_address>0x3758</run_address>
         <size>0x14</size>
         <input_file_ref idref="fl-1d"/>
      </object_component>
      <object_component id="oc-29a">
         <name>.text:ADCIsConversionRunning</name>
         <load_address>0x376c</load_address>
         <run_address>0x376c</run_address>
         <size>0x14</size>
         <input_file_ref idref="fl-1d"/>
      </object_component>
      <object_component id="oc-1e8">
         <name>.text:GPIO_enableInterrupt</name>
         <load_address>0x3780</load_address>
         <run_address>0x3780</run_address>
         <size>0x14</size>
         <input_file_ref idref="fl-1f"/>
      </object_component>
      <object_component id="oc-10c">
         <name>.text:GPIO_setOutputHighOnPin</name>
         <load_address>0x3794</load_address>
         <run_address>0x3794</run_address>
         <size>0x14</size>
         <input_file_ref idref="fl-1f"/>
      </object_component>
      <object_component id="oc-147">
         <name>.text:SysTick_disableInterrupt</name>
         <load_address>0x37a8</load_address>
         <run_address>0x37a8</run_address>
         <size>0x14</size>
         <input_file_ref idref="fl-22"/>
      </object_component>
      <object_component id="oc-141">
         <name>.text:SysTick_disableModule</name>
         <load_address>0x37bc</load_address>
         <run_address>0x37bc</run_address>
         <size>0x14</size>
         <input_file_ref idref="fl-22"/>
      </object_component>
      <object_component id="oc-127">
         <name>.text:SysTick_enableInterrupt</name>
         <load_address>0x37d0</load_address>
         <run_address>0x37d0</run_address>
         <size>0x14</size>
         <input_file_ref idref="fl-22"/>
      </object_component>
      <object_component id="oc-121">
         <name>.text:SysTick_enableModule</name>
         <load_address>0x37e4</load_address>
         <run_address>0x37e4</run_address>
         <size>0x14</size>
         <input_file_ref idref="fl-22"/>
      </object_component>
      <object_component id="oc-185">
         <name>.text:ADC14_enableModule</name>
         <load_address>0x37f8</load_address>
         <run_address>0x37f8</run_address>
         <size>0x10</size>
         <input_file_ref idref="fl-1d"/>
      </object_component>
      <object_component id="oc-2cb">
         <name>.text:GPIO_getInterruptStatus</name>
         <load_address>0x3808</load_address>
         <run_address>0x3808</run_address>
         <size>0x10</size>
         <input_file_ref idref="fl-1f"/>
      </object_component>
      <object_component id="oc-1af">
         <name>.text:Interrupt_enableMaster</name>
         <load_address>0x3818</load_address>
         <run_address>0x3818</run_address>
         <size>0x10</size>
         <input_file_ref idref="fl-20"/>
      </object_component>
      <object_component id="oc-10">
         <name>.text:decompress:none</name>
         <load_address>0x3828</load_address>
         <run_address>0x3828</run_address>
         <size>0xe</size>
         <input_file_ref idref="fl-148"/>
      </object_component>
      <object_component id="oc-2b4">
         <name>.text:CPU_cpsie</name>
         <load_address>0x3836</load_address>
         <run_address>0x3836</run_address>
         <size>0xc</size>
         <input_file_ref idref="fl-25"/>
      </object_component>
      <object_component id="oc-26a">
         <name>.text:EUSCI_A_SPI_enable</name>
         <load_address>0x3842</load_address>
         <run_address>0x3842</run_address>
         <size>0xc</size>
         <input_file_ref idref="fl-21"/>
      </object_component>
      <object_component id="oc-264">
         <name>.text:EUSCI_B_SPI_enable</name>
         <load_address>0x384e</load_address>
         <run_address>0x384e</run_address>
         <size>0xc</size>
         <input_file_ref idref="fl-21"/>
      </object_component>
      <object_component id="oc-11b">
         <name>.text:SysTick_setPeriod</name>
         <load_address>0x385c</load_address>
         <run_address>0x385c</run_address>
         <size>0xc</size>
         <input_file_ref idref="fl-22"/>
      </object_component>
      <object_component id="oc-35a">
         <name>.text:UART_disableModule</name>
         <load_address>0x3868</load_address>
         <run_address>0x3868</run_address>
         <size>0xc</size>
         <input_file_ref idref="fl-24"/>
      </object_component>
      <object_component id="oc-1c">
         <name>.text:decompress:ZI</name>
         <load_address>0x3874</load_address>
         <run_address>0x3874</run_address>
         <size>0xc</size>
         <input_file_ref idref="fl-14a"/>
      </object_component>
      <object_component id="oc-311">
         <name>.const:camera_fpn</name>
         <load_address>0x3880</load_address>
         <run_address>0x3880</run_address>
         <size>0x3100</size>
         <input_file_ref idref="fl-f"/>
      </object_component>
      <object_component id="oc-283">
         <name>.const:.string</name>
         <load_address>0x6980</load_address>
         <run_address>0x6980</run_address>
         <size>0x13a</size>
         <input_file_ref idref="fl-156"/>
      </object_component>
      <object_component id="oc-1b5">
         <name>.const</name>
         <load_address>0x6abc</load_address>
         <run_address>0x6abc</run_address>
         <size>0x98</size>
         <input_file_ref idref="fl-2"/>
      </object_component>
      <object_component id="oc-2ad">
         <name>.const:_ctlRegs</name>
         <load_address>0x6b54</load_address>
         <run_address>0x6b54</run_address>
         <size>0x80</size>
         <input_file_ref idref="fl-1d"/>
      </object_component>
      <object_component id="oc-292">
         <name>.const</name>
         <load_address>0x6bd4</load_address>
         <run_address>0x6bd4</run_address>
         <size>0x40</size>
         <input_file_ref idref="fl-20"/>
      </object_component>
      <object_component id="oc-351">
         <name>.const:$P$T0$1$6</name>
         <load_address>0x6c14</load_address>
         <run_address>0x6c14</run_address>
         <size>0x24</size>
         <input_file_ref idref="fl-a"/>
      </object_component>
      <object_component id="oc-1d2">
         <name>.const</name>
         <load_address>0x6c38</load_address>
         <run_address>0x6c38</run_address>
         <size>0x1c</size>
         <input_file_ref idref="fl-4"/>
      </object_component>
      <object_component id="oc-fa">
         <name>.const</name>
         <load_address>0x6c54</load_address>
         <run_address>0x6c54</run_address>
         <size>0x1c</size>
         <input_file_ref idref="fl-9"/>
      </object_component>
      <object_component id="oc-216">
         <name>.const:.string</name>
         <load_address>0x6c70</load_address>
         <run_address>0x6c70</run_address>
         <size>0x14</size>
         <input_file_ref idref="fl-8"/>
      </object_component>
      <object_component id="oc-393">
         <name>.cinit..data.load</name>
         <load_address>0x6c88</load_address>
         <run_address>0x6c88</run_address>
         <size>0xf6</size>
      </object_component>
      <object_component id="oc-391">
         <name>__TI_handler_table</name>
         <load_address>0x6d80</load_address>
         <run_address>0x6d80</run_address>
         <size>0xc</size>
      </object_component>
      <object_component id="oc-394">
         <name>.cinit..bss.load</name>
         <load_address>0x6d90</load_address>
         <run_address>0x6d90</run_address>
         <size>0x8</size>
      </object_component>
      <object_component id="oc-392">
         <name>__TI_cinit_table</name>
         <load_address>0x6d98</load_address>
         <run_address>0x6d98</run_address>
         <size>0x10</size>
      </object_component>
      <object_component id="oc-2a">
         <name>.stack</name>
         <uninitialized>true</uninitialized>
         <run_address>0x2000fe00</run_address>
         <size>0x0</size>
         <input_file_ref idref="fl-147"/>
      </object_component>
      <object_component id="oc-395">
         <name>.stack</name>
         <uninitialized>true</uninitialized>
         <run_address>0x2000fe00</run_address>
         <size>0x0</size>
      </object_component>
      <object_component id="oc-314">
         <name>.bss:local_buffer</name>
         <uninitialized>true</uninitialized>
         <run_address>0x20000000</run_address>
         <size>0x620a</size>
         <input_file_ref idref="fl-8"/>
      </object_component>
      <object_component id="oc-1ee">
         <name>.common:GPIOwakeup</name>
         <uninitialized>true</uninitialized>
         <run_address>0x2000620b</run_address>
         <size>0x1</size>
      </object_component>
      <object_component id="oc-140">
         <name>.common:Timer1$5</name>
         <uninitialized>true</uninitialized>
         <run_address>0x2000620c</run_address>
         <size>0x1</size>
      </object_component>
      <object_component id="oc-139">
         <name>.common:Timer2$5</name>
         <uninitialized>true</uninitialized>
         <run_address>0x2000620d</run_address>
         <size>0x1</size>
      </object_component>
      <object_component id="oc-1d1">
         <name>.common:DMA_FRAM_stop</name>
         <uninitialized>true</uninitialized>
         <run_address>0x2000620a</run_address>
         <size>0x1</size>
      </object_component>
      <object_component id="oc-fd">
         <name>.data</name>
         <load_address>0x200062f8</load_address>
         <run_address>0x200062f8</run_address>
         <size>0x10</size>
         <input_file_ref idref="fl-8"/>
      </object_component>
      <object_component id="oc-271">
         <name>.data:GPIO_PORT_TO_BASE</name>
         <load_address>0x200062b8</load_address>
         <run_address>0x200062b8</run_address>
         <size>0x30</size>
         <input_file_ref idref="fl-1f"/>
      </object_component>
      <object_component id="oc-eb">
         <name>.data</name>
         <load_address>0x20006310</load_address>
         <run_address>0x20006310</run_address>
         <size>0x8</size>
         <input_file_ref idref="fl-14b"/>
      </object_component>
      <object_component id="oc-170">
         <name>.data</name>
         <load_address>0x200062e8</load_address>
         <run_address>0x200062e8</run_address>
         <size>0x10</size>
         <input_file_ref idref="fl-2"/>
      </object_component>
      <object_component id="oc-118">
         <name>.data</name>
         <load_address>0x20006210</load_address>
         <run_address>0x20006210</run_address>
         <size>0xa8</size>
         <input_file_ref idref="fl-9"/>
      </object_component>
      <object_component id="oc-254">
         <name>.data</name>
         <load_address>0x2000631c</load_address>
         <run_address>0x2000631c</run_address>
         <size>0x4</size>
         <input_file_ref idref="fl-d"/>
      </object_component>
      <object_component id="oc-5e">
         <name>.data</name>
         <load_address>0x20006318</load_address>
         <run_address>0x20006318</run_address>
         <size>0x4</size>
         <input_file_ref idref="fl-14f"/>
      </object_component>
      <object_component id="oc-e8">
         <name>.data</name>
         <load_address>0x20006308</load_address>
         <run_address>0x20006308</run_address>
         <size>0x8</size>
         <input_file_ref idref="fl-151"/>
      </object_component>
      <object_component id="oc-238">
         <name>.debug_info</name>
         <load_address>0x0</load_address>
         <run_address>0x0</run_address>
         <size>0x6aa</size>
         <input_file_ref idref="fl-6"/>
      </object_component>
      <object_component id="oc-1f3">
         <name>.debug_info</name>
         <load_address>0x6aa</load_address>
         <run_address>0x6aa</run_address>
         <size>0x4ab</size>
         <input_file_ref idref="fl-6"/>
      </object_component>
      <object_component id="oc-233">
         <name>.debug_info</name>
         <load_address>0xb55</load_address>
         <run_address>0xb55</run_address>
         <size>0x36f2</size>
         <input_file_ref idref="fl-6"/>
      </object_component>
      <object_component id="oc-9f">
         <name>.debug_info</name>
         <load_address>0x4247</load_address>
         <run_address>0x4247</run_address>
         <size>0x103e</size>
         <input_file_ref idref="fl-6"/>
      </object_component>
      <object_component id="oc-33a">
         <name>.debug_info</name>
         <load_address>0x5285</load_address>
         <run_address>0x5285</run_address>
         <size>0x8a</size>
         <input_file_ref idref="fl-6"/>
      </object_component>
      <object_component id="oc-a4">
         <name>.debug_info</name>
         <load_address>0x530f</load_address>
         <run_address>0x530f</run_address>
         <size>0x341</size>
         <input_file_ref idref="fl-6"/>
      </object_component>
      <object_component id="oc-8b">
         <name>.debug_info</name>
         <load_address>0x5650</load_address>
         <run_address>0x5650</run_address>
         <size>0x8b</size>
         <input_file_ref idref="fl-6"/>
      </object_component>
      <object_component id="oc-ae">
         <name>.debug_info</name>
         <load_address>0x56db</load_address>
         <run_address>0x56db</run_address>
         <size>0x18b</size>
         <input_file_ref idref="fl-6"/>
      </object_component>
      <object_component id="oc-c2">
         <name>.debug_info</name>
         <load_address>0x5866</load_address>
         <run_address>0x5866</run_address>
         <size>0x131</size>
         <input_file_ref idref="fl-6"/>
      </object_component>
      <object_component id="oc-c7">
         <name>.debug_info</name>
         <load_address>0x5997</load_address>
         <run_address>0x5997</run_address>
         <size>0xee</size>
         <input_file_ref idref="fl-6"/>
      </object_component>
      <object_component id="oc-1ef">
         <name>.debug_info</name>
         <load_address>0x5a85</load_address>
         <run_address>0x5a85</run_address>
         <size>0xb77</size>
         <input_file_ref idref="fl-8"/>
      </object_component>
      <object_component id="oc-315">
         <name>.debug_info</name>
         <load_address>0x65fc</load_address>
         <run_address>0x65fc</run_address>
         <size>0x108</size>
         <input_file_ref idref="fl-8"/>
      </object_component>
      <object_component id="oc-217">
         <name>.debug_info</name>
         <load_address>0x6704</load_address>
         <run_address>0x6704</run_address>
         <size>0x1dd</size>
         <input_file_ref idref="fl-8"/>
      </object_component>
      <object_component id="oc-fe">
         <name>.debug_info</name>
         <load_address>0x68e1</load_address>
         <run_address>0x68e1</run_address>
         <size>0x22f</size>
         <input_file_ref idref="fl-8"/>
      </object_component>
      <object_component id="oc-7b">
         <name>.debug_info</name>
         <load_address>0x6b10</load_address>
         <run_address>0x6b10</run_address>
         <size>0x6fb</size>
         <input_file_ref idref="fl-8"/>
      </object_component>
      <object_component id="oc-2db">
         <name>.debug_info</name>
         <load_address>0x720b</load_address>
         <run_address>0x720b</run_address>
         <size>0xe4</size>
         <input_file_ref idref="fl-8"/>
      </object_component>
      <object_component id="oc-2d6">
         <name>.debug_info</name>
         <load_address>0x72ef</load_address>
         <run_address>0x72ef</run_address>
         <size>0x4c5</size>
         <input_file_ref idref="fl-8"/>
      </object_component>
      <object_component id="oc-2e0">
         <name>.debug_info</name>
         <load_address>0x77b4</load_address>
         <run_address>0x77b4</run_address>
         <size>0x70</size>
         <input_file_ref idref="fl-8"/>
      </object_component>
      <object_component id="oc-d1">
         <name>.debug_info</name>
         <load_address>0x7824</load_address>
         <run_address>0x7824</run_address>
         <size>0xb8</size>
         <input_file_ref idref="fl-8"/>
      </object_component>
      <object_component id="oc-82">
         <name>.debug_info</name>
         <load_address>0x78dc</load_address>
         <run_address>0x78dc</run_address>
         <size>0x509</size>
         <input_file_ref idref="fl-b"/>
      </object_component>
      <object_component id="oc-28">
         <name>.debug_info</name>
         <load_address>0x7de5</load_address>
         <run_address>0x7de5</run_address>
         <size>0x123</size>
         <input_file_ref idref="fl-b"/>
      </object_component>
      <object_component id="oc-63">
         <name>.debug_info</name>
         <load_address>0x7f08</load_address>
         <run_address>0x7f08</run_address>
         <size>0x28b</size>
         <input_file_ref idref="fl-b"/>
      </object_component>
      <object_component id="oc-e2">
         <name>.debug_info</name>
         <load_address>0x8193</load_address>
         <run_address>0x8193</run_address>
         <size>0x84</size>
         <input_file_ref idref="fl-b"/>
      </object_component>
      <object_component id="oc-2a1">
         <name>.debug_info</name>
         <load_address>0x8217</load_address>
         <run_address>0x8217</run_address>
         <size>0x4ad</size>
         <input_file_ref idref="fl-1d"/>
      </object_component>
      <object_component id="oc-2ae">
         <name>.debug_info</name>
         <load_address>0x86c4</load_address>
         <run_address>0x86c4</run_address>
         <size>0xb9</size>
         <input_file_ref idref="fl-1d"/>
      </object_component>
      <object_component id="oc-180">
         <name>.debug_info</name>
         <load_address>0x877d</load_address>
         <run_address>0x877d</run_address>
         <size>0x111</size>
         <input_file_ref idref="fl-1d"/>
      </object_component>
      <object_component id="oc-29b">
         <name>.debug_info</name>
         <load_address>0x888e</load_address>
         <run_address>0x888e</run_address>
         <size>0xff</size>
         <input_file_ref idref="fl-1d"/>
      </object_component>
      <object_component id="oc-19e">
         <name>.debug_info</name>
         <load_address>0x898d</load_address>
         <run_address>0x898d</run_address>
         <size>0x130</size>
         <input_file_ref idref="fl-1d"/>
      </object_component>
      <object_component id="oc-18c">
         <name>.debug_info</name>
         <load_address>0x8abd</load_address>
         <run_address>0x8abd</run_address>
         <size>0x23d</size>
         <input_file_ref idref="fl-1d"/>
      </object_component>
      <object_component id="oc-2a7">
         <name>.debug_info</name>
         <load_address>0x8cfa</load_address>
         <run_address>0x8cfa</run_address>
         <size>0x1d0</size>
         <input_file_ref idref="fl-1d"/>
      </object_component>
      <object_component id="oc-174">
         <name>.debug_info</name>
         <load_address>0x8eca</load_address>
         <run_address>0x8eca</run_address>
         <size>0x179</size>
         <input_file_ref idref="fl-1d"/>
      </object_component>
      <object_component id="oc-186">
         <name>.debug_info</name>
         <load_address>0x9043</load_address>
         <run_address>0x9043</run_address>
         <size>0xf4</size>
         <input_file_ref idref="fl-1d"/>
      </object_component>
      <object_component id="oc-1a4">
         <name>.debug_info</name>
         <load_address>0x9137</load_address>
         <run_address>0x9137</run_address>
         <size>0x10e</size>
         <input_file_ref idref="fl-1d"/>
      </object_component>
      <object_component id="oc-17a">
         <name>.debug_info</name>
         <load_address>0x9245</load_address>
         <run_address>0x9245</run_address>
         <size>0x126</size>
         <input_file_ref idref="fl-1d"/>
      </object_component>
      <object_component id="oc-1cb">
         <name>.debug_info</name>
         <load_address>0x936b</load_address>
         <run_address>0x936b</run_address>
         <size>0x117</size>
         <input_file_ref idref="fl-1d"/>
      </object_component>
      <object_component id="oc-1c5">
         <name>.debug_info</name>
         <load_address>0x9482</load_address>
         <run_address>0x9482</run_address>
         <size>0x110</size>
         <input_file_ref idref="fl-1d"/>
      </object_component>
      <object_component id="oc-192">
         <name>.debug_info</name>
         <load_address>0x9592</load_address>
         <run_address>0x9592</run_address>
         <size>0x1e0</size>
         <input_file_ref idref="fl-1d"/>
      </object_component>
      <object_component id="oc-198">
         <name>.debug_info</name>
         <load_address>0x9772</load_address>
         <run_address>0x9772</run_address>
         <size>0x27e</size>
         <input_file_ref idref="fl-1d"/>
      </object_component>
      <object_component id="oc-329">
         <name>.debug_info</name>
         <load_address>0x99f0</load_address>
         <run_address>0x99f0</run_address>
         <size>0x103e</size>
         <input_file_ref idref="fl-1d"/>
      </object_component>
      <object_component id="oc-290">
         <name>.debug_info</name>
         <load_address>0xaa2e</load_address>
         <run_address>0xaa2e</run_address>
         <size>0x48d</size>
         <input_file_ref idref="fl-1e"/>
      </object_component>
      <object_component id="oc-154">
         <name>.debug_info</name>
         <load_address>0xaebb</load_address>
         <run_address>0xaebb</run_address>
         <size>0x14f</size>
         <input_file_ref idref="fl-1e"/>
      </object_component>
      <object_component id="oc-14e">
         <name>.debug_info</name>
         <load_address>0xb00a</load_address>
         <run_address>0xb00a</run_address>
         <size>0x128</size>
         <input_file_ref idref="fl-1e"/>
      </object_component>
      <object_component id="oc-275">
         <name>.debug_info</name>
         <load_address>0xb132</load_address>
         <run_address>0xb132</run_address>
         <size>0x49e</size>
         <input_file_ref idref="fl-1f"/>
      </object_component>
      <object_component id="oc-272">
         <name>.debug_info</name>
         <load_address>0xb5d0</load_address>
         <run_address>0xb5d0</run_address>
         <size>0xca</size>
         <input_file_ref idref="fl-1f"/>
      </object_component>
      <object_component id="oc-13b">
         <name>.debug_info</name>
         <load_address>0xb69a</load_address>
         <run_address>0xb69a</run_address>
         <size>0x17d</size>
         <input_file_ref idref="fl-1f"/>
      </object_component>
      <object_component id="oc-10d">
         <name>.debug_info</name>
         <load_address>0xb817</load_address>
         <run_address>0xb817</run_address>
         <size>0x17f</size>
         <input_file_ref idref="fl-1f"/>
      </object_component>
      <object_component id="oc-16b">
         <name>.debug_info</name>
         <load_address>0xb996</load_address>
         <run_address>0xb996</run_address>
         <size>0x1d7</size>
         <input_file_ref idref="fl-1f"/>
      </object_component>
      <object_component id="oc-12e">
         <name>.debug_info</name>
         <load_address>0xbb6d</load_address>
         <run_address>0xbb6d</run_address>
         <size>0x1d5</size>
         <input_file_ref idref="fl-1f"/>
      </object_component>
      <object_component id="oc-134">
         <name>.debug_info</name>
         <load_address>0xbd42</load_address>
         <run_address>0xbd42</run_address>
         <size>0x196</size>
         <input_file_ref idref="fl-1f"/>
      </object_component>
      <object_component id="oc-2f2">
         <name>.debug_info</name>
         <load_address>0xbed8</load_address>
         <run_address>0xbed8</run_address>
         <size>0x1b8</size>
         <input_file_ref idref="fl-1f"/>
      </object_component>
      <object_component id="oc-2e6">
         <name>.debug_info</name>
         <load_address>0xc090</load_address>
         <run_address>0xc090</run_address>
         <size>0x1bc</size>
         <input_file_ref idref="fl-1f"/>
      </object_component>
      <object_component id="oc-2ec">
         <name>.debug_info</name>
         <load_address>0xc24c</load_address>
         <run_address>0xc24c</run_address>
         <size>0x1dd</size>
         <input_file_ref idref="fl-1f"/>
      </object_component>
      <object_component id="oc-2cc">
         <name>.debug_info</name>
         <load_address>0xc429</load_address>
         <run_address>0xc429</run_address>
         <size>0x183</size>
         <input_file_ref idref="fl-1f"/>
      </object_component>
      <object_component id="oc-205">
         <name>.debug_info</name>
         <load_address>0xc5ac</load_address>
         <run_address>0xc5ac</run_address>
         <size>0x17f</size>
         <input_file_ref idref="fl-1f"/>
      </object_component>
      <object_component id="oc-1dd">
         <name>.debug_info</name>
         <load_address>0xc72b</load_address>
         <run_address>0xc72b</run_address>
         <size>0x1ae</size>
         <input_file_ref idref="fl-1f"/>
      </object_component>
      <object_component id="oc-1e9">
         <name>.debug_info</name>
         <load_address>0xc8d9</load_address>
         <run_address>0xc8d9</run_address>
         <size>0x179</size>
         <input_file_ref idref="fl-1f"/>
      </object_component>
      <object_component id="oc-1e3">
         <name>.debug_info</name>
         <load_address>0xca52</load_address>
         <run_address>0xca52</run_address>
         <size>0x182</size>
         <input_file_ref idref="fl-1f"/>
      </object_component>
      <object_component id="oc-296">
         <name>.debug_info</name>
         <load_address>0xcbd4</load_address>
         <run_address>0xcbd4</run_address>
         <size>0x42c</size>
         <input_file_ref idref="fl-20"/>
      </object_component>
      <object_component id="oc-293">
         <name>.debug_info</name>
         <load_address>0xd000</load_address>
         <run_address>0xd000</run_address>
         <size>0x16d</size>
         <input_file_ref idref="fl-20"/>
      </object_component>
      <object_component id="oc-1d6">
         <name>.debug_info</name>
         <load_address>0xd16d</load_address>
         <run_address>0xd16d</run_address>
         <size>0x165</size>
         <input_file_ref idref="fl-20"/>
      </object_component>
      <object_component id="oc-1b0">
         <name>.debug_info</name>
         <load_address>0xd2d2</load_address>
         <run_address>0xd2d2</run_address>
         <size>0x11c</size>
         <input_file_ref idref="fl-20"/>
      </object_component>
      <object_component id="oc-1aa">
         <name>.debug_info</name>
         <load_address>0xd3ee</load_address>
         <run_address>0xd3ee</run_address>
         <size>0x165</size>
         <input_file_ref idref="fl-20"/>
      </object_component>
      <object_component id="oc-15a">
         <name>.debug_info</name>
         <load_address>0xd553</load_address>
         <run_address>0xd553</run_address>
         <size>0x167</size>
         <input_file_ref idref="fl-20"/>
      </object_component>
      <object_component id="oc-263">
         <name>.debug_info</name>
         <load_address>0xd6ba</load_address>
         <run_address>0xd6ba</run_address>
         <size>0x4ab</size>
         <input_file_ref idref="fl-21"/>
      </object_component>
      <object_component id="oc-25d">
         <name>.debug_info</name>
         <load_address>0xdb65</load_address>
         <run_address>0xdb65</run_address>
         <size>0x10d</size>
         <input_file_ref idref="fl-21"/>
      </object_component>
      <object_component id="oc-101">
         <name>.debug_info</name>
         <load_address>0xdc72</load_address>
         <run_address>0xdc72</run_address>
         <size>0x176</size>
         <input_file_ref idref="fl-21"/>
      </object_component>
      <object_component id="oc-265">
         <name>.debug_info</name>
         <load_address>0xdde8</load_address>
         <run_address>0xdde8</run_address>
         <size>0x12f</size>
         <input_file_ref idref="fl-21"/>
      </object_component>
      <object_component id="oc-26b">
         <name>.debug_info</name>
         <load_address>0xdf17</load_address>
         <run_address>0xdf17</run_address>
         <size>0x12f</size>
         <input_file_ref idref="fl-21"/>
      </object_component>
      <object_component id="oc-107">
         <name>.debug_info</name>
         <load_address>0xe046</load_address>
         <run_address>0xe046</run_address>
         <size>0x181</size>
         <input_file_ref idref="fl-21"/>
      </object_component>
      <object_component id="oc-277">
         <name>.debug_info</name>
         <load_address>0xe1c7</load_address>
         <run_address>0xe1c7</run_address>
         <size>0x1f5</size>
         <input_file_ref idref="fl-21"/>
      </object_component>
      <object_component id="oc-27d">
         <name>.debug_info</name>
         <load_address>0xe3bc</load_address>
         <run_address>0xe3bc</run_address>
         <size>0x1f5</size>
         <input_file_ref idref="fl-21"/>
      </object_component>
      <object_component id="oc-113">
         <name>.debug_info</name>
         <load_address>0xe5b1</load_address>
         <run_address>0xe5b1</run_address>
         <size>0x24e</size>
         <input_file_ref idref="fl-21"/>
      </object_component>
      <object_component id="oc-287">
         <name>.debug_info</name>
         <load_address>0xe7ff</load_address>
         <run_address>0xe7ff</run_address>
         <size>0x3f4</size>
         <input_file_ref idref="fl-22"/>
      </object_component>
      <object_component id="oc-11e">
         <name>.debug_info</name>
         <load_address>0xebf3</load_address>
         <run_address>0xebf3</run_address>
         <size>0x122</size>
         <input_file_ref idref="fl-22"/>
      </object_component>
      <object_component id="oc-124">
         <name>.debug_info</name>
         <load_address>0xed15</load_address>
         <run_address>0xed15</run_address>
         <size>0xfe</size>
         <input_file_ref idref="fl-22"/>
      </object_component>
      <object_component id="oc-12a">
         <name>.debug_info</name>
         <load_address>0xee13</load_address>
         <run_address>0xee13</run_address>
         <size>0x104</size>
         <input_file_ref idref="fl-22"/>
      </object_component>
      <object_component id="oc-144">
         <name>.debug_info</name>
         <load_address>0xef17</load_address>
         <run_address>0xef17</run_address>
         <size>0x100</size>
         <input_file_ref idref="fl-22"/>
      </object_component>
      <object_component id="oc-14a">
         <name>.debug_info</name>
         <load_address>0xf017</load_address>
         <run_address>0xf017</run_address>
         <size>0x106</size>
         <input_file_ref idref="fl-22"/>
      </object_component>
      <object_component id="oc-2c4">
         <name>.debug_info</name>
         <load_address>0xf11d</load_address>
         <run_address>0xf11d</run_address>
         <size>0x4ef</size>
         <input_file_ref idref="fl-23"/>
      </object_component>
      <object_component id="oc-1c2">
         <name>.debug_info</name>
         <load_address>0xf60c</load_address>
         <run_address>0xf60c</run_address>
         <size>0x15e</size>
         <input_file_ref idref="fl-23"/>
      </object_component>
      <object_component id="oc-2c1">
         <name>.debug_info</name>
         <load_address>0xf76a</load_address>
         <run_address>0xf76a</run_address>
         <size>0x1a9</size>
         <input_file_ref idref="fl-23"/>
      </object_component>
      <object_component id="oc-1bc">
         <name>.debug_info</name>
         <load_address>0xf913</load_address>
         <run_address>0xf913</run_address>
         <size>0x182</size>
         <input_file_ref idref="fl-23"/>
      </object_component>
      <object_component id="oc-362">
         <name>.debug_info</name>
         <load_address>0xfa95</load_address>
         <run_address>0xfa95</run_address>
         <size>0x492</size>
         <input_file_ref idref="fl-24"/>
      </object_component>
      <object_component id="oc-30c">
         <name>.debug_info</name>
         <load_address>0xff27</load_address>
         <run_address>0xff27</run_address>
         <size>0x17b</size>
         <input_file_ref idref="fl-24"/>
      </object_component>
      <object_component id="oc-304">
         <name>.debug_info</name>
         <load_address>0x100a2</load_address>
         <run_address>0x100a2</run_address>
         <size>0x16e</size>
         <input_file_ref idref="fl-24"/>
      </object_component>
      <object_component id="oc-357">
         <name>.debug_info</name>
         <load_address>0x10210</load_address>
         <run_address>0x10210</run_address>
         <size>0x162</size>
         <input_file_ref idref="fl-24"/>
      </object_component>
      <object_component id="oc-35c">
         <name>.debug_info</name>
         <load_address>0x10372</load_address>
         <run_address>0x10372</run_address>
         <size>0x13b</size>
         <input_file_ref idref="fl-24"/>
      </object_component>
      <object_component id="oc-2b7">
         <name>.debug_info</name>
         <load_address>0x104ad</load_address>
         <run_address>0x104ad</run_address>
         <size>0xe1</size>
         <input_file_ref idref="fl-25"/>
      </object_component>
      <object_component id="oc-25">
         <name>.debug_info</name>
         <load_address>0x1058e</load_address>
         <run_address>0x1058e</run_address>
         <size>0x134</size>
         <input_file_ref idref="fl-147"/>
      </object_component>
      <object_component id="oc-ef">
         <name>.debug_info</name>
         <load_address>0x106c2</load_address>
         <run_address>0x106c2</run_address>
         <size>0x172</size>
         <input_file_ref idref="fl-14b"/>
      </object_component>
      <object_component id="oc-ec">
         <name>.debug_info</name>
         <load_address>0x10834</load_address>
         <run_address>0x10834</run_address>
         <size>0x117</size>
         <input_file_ref idref="fl-14b"/>
      </object_component>
      <object_component id="oc-5c">
         <name>.debug_info</name>
         <load_address>0x1094b</load_address>
         <run_address>0x1094b</run_address>
         <size>0x1ee</size>
         <input_file_ref idref="fl-14b"/>
      </object_component>
      <object_component id="oc-2e">
         <name>.debug_info</name>
         <load_address>0x10b39</load_address>
         <run_address>0x10b39</run_address>
         <size>0xf6</size>
         <input_file_ref idref="fl-14c"/>
      </object_component>
      <object_component id="oc-41">
         <name>.debug_info</name>
         <load_address>0x10c2f</load_address>
         <run_address>0x10c2f</run_address>
         <size>0x124</size>
         <input_file_ref idref="fl-14d"/>
      </object_component>
      <object_component id="oc-22c">
         <name>.debug_info</name>
         <load_address>0x10d53</load_address>
         <run_address>0x10d53</run_address>
         <size>0x11f</size>
         <input_file_ref idref="fl-150"/>
      </object_component>
      <object_component id="oc-e7">
         <name>.debug_info</name>
         <load_address>0x10e72</load_address>
         <run_address>0x10e72</run_address>
         <size>0x147</size>
         <input_file_ref idref="fl-152"/>
      </object_component>
      <object_component id="oc-53">
         <name>.debug_info</name>
         <load_address>0x10fb9</load_address>
         <run_address>0x10fb9</run_address>
         <size>0x148</size>
         <input_file_ref idref="fl-152"/>
      </object_component>
      <object_component id="oc-243">
         <name>.debug_info</name>
         <load_address>0x11101</load_address>
         <run_address>0x11101</run_address>
         <size>0x5e</size>
         <input_file_ref idref="fl-152"/>
      </object_component>
      <object_component id="oc-e0">
         <name>.debug_info</name>
         <load_address>0x1115f</load_address>
         <run_address>0x1115f</run_address>
         <size>0x29e</size>
         <input_file_ref idref="fl-153"/>
      </object_component>
      <object_component id="oc-4d">
         <name>.debug_info</name>
         <load_address>0x113fd</load_address>
         <run_address>0x113fd</run_address>
         <size>0x158</size>
         <input_file_ref idref="fl-153"/>
      </object_component>
      <object_component id="oc-23c">
         <name>.debug_info</name>
         <load_address>0x11555</load_address>
         <run_address>0x11555</run_address>
         <size>0x39</size>
         <input_file_ref idref="fl-153"/>
      </object_component>
      <object_component id="oc-cc">
         <name>.debug_info</name>
         <load_address>0x1158e</load_address>
         <run_address>0x1158e</run_address>
         <size>0xcd</size>
         <input_file_ref idref="fl-153"/>
      </object_component>
      <object_component id="oc-36">
         <name>.debug_info</name>
         <load_address>0x1165b</load_address>
         <run_address>0x1165b</run_address>
         <size>0x15f0</size>
         <input_file_ref idref="fl-156"/>
      </object_component>
      <object_component id="oc-171">
         <name>.debug_info</name>
         <load_address>0x12c4b</load_address>
         <run_address>0x12c4b</run_address>
         <size>0x16f</size>
         <input_file_ref idref="fl-156"/>
      </object_component>
      <object_component id="oc-1d3">
         <name>.debug_info</name>
         <load_address>0x12dba</load_address>
         <run_address>0x12dba</run_address>
         <size>0xf7</size>
         <input_file_ref idref="fl-156"/>
      </object_component>
      <object_component id="oc-119">
         <name>.debug_info</name>
         <load_address>0x12eb1</load_address>
         <run_address>0x12eb1</run_address>
         <size>0x191</size>
         <input_file_ref idref="fl-156"/>
      </object_component>
      <object_component id="oc-fb">
         <name>.debug_info</name>
         <load_address>0x13042</load_address>
         <run_address>0x13042</run_address>
         <size>0xf8</size>
         <input_file_ref idref="fl-156"/>
      </object_component>
      <object_component id="oc-352">
         <name>.debug_info</name>
         <load_address>0x1313a</load_address>
         <run_address>0x1313a</run_address>
         <size>0xf7</size>
         <input_file_ref idref="fl-156"/>
      </object_component>
      <object_component id="oc-255">
         <name>.debug_info</name>
         <load_address>0x13231</load_address>
         <run_address>0x13231</run_address>
         <size>0x104</size>
         <input_file_ref idref="fl-156"/>
      </object_component>
      <object_component id="oc-312">
         <name>.debug_info</name>
         <load_address>0x13335</load_address>
         <run_address>0x13335</run_address>
         <size>0xfa</size>
         <input_file_ref idref="fl-156"/>
      </object_component>
      <object_component id="oc-5f">
         <name>.debug_info</name>
         <load_address>0x1342f</load_address>
         <run_address>0x1342f</run_address>
         <size>0xfe</size>
         <input_file_ref idref="fl-156"/>
      </object_component>
      <object_component id="oc-1b6">
         <name>.debug_info</name>
         <load_address>0x1352d</load_address>
         <run_address>0x1352d</run_address>
         <size>0x1e5</size>
         <input_file_ref idref="fl-156"/>
      </object_component>
      <object_component id="oc-e9">
         <name>.debug_info</name>
         <load_address>0x13712</load_address>
         <run_address>0x13712</run_address>
         <size>0x10f</size>
         <input_file_ref idref="fl-156"/>
      </object_component>
      <object_component id="oc-249">
         <name>.debug_info</name>
         <load_address>0x13821</load_address>
         <run_address>0x13821</run_address>
         <size>0x114</size>
         <input_file_ref idref="fl-156"/>
      </object_component>
      <object_component id="oc-2fd">
         <name>.debug_info</name>
         <load_address>0x13935</load_address>
         <run_address>0x13935</run_address>
         <size>0x3b4</size>
         <input_file_ref idref="fl-156"/>
      </object_component>
      <object_component id="oc-69">
         <name>.debug_info</name>
         <load_address>0x13ce9</load_address>
         <run_address>0x13ce9</run_address>
         <size>0x1283</size>
         <input_file_ref idref="fl-156"/>
      </object_component>
      <object_component id="oc-211">
         <name>.debug_info</name>
         <load_address>0x14f6c</load_address>
         <run_address>0x14f6c</run_address>
         <size>0x3e5</size>
         <input_file_ref idref="fl-156"/>
      </object_component>
      <object_component id="oc-226">
         <name>.debug_info</name>
         <load_address>0x15351</load_address>
         <run_address>0x15351</run_address>
         <size>0x16d</size>
         <input_file_ref idref="fl-156"/>
      </object_component>
      <object_component id="oc-220">
         <name>.debug_info</name>
         <load_address>0x154be</load_address>
         <run_address>0x154be</run_address>
         <size>0x20c</size>
         <input_file_ref idref="fl-156"/>
      </object_component>
      <object_component id="oc-6f">
         <name>.debug_info</name>
         <load_address>0x156ca</load_address>
         <run_address>0x156ca</run_address>
         <size>0x105a</size>
         <input_file_ref idref="fl-156"/>
      </object_component>
      <object_component id="oc-21a">
         <name>.debug_info</name>
         <load_address>0x16724</load_address>
         <run_address>0x16724</run_address>
         <size>0x2de</size>
         <input_file_ref idref="fl-156"/>
      </object_component>
      <object_component id="oc-75">
         <name>.debug_info</name>
         <load_address>0x16a02</load_address>
         <run_address>0x16a02</run_address>
         <size>0x8f9</size>
         <input_file_ref idref="fl-156"/>
      </object_component>
      <object_component id="oc-20b">
         <name>.debug_info</name>
         <load_address>0x172fb</load_address>
         <run_address>0x172fb</run_address>
         <size>0x247</size>
         <input_file_ref idref="fl-156"/>
      </object_component>
      <object_component id="oc-da">
         <name>.debug_info</name>
         <load_address>0x17542</load_address>
         <run_address>0x17542</run_address>
         <size>0x172</size>
         <input_file_ref idref="fl-156"/>
      </object_component>
      <object_component id="oc-47">
         <name>.debug_info</name>
         <load_address>0x176b4</load_address>
         <run_address>0x176b4</run_address>
         <size>0x136</size>
         <input_file_ref idref="fl-156"/>
      </object_component>
      <object_component id="oc-31b">
         <name>.debug_info</name>
         <load_address>0x177ea</load_address>
         <run_address>0x177ea</run_address>
         <size>0x137</size>
         <input_file_ref idref="fl-156"/>
      </object_component>
      <object_component id="oc-1d">
         <name>.debug_info</name>
         <load_address>0x17921</load_address>
         <run_address>0x17921</run_address>
         <size>0x192</size>
         <input_file_ref idref="fl-156"/>
      </object_component>
      <object_component id="oc-3a">
         <name>.debug_info</name>
         <load_address>0x17ab3</load_address>
         <run_address>0x17ab3</run_address>
         <size>0x22d</size>
         <input_file_ref idref="fl-156"/>
      </object_component>
      <object_component id="oc-17">
         <name>.debug_info</name>
         <load_address>0x17ce0</load_address>
         <run_address>0x17ce0</run_address>
         <size>0x197</size>
         <input_file_ref idref="fl-156"/>
      </object_component>
      <object_component id="oc-11">
         <name>.debug_info</name>
         <load_address>0x17e77</load_address>
         <run_address>0x17e77</run_address>
         <size>0x1c1</size>
         <input_file_ref idref="fl-156"/>
      </object_component>
      <object_component id="oc-f4">
         <name>.debug_info</name>
         <load_address>0x18038</load_address>
         <run_address>0x18038</run_address>
         <size>0x29b</size>
         <input_file_ref idref="fl-156"/>
      </object_component>
      <object_component id="oc-1f9">
         <name>.debug_info</name>
         <load_address>0x182d3</load_address>
         <run_address>0x182d3</run_address>
         <size>0x3c5</size>
         <input_file_ref idref="fl-156"/>
      </object_component>
      <object_component id="oc-1ff">
         <name>.debug_info</name>
         <load_address>0x18698</load_address>
         <run_address>0x18698</run_address>
         <size>0x1c0</size>
         <input_file_ref idref="fl-156"/>
      </object_component>
      <object_component id="oc-9a">
         <name>.debug_info</name>
         <load_address>0x18858</load_address>
         <run_address>0x18858</run_address>
         <size>0x4b8</size>
         <input_file_ref idref="fl-156"/>
      </object_component>
      <object_component id="oc-160">
         <name>.debug_info</name>
         <load_address>0x18d10</load_address>
         <run_address>0x18d10</run_address>
         <size>0x48</size>
         <input_file_ref idref="fl-156"/>
      </object_component>
      <object_component id="oc-165">
         <name>.debug_info</name>
         <load_address>0x18d58</load_address>
         <run_address>0x18d58</run_address>
         <size>0x63</size>
         <input_file_ref idref="fl-156"/>
      </object_component>
      <object_component id="oc-90">
         <name>.debug_info</name>
         <load_address>0x18dbb</load_address>
         <run_address>0x18dbb</run_address>
         <size>0x4218</size>
         <input_file_ref idref="fl-156"/>
      </object_component>
      <object_component id="oc-95">
         <name>.debug_info</name>
         <load_address>0x1cfd3</load_address>
         <run_address>0x1cfd3</run_address>
         <size>0x5e</size>
         <input_file_ref idref="fl-156"/>
      </object_component>
      <object_component id="oc-a9">
         <name>.debug_info</name>
         <load_address>0x1d031</load_address>
         <run_address>0x1d031</run_address>
         <size>0x2c</size>
         <input_file_ref idref="fl-156"/>
      </object_component>
      <object_component id="oc-b3">
         <name>.debug_info</name>
         <load_address>0x1d05d</load_address>
         <run_address>0x1d05d</run_address>
         <size>0xbb</size>
         <input_file_ref idref="fl-156"/>
      </object_component>
      <object_component id="oc-b8">
         <name>.debug_info</name>
         <load_address>0x1d118</load_address>
         <run_address>0x1d118</run_address>
         <size>0x2c</size>
         <input_file_ref idref="fl-156"/>
      </object_component>
      <object_component id="oc-31">
         <name>.debug_info</name>
         <load_address>0x1d144</load_address>
         <run_address>0x1d144</run_address>
         <size>0x46</size>
         <input_file_ref idref="fl-156"/>
      </object_component>
      <object_component id="oc-84">
         <name>.debug_info</name>
         <load_address>0x1d18a</load_address>
         <run_address>0x1d18a</run_address>
         <size>0x2c</size>
         <input_file_ref idref="fl-156"/>
      </object_component>
      <object_component id="oc-bd">
         <name>.debug_info</name>
         <load_address>0x1d1b6</load_address>
         <run_address>0x1d1b6</run_address>
         <size>0x2c</size>
         <input_file_ref idref="fl-156"/>
      </object_component>
      <object_component id="oc-396">
         <name>.debug_info</name>
         <load_address>0x1d1e2</load_address>
         <run_address>0x1d1e2</run_address>
         <size>0xd6</size>
      </object_component>
      <object_component id="oc-322">
         <name>.debug_line</name>
         <load_address>0x0</load_address>
         <run_address>0x0</run_address>
         <size>0xc7</size>
         <input_file_ref idref="fl-6"/>
      </object_component>
      <object_component id="oc-1f6">
         <name>.debug_line</name>
         <load_address>0xc7</load_address>
         <run_address>0xc7</run_address>
         <size>0x74</size>
         <input_file_ref idref="fl-6"/>
      </object_component>
      <object_component id="oc-236">
         <name>.debug_line</name>
         <load_address>0x13b</load_address>
         <run_address>0x13b</run_address>
         <size>0x5d</size>
         <input_file_ref idref="fl-6"/>
      </object_component>
      <object_component id="oc-a2">
         <name>.debug_line</name>
         <load_address>0x198</load_address>
         <run_address>0x198</run_address>
         <size>0x60</size>
         <input_file_ref idref="fl-6"/>
      </object_component>
      <object_component id="oc-33d">
         <name>.debug_line</name>
         <load_address>0x1f8</load_address>
         <run_address>0x1f8</run_address>
         <size>0x70</size>
         <input_file_ref idref="fl-6"/>
      </object_component>
      <object_component id="oc-a7">
         <name>.debug_line</name>
         <load_address>0x268</load_address>
         <run_address>0x268</run_address>
         <size>0x74</size>
         <input_file_ref idref="fl-6"/>
      </object_component>
      <object_component id="oc-8e">
         <name>.debug_line</name>
         <load_address>0x2dc</load_address>
         <run_address>0x2dc</run_address>
         <size>0x20</size>
         <input_file_ref idref="fl-6"/>
      </object_component>
      <object_component id="oc-b1">
         <name>.debug_line</name>
         <load_address>0x2fc</load_address>
         <run_address>0x2fc</run_address>
         <size>0x6b</size>
         <input_file_ref idref="fl-6"/>
      </object_component>
      <object_component id="oc-c5">
         <name>.debug_line</name>
         <load_address>0x367</load_address>
         <run_address>0x367</run_address>
         <size>0x70</size>
         <input_file_ref idref="fl-6"/>
      </object_component>
      <object_component id="oc-ca">
         <name>.debug_line</name>
         <load_address>0x3d7</load_address>
         <run_address>0x3d7</run_address>
         <size>0x71</size>
         <input_file_ref idref="fl-6"/>
      </object_component>
      <object_component id="oc-2d5">
         <name>.debug_line</name>
         <load_address>0x448</load_address>
         <run_address>0x448</run_address>
         <size>0x217</size>
         <input_file_ref idref="fl-8"/>
      </object_component>
      <object_component id="oc-367">
         <name>.debug_line</name>
         <load_address>0x65f</load_address>
         <run_address>0x65f</run_address>
         <size>0x2d</size>
         <input_file_ref idref="fl-8"/>
      </object_component>
      <object_component id="oc-310">
         <name>.debug_line</name>
         <load_address>0x68c</load_address>
         <run_address>0x68c</run_address>
         <size>0x2d</size>
         <input_file_ref idref="fl-8"/>
      </object_component>
      <object_component id="oc-25b">
         <name>.debug_line</name>
         <load_address>0x6b9</load_address>
         <run_address>0x6b9</run_address>
         <size>0x2d</size>
         <input_file_ref idref="fl-8"/>
      </object_component>
      <object_component id="oc-7e">
         <name>.debug_line</name>
         <load_address>0x6e6</load_address>
         <run_address>0x6e6</run_address>
         <size>0x221</size>
         <input_file_ref idref="fl-8"/>
      </object_component>
      <object_component id="oc-2de">
         <name>.debug_line</name>
         <load_address>0x907</load_address>
         <run_address>0x907</run_address>
         <size>0x36</size>
         <input_file_ref idref="fl-8"/>
      </object_component>
      <object_component id="oc-2d9">
         <name>.debug_line</name>
         <load_address>0x93d</load_address>
         <run_address>0x93d</run_address>
         <size>0x31</size>
         <input_file_ref idref="fl-8"/>
      </object_component>
      <object_component id="oc-2e3">
         <name>.debug_line</name>
         <load_address>0x96e</load_address>
         <run_address>0x96e</run_address>
         <size>0x35</size>
         <input_file_ref idref="fl-8"/>
      </object_component>
      <object_component id="oc-d4">
         <name>.debug_line</name>
         <load_address>0x9a3</load_address>
         <run_address>0x9a3</run_address>
         <size>0x2d</size>
         <input_file_ref idref="fl-8"/>
      </object_component>
      <object_component id="oc-232">
         <name>.debug_line</name>
         <load_address>0x9d0</load_address>
         <run_address>0x9d0</run_address>
         <size>0x84</size>
         <input_file_ref idref="fl-b"/>
      </object_component>
      <object_component id="oc-81">
         <name>.debug_line</name>
         <load_address>0xa54</load_address>
         <run_address>0xa54</run_address>
         <size>0x40</size>
         <input_file_ref idref="fl-b"/>
      </object_component>
      <object_component id="oc-66">
         <name>.debug_line</name>
         <load_address>0xa94</load_address>
         <run_address>0xa94</run_address>
         <size>0x9d</size>
         <input_file_ref idref="fl-b"/>
      </object_component>
      <object_component id="oc-e5">
         <name>.debug_line</name>
         <load_address>0xb31</load_address>
         <run_address>0xb31</run_address>
         <size>0x20</size>
         <input_file_ref idref="fl-b"/>
      </object_component>
      <object_component id="oc-345">
         <name>.debug_line</name>
         <load_address>0xb51</load_address>
         <run_address>0xb51</run_address>
         <size>0x31</size>
         <input_file_ref idref="fl-1d"/>
      </object_component>
      <object_component id="oc-348">
         <name>.debug_line</name>
         <load_address>0xb82</load_address>
         <run_address>0xb82</run_address>
         <size>0x2b</size>
         <input_file_ref idref="fl-1d"/>
      </object_component>
      <object_component id="oc-183">
         <name>.debug_line</name>
         <load_address>0xbad</load_address>
         <run_address>0xbad</run_address>
         <size>0x4d</size>
         <input_file_ref idref="fl-1d"/>
      </object_component>
      <object_component id="oc-29e">
         <name>.debug_line</name>
         <load_address>0xbfa</load_address>
         <run_address>0xbfa</run_address>
         <size>0x40</size>
         <input_file_ref idref="fl-1d"/>
      </object_component>
      <object_component id="oc-1a1">
         <name>.debug_line</name>
         <load_address>0xc3a</load_address>
         <run_address>0xc3a</run_address>
         <size>0x40</size>
         <input_file_ref idref="fl-1d"/>
      </object_component>
      <object_component id="oc-18f">
         <name>.debug_line</name>
         <load_address>0xc7a</load_address>
         <run_address>0xc7a</run_address>
         <size>0x4d</size>
         <input_file_ref idref="fl-1d"/>
      </object_component>
      <object_component id="oc-2aa">
         <name>.debug_line</name>
         <load_address>0xcc7</load_address>
         <run_address>0xcc7</run_address>
         <size>0x62</size>
         <input_file_ref idref="fl-1d"/>
      </object_component>
      <object_component id="oc-177">
         <name>.debug_line</name>
         <load_address>0xd29</load_address>
         <run_address>0xd29</run_address>
         <size>0x4c</size>
         <input_file_ref idref="fl-1d"/>
      </object_component>
      <object_component id="oc-189">
         <name>.debug_line</name>
         <load_address>0xd75</load_address>
         <run_address>0xd75</run_address>
         <size>0x40</size>
         <input_file_ref idref="fl-1d"/>
      </object_component>
      <object_component id="oc-1a7">
         <name>.debug_line</name>
         <load_address>0xdb5</load_address>
         <run_address>0xdb5</run_address>
         <size>0x41</size>
         <input_file_ref idref="fl-1d"/>
      </object_component>
      <object_component id="oc-17d">
         <name>.debug_line</name>
         <load_address>0xdf6</load_address>
         <run_address>0xdf6</run_address>
         <size>0x45</size>
         <input_file_ref idref="fl-1d"/>
      </object_component>
      <object_component id="oc-1ce">
         <name>.debug_line</name>
         <load_address>0xe3b</load_address>
         <run_address>0xe3b</run_address>
         <size>0x47</size>
         <input_file_ref idref="fl-1d"/>
      </object_component>
      <object_component id="oc-1c8">
         <name>.debug_line</name>
         <load_address>0xe82</load_address>
         <run_address>0xe82</run_address>
         <size>0x41</size>
         <input_file_ref idref="fl-1d"/>
      </object_component>
      <object_component id="oc-195">
[...]
         <value>0x3699</value>
         <object_component_ref idref="oc-14d"/>
      </symbol>
      <symbol id="sm-275">
         <name>GPIO_setOutputHighOnPin</name>
         <value>0x3795</value>
         <object_component_ref idref="oc-10c"/>
      </symbol>
      <symbol id="sm-276">
         <name>GPIO_setAsInputPinWithPullDownResistor</name>
         <value>0x343d</value>
         <object_component_ref idref="oc-2e5"/>
      </symbol>
      <symbol id="sm-277">
         <name>GPIO_setAsInputPinWithPullUpResistor</name>
         <value>0x346d</value>
         <object_component_ref idref="oc-2f1"/>
      </symbol>
      <symbol id="sm-278">
         <name>GPIO_getInterruptStatus</name>
         <value>0x3809</value>
         <object_component_ref idref="oc-2cb"/>
      </symbol>
      <symbol id="sm-279">
         <name>GPIO_enableInterrupt</name>
         <value>0x3781</value>
         <object_component_ref idref="oc-1e8"/>
      </symbol>
      <symbol id="sm-27a">
         <name>GPIO_getEnabledInterruptStatus</name>
         <value>0x3315</value>
         <object_component_ref idref="oc-1dc"/>
      </symbol>
      <symbol id="sm-27b">
         <name>GPIO_setAsOutputPin</name>
         <value>0x356d</value>
         <object_component_ref idref="oc-133"/>
      </symbol>
      <symbol id="sm-27c">
         <name>GPIO_interruptEdgeSelect</name>
         <value>0x365d</value>
         <object_component_ref idref="oc-2eb"/>
      </symbol>
      <symbol id="sm-27d">
         <name>GPIO_setOutputLowOnPin</name>
         <value>0x3711</value>
         <object_component_ref idref="oc-13a"/>
      </symbol>
      <symbol id="sm-27e">
         <name>GPIO_clearInterruptFlag</name>
         <value>0x36e1</value>
         <object_component_ref idref="oc-1e2"/>
      </symbol>
      <symbol id="sm-27f">
         <name>GPIO_setAsPeripheralModuleFunctionOutputPin</name>
         <value>0x3125</value>
         <object_component_ref idref="oc-16a"/>
      </symbol>
      <symbol id="sm-280">
         <name>GPIO_getInputPinValue</name>
         <value>0x36f9</value>
         <object_component_ref idref="oc-204"/>
      </symbol>
      <symbol id="sm-281">
         <name>GPIO_setAsPeripheralModuleFunctionInputPin</name>
         <value>0x31bd</value>
         <object_component_ref idref="oc-12d"/>
      </symbol>
      <symbol id="sm-2d3">
         <name>Interrupt_disableInterrupt</name>
         <value>0x300d</value>
         <object_component_ref idref="oc-159"/>
      </symbol>
      <symbol id="sm-2d4">
         <name>Interrupt_unpendInterrupt</name>
         <value>0x3249</value>
         <object_component_ref idref="oc-1d5"/>
      </symbol>
      <symbol id="sm-2d5">
         <name>Interrupt_enableMaster</name>
         <value>0x3819</value>
         <object_component_ref idref="oc-1af"/>
      </symbol>
      <symbol id="sm-2d6">
         <name>Interrupt_enableInterrupt</name>
         <value>0x3071</value>
         <object_component_ref idref="oc-1a9"/>
      </symbol>
      <symbol id="sm-326">
         <name>EUSCI_B_SPI_masterChangeClock</name>
         <value>0x36c9</value>
         <object_component_ref idref="oc-276"/>
      </symbol>
      <symbol id="sm-327">
         <name>EUSCI_B_SPI_enable</name>
         <value>0x384f</value>
         <object_component_ref idref="oc-264"/>
      </symbol>
      <symbol id="sm-328">
         <name>SPI_enableModule</name>
         <value>0x367d</value>
         <object_component_ref idref="oc-106"/>
      </symbol>
      <symbol id="sm-329">
         <name>SPI_changeMasterClock</name>
         <value>0x3521</value>
         <object_component_ref idref="oc-112"/>
      </symbol>
      <symbol id="sm-32a">
         <name>EUSCI_A_SPI_enable</name>
         <value>0x3843</value>
         <object_component_ref idref="oc-26a"/>
      </symbol>
      <symbol id="sm-32b">
         <name>SPI_initMaster</name>
         <value>0x2dc7</value>
         <object_component_ref idref="oc-100"/>
      </symbol>
      <symbol id="sm-32c">
         <name>EUSCI_A_SPI_masterChangeClock</name>
         <value>0x36b1</value>
         <object_component_ref idref="oc-27c"/>
      </symbol>
      <symbol id="sm-363">
         <name>SysTick_setPeriod</name>
         <value>0x385d</value>
         <object_component_ref idref="oc-11b"/>
      </symbol>
      <symbol id="sm-364">
         <name>SysTick_disableModule</name>
         <value>0x37bd</value>
         <object_component_ref idref="oc-141"/>
      </symbol>
      <symbol id="sm-365">
         <name>SysTick_disableInterrupt</name>
         <value>0x37a9</value>
         <object_component_ref idref="oc-147"/>
      </symbol>
      <symbol id="sm-366">
         <name>SysTick_enableInterrupt</name>
         <value>0x37d1</value>
         <object_component_ref idref="oc-127"/>
      </symbol>
      <symbol id="sm-367">
         <name>SysTick_enableModule</name>
         <value>0x37e5</value>
         <object_component_ref idref="oc-121"/>
      </symbol>
      <symbol id="sm-393">
         <name>Timer_A_initCompare</name>
         <value>0x3547</value>
         <object_component_ref idref="oc-1be"/>
      </symbol>
      <symbol id="sm-394">
         <name>Timer_A_configureUpMode</name>
         <value>0x328d</value>
         <object_component_ref idref="oc-1b8"/>
      </symbol>
      <symbol id="sm-3bd">
         <name>UART_enableInterrupt</name>
         <value>0x3741</value>
         <object_component_ref idref="oc-354"/>
      </symbol>
      <symbol id="sm-3be">
         <name>UART_disableModule</name>
         <value>0x3869</value>
         <object_component_ref idref="oc-35a"/>
      </symbol>
      <symbol id="sm-3bf">
         <name>UART_transmitData</name>
         <value>0x3591</value>
         <object_component_ref idref="oc-308"/>
      </symbol>
      <symbol id="sm-3c0">
         <name>UART_getInterruptStatus</name>
         <value>0x1883</value>
         <object_component_ref idref="oc-302"/>
      </symbol>
      <symbol id="sm-3ca">
         <name>CPU_cpsie</name>
         <value>0x3837</value>
         <object_component_ref idref="oc-2b4"/>
      </symbol>
      <symbol id="sm-3dc">
         <name>_c_int00</name>
         <value>0x30d5</value>
         <object_component_ref idref="oc-22"/>
      </symbol>
      <symbol id="sm-3dd">
         <name>__stack</name>
         <value>0x2000fe00</value>
         <object_component_ref idref="oc-2a"/>
      </symbol>
      <symbol id="sm-3fc">
         <name>C$$EXIT</name>
         <value>0x32d1</value>
         <object_component_ref idref="oc-58"/>
      </symbol>
      <symbol id="sm-3fd">
         <name>abort</name>
         <value>0x32d5</value>
         <object_component_ref idref="oc-58"/>
      </symbol>
      <symbol id="sm-3fe">
         <name>exit</name>
         <value>0x32dd</value>
         <object_component_ref idref="oc-58"/>
      </symbol>
      <symbol id="sm-3ff">
         <name>__TI_dtors_ptr</name>
         <value>0x20006314</value>
         <object_component_ref idref="oc-eb"/>
      </symbol>
      <symbol id="sm-400">
         <name>__TI_cleanup_ptr</name>
         <value>0x20006310</value>
         <object_component_ref idref="oc-eb"/>
      </symbol>
      <symbol id="sm-41b">
         <name>memcpy</name>
         <value>0x2c05</value>
         <object_component_ref idref="oc-2b"/>
      </symbol>
      <symbol id="sm-41c">
         <name>__aeabi_memcpy</name>
         <value>0x2c05</value>
         <object_component_ref idref="oc-2b"/>
      </symbol>
      <symbol id="sm-41d">
         <name>__aeabi_memcpy8</name>
         <value>0x2c05</value>
         <object_component_ref idref="oc-2b"/>
      </symbol>
      <symbol id="sm-41e">
         <name>__aeabi_memcpy4</name>
         <value>0x2c05</value>
         <object_component_ref idref="oc-2b"/>
      </symbol>
      <symbol id="sm-42d">
         <name>__aeabi_memset</name>
         <value>0x2e51</value>
         <object_component_ref idref="oc-40"/>
      </symbol>
      <symbol id="sm-42e">
         <name>memset</name>
         <value>0x2e57</value>
         <object_component_ref idref="oc-40"/>
      </symbol>
      <symbol id="sm-42f">
         <name>__aeabi_memset8</name>
         <value>0x2e51</value>
         <object_component_ref idref="oc-40"/>
      </symbol>
      <symbol id="sm-430">
         <name>__aeabi_memset4</name>
         <value>0x2e51</value>
         <object_component_ref idref="oc-40"/>
      </symbol>
      <symbol id="sm-431">
         <name>__aeabi_memclr8</name>
         <value>0x2e4f</value>
         <object_component_ref idref="oc-40"/>
      </symbol>
      <symbol id="sm-432">
         <name>__aeabi_memclr4</name>
         <value>0x2e4f</value>
         <object_component_ref idref="oc-40"/>
      </symbol>
      <symbol id="sm-433">
         <name>__aeabi_memclr</name>
         <value>0x2e4f</value>
         <object_component_ref idref="oc-40"/>
      </symbol>
      <symbol id="sm-445">
         <name>__aeabi_uidivmod</name>
         <value>0x3355</value>
         <object_component_ref idref="oc-22b"/>
      </symbol>
      <symbol id="sm-446">
         <name>__aeabi_uidiv</name>
         <value>0x3355</value>
         <object_component_ref idref="oc-22b"/>
      </symbol>
      <symbol id="sm-45b">
         <name>_args_main</name>
         <value>0x3729</value>
         <object_component_ref idref="oc-52"/>
      </symbol>
      <symbol id="sm-481">
         <name>__TI_auto_init</name>
         <value>0x2f35</value>
         <object_component_ref idref="oc-4c"/>
      </symbol>
      <symbol id="sm-768">
         <name>DMA_FRAM_stop</name>
         <value>0x2000620a</value>
      </symbol>
      <symbol id="sm-769">
         <name>EMU_configure</name>
         <value>0x2ab9</value>
         <object_component_ref idref="oc-1f8"/>
      </symbol>
      <symbol id="sm-76a">
         <name>g_psFResultStrings</name>
         <value>0x20006218</value>
         <object_component_ref idref="oc-118"/>
      </symbol>
      <symbol id="sm-76b">
         <name>__TI_decompress_rle24</name>
         <value>0x2243</value>
         <object_component_ref idref="oc-16"/>
      </symbol>
      <symbol id="sm-76c">
         <name>mask_base</name>
         <value>0x200062f0</value>
         <object_component_ref idref="oc-170"/>
      </symbol>
      <symbol id="sm-76d">
         <name>Camera_pulseMulti</name>
         <value>0x1059</value>
         <object_component_ref idref="oc-6e"/>
      </symbol>
      <symbol id="sm-76e">
         <name>SysTick_ISR</name>
         <value>0x1019</value>
         <object_component_ref idref="oc-68"/>
      </symbol>
      <symbol id="sm-76f">
         <name>task_serial_flush</name>
         <value>0x2521</value>
         <object_component_ref idref="oc-210"/>
      </symbol>
      <symbol id="sm-770">
         <name>pixel_counter</name>
         <value>0x200062f4</value>
         <object_component_ref idref="oc-170"/>
      </symbol>
      <symbol id="sm-771">
         <name>EMU_init</name>
         <value>0x2a81</value>
         <object_component_ref idref="oc-1f8"/>
      </symbol>
      <symbol id="sm-772">
         <name>Camera_selectRegister</name>
         <value>0x1081</value>
         <object_component_ref idref="oc-6e"/>
      </symbol>
      <symbol id="sm-773">
         <name>Camera_disable</name>
         <value>0x1429</value>
         <object_component_ref idref="oc-6e"/>
      </symbol>
      <symbol id="sm-774">
         <name>EXTFRAM_powerOff</name>
         <value>0x1b11</value>
         <object_component_ref idref="oc-74"/>
      </symbol>
      <symbol id="sm-775">
         <name>copy_in</name>
         <value>0x3171</value>
         <object_component_ref idref="oc-d9"/>
      </symbol>
      <symbol id="sm-776">
         <name>EXTFRAM_initGPIO</name>
         <value>0x1b59</value>
         <object_component_ref idref="oc-74"/>
      </symbol>
      <symbol id="sm-777">
         <name>SDcard_initGPIO</name>
         <value>0xfc1</value>
         <object_component_ref idref="oc-68"/>
      </symbol>
      <symbol id="sm-778">
         <name>task_sdcard_write</name>
         <value>0x3409</value>
         <object_component_ref idref="oc-225"/>
      </symbol>
      <symbol id="sm-779">
         <name>Camera_disconnectPWM</name>
         <value>0x13e1</value>
         <object_component_ref idref="oc-6e"/>
      </symbol>
      <symbol id="sm-77a">
         <name>_nop</name>
         <value>0x103f</value>
         <object_component_ref idref="oc-248"/>
      </symbol>
      <symbol id="sm-77b">
         <name>ChangeClock</name>
         <value>0x14d1</value>
         <object_component_ref idref="oc-1fe"/>
      </symbol>
      <symbol id="sm-77c">
         <name>Camera_pulse</name>
         <value>0x1041</value>
         <object_component_ref idref="oc-6e"/>
      </symbol>
      <symbol id="sm-77d">
         <name>SDcard_initSPI</name>
         <value>0x141</value>
         <object_component_ref idref="oc-68"/>
      </symbol>
      <symbol id="sm-77e">
         <name>SystemInit</name>
         <value>0x2249</value>
         <object_component_ref idref="oc-f3"/>
      </symbol>
      <symbol id="sm-77f">
         <name>__aeabi_idiv0</name>
         <value>0x1f45</value>
         <object_component_ref idref="oc-31a"/>
      </symbol>
      <symbol id="sm-780">
         <name>__TI_zero_init</name>
         <value>0x3875</value>
         <object_component_ref idref="oc-1c"/>
      </symbol>
      <symbol id="sm-781">
         <name>disk_timerproc</name>
         <value>0x1019</value>
         <object_component_ref idref="oc-68"/>
      </symbol>
      <symbol id="sm-782">
         <name>task_camera</name>
         <value>0x2d39</value>
         <object_component_ref idref="oc-219"/>
      </symbol>
      <symbol id="sm-783">
         <name>camera_busy</name>
         <value>0x200062e8</value>
         <object_component_ref idref="oc-170"/>
      </symbol>
      <symbol id="sm-784">
         <name>disk_read</name>
         <value>0x839</value>
         <object_component_ref idref="oc-68"/>
      </symbol>
      <symbol id="sm-785">
         <name>Camera_turnPowerOn</name>
         <value>0x10d9</value>
         <object_component_ref idref="oc-6e"/>
      </symbol>
      <symbol id="sm-786">
         <name>_lock</name>
         <value>0x20006308</value>
         <object_component_ref idref="oc-e8"/>
      </symbol>
      <symbol id="sm-787">
         <name>DMA_INT2_SD_IRQHandler</name>
         <value>0xfd9</value>
         <object_component_ref idref="oc-68"/>
      </symbol>
      <symbol id="sm-788">
         <name>DMA_SD_stop</name>
         <value>0x20006210</value>
         <object_component_ref idref="oc-118"/>
      </symbol>
      <symbol id="sm-789">
         <name>SDcard_enable</name>
         <value>0x271</value>
         <object_component_ref idref="oc-68"/>
      </symbol>
      <symbol id="sm-78a">
         <name>Camera_startAquire</name>
         <value>0x1111</value>
         <object_component_ref idref="oc-6e"/>
      </symbol>
      <symbol id="sm-78b">
         <name>EXTFRAM_init</name>
         <value>0x1b71</value>
         <object_component_ref idref="oc-74"/>
      </symbol>
      <symbol id="sm-78c">
         <name>_unlock</name>
         <value>0x2000630c</value>
         <object_component_ref idref="oc-e8"/>
      </symbol>
      <symbol id="sm-78d">
         <name>EXTFRAM_write</name>
         <value>0x18b9</value>
         <object_component_ref idref="oc-74"/>
      </symbol>
      <symbol id="sm-78e">
         <name>Serial_sendChar</name>
         <value>0x29e9</value>
         <object_component_ref idref="oc-2fc"/>
      </symbol>
      <symbol id="sm-78f">
         <name>Camera_writeRegister</name>
         <value>0x10b1</value>
         <object_component_ref idref="oc-6e"/>
      </symbol>
      <symbol id="sm-790">
         <name>SPI_transceive</name>
         <value>0x1889</value>
         <object_component_ref idref="oc-74"/>
      </symbol>
      <symbol id="sm-791">
         <name>Serial_disable</name>
         <value>0x2a29</value>
         <object_component_ref idref="oc-2fc"/>
      </symbol>
      <symbol id="sm-792">
         <name>DMA_INT1_FRAM_IRQHandler</name>
         <value>0x1bc9</value>
         <object_component_ref idref="oc-74"/>
      </symbol>
      <symbol id="sm-793">
         <name>Camera_initGPIO</name>
         <value>0x11d9</value>
         <object_component_ref idref="oc-6e"/>
      </symbol>
      <symbol id="sm-794">
         <name>disk_initialize</name>
         <value>0x549</value>
         <object_component_ref idref="oc-68"/>
      </symbol>
      <symbol id="sm-795">
         <name>camera_fpn</name>
         <value>0x3880</value>
         <object_component_ref idref="oc-311"/>
      </symbol>
      <symbol id="sm-796">
         <name>SystemCoreClockUpdate</name>
         <value>0x22b9</value>
         <object_component_ref idref="oc-f3"/>
      </symbol>
      <symbol id="sm-797">
         <name>main_func_sp</name>
         <value>0x20006318</value>
         <object_component_ref idref="oc-5e"/>
      </symbol>
      <symbol id="sm-798">
         <name>SystemCoreClock</name>
         <value>0x2000631c</value>
         <object_component_ref idref="oc-254"/>
      </symbol>
      <symbol id="sm-799">
         <name>Camera_ADC14_ISR</name>
         <value>0x1461</value>
         <object_component_ref idref="oc-6e"/>
      </symbol>
      <symbol id="sm-79a">
         <name>disk_write</name>
         <value>0xd51</value>
         <object_component_ref idref="oc-68"/>
      </symbol>
      <symbol id="sm-79b">
         <name>image_base</name>
         <value>0x200062ec</value>
         <object_component_ref idref="oc-170"/>
      </symbol>
      <symbol id="sm-79c">
         <name>task_process</name>
         <value>0x1f49</value>
         <object_component_ref idref="oc-21f"/>
      </symbol>
      <symbol id="sm-79d">
         <name>Serial_init</name>
         <value>0x2979</value>
         <object_component_ref idref="oc-2fc"/>
      </symbol>
      <symbol id="sm-79e">
         <name>EXTFRAM_powerOn</name>
         <value>0x1ac9</value>
         <object_component_ref idref="oc-74"/>
      </symbol>
      <symbol id="sm-79f">
         <name>load_task_state</name>
         <value>0x2ce9</value>
         <object_component_ref idref="oc-20a"/>
      </symbol>
      <symbol id="sm-7a0">
         <name>SDcard_disable</name>
         <value>0xbd1</value>
         <object_component_ref idref="oc-68"/>
      </symbol>
      <symbol id="sm-7a1">
         <name>Camera_connectPWM</name>
         <value>0x10e1</value>
         <object_component_ref idref="oc-6e"/>
      </symbol>
      <symbol id="sm-7a2">
         <name>save_task_state</name>
         <value>0x2ca1</value>
         <object_component_ref idref="oc-20a"/>
      </symbol>
      <symbol id="sm-7a3">
         <name>EXTFRAM_read</name>
         <value>0x19f9</value>
         <object_component_ref idref="oc-74"/>
      </symbol>
      <symbol id="sm-7a4">
         <name>Camera_init</name>
         <value>0x1239</value>
         <object_component_ref idref="oc-6e"/>
      </symbol>
      <symbol id="sm-7a5">
         <name>__TI_decompress_none</name>
         <value>0x3829</value>
         <object_component_ref idref="oc-10"/>
      </symbol>
      <symbol id="sm-7a6">
         <name>_system_pre_init</name>
         <value>0x1c15</value>
         <object_component_ref idref="oc-46"/>
      </symbol>
      <symbol id="sm-7a7">
         <name>__TI_static_base__</name>
         <value>0x0</value>
      </symbol>
      <symbol id="sm-7aa">
         <name>SHT$$INIT_ARRAY$$Limit</name>
         <value>0x0</value>
      </symbol>
      <symbol id="sm-7ab">
         <name>SHT$$INIT_ARRAY$$Base</name>
         <value>0x0</value>
      </symbol>
   </symbol_table>
   <title>Link successful</title>
</link_info>
