******************************************************************************
                  TI ARM Linker Unix v5.2.5                    
******************************************************************************
>> Linked Wed Aug 10 12:55:10 2016

OUTPUT FILE NAME:   <MSP432_EH_VisionSensor_Continuous.out>
ENTRY POINT SYMBOL: "_c_int00"  address: 000030d5


MEMORY CONFIGURATION

         name            origin    length      used     unused   attr    fill
----------------------  --------  ---------  --------  --------  ----  --------
  MAIN                  00000000   00040000  00006da4  0003925c  R  X
  INFO                  00200000   00004000  00000000  00004000  R  X
  SRAM_CODE             01000000   00010000  00000000  00010000  RW X
  SRAM_DATA             20000000   00010000  0000651e  00009ae2  RW  


SEGMENT ALLOCATION MAP

run origin  load origin   length   init length attrs members
----------  ----------- ---------- ----------- ----- -------
00000000    00000000    00006da8   00006da8    r-x
  00000000    00000000    00000140   00000140    r-- .intvecs
  00000140    00000140    00003740   00003740    r-x .text
  00003880    00003880    00003404   00003404    r-- .const
  00006c88    00006c88    00000120   00000120    r-- .cinit
20000000    20000000    00006320   00000000    rw-
  20000000    20000000    0000620e   00000000    rw- .bss
  20006210    20006210    00000110   00000000    rw- .data
2000fe00    2000fe00    00000200   00000000    rw-
  2000fe00    2000fe00    00000200   00000000    rw- .stack


SECTION ALLOCATION MAP

 output                                  attributes/
section   page    origin      length       input sections
--------  ----  ----------  ----------   ----------------
.intvecs   0    00000000    00000140     
                  00000000    00000140     startup_msp432p401r_ccs.obj (.intvecs:retain)

.text      0    00000140    00003740     
                  00000140    00000efe     sd_diskio.obj (.text)
                  0000103e    00000002     rtsv7M4_T_le_v4SPD16_eabi.lib : _lock.obj (.text)
                  00001040    00000490     camera.obj (.text)
                  000014d0    000003b2     clock.obj (.text)
                  00001882    00000006     msp432p4xx_driverlib.lib : uart.o (.text:UART_getInterruptStatus)
                  00001888    0000038c     cypress_fram.obj (.text)
                  00001c14    00000004     rtsv7M4_T_le_v4SPD16_eabi.lib : pre_init.obj (.text)
                  00001c18    0000032c     main.obj (.text)
                  00001f44    00000002     rtsv7M4_T_le_v4SPD16_eabi.lib : i_div0.obj (.text)
                  00001f46    00000002     --HOLE-- [fill = 0]
                  00001f48    000002fa     task_process.obj (.text)
                  00002242    00000006     rtsv7M4_T_le_v4SPD16_eabi.lib : copy_decompress_rle.obj (.text:decompress:rle24)
                  00002248    000002d4     system_msp432p401r.obj (.text)
                  0000251c    00000004     --HOLE-- [fill = 0]
                  00002520    000001f2     task_serial_flush.obj (.text)
                  00002712    00000002     --HOLE-- [fill = 0]
                  00002714    00000154     msp432p4xx_driverlib.lib : adc14.o (.text:_getIndexForMemRegister)
                  00002868    0000010e     gpio.obj (.text)
                  00002976    00000002     --HOLE-- [fill = 0]
                  00002978    00000108     serial.obj (.text)
                  00002a80    000000d2     emu.obj (.text)
                  00002b52    000000b2     msp432p4xx_driverlib.lib : timer_a.o (.text:privateTimer_AProcessClockSourceDivider)
                  00002c04    0000009c     rtsv7M4_T_le_v4SPD16_eabi.lib : memcpy_t2.obj (.text)
                  00002ca0    00000098     state_retention.obj (.text)
                  00002d38    0000008e     task_camera.obj (.text)
                  00002dc6    00000088     msp432p4xx_driverlib.lib : spi.o (.text:SPI_initMaster)
                  00002e4e    0000007a     rtsv7M4_T_le_v4SPD16_eabi.lib : memset_t2.obj (.text)
                  00002ec8    0000006c     msp432p4xx_driverlib.lib : adc14.o (.text:ADC14_configureConversionMemory)
                  00002f34    0000006c     rtsv7M4_T_le_v4SPD16_eabi.lib : autoinit.obj (.text)
                  00002fa0    0000006a                                   : copy_decompress_rle.obj (.text)
                  0000300a    00000002     --HOLE-- [fill = 0]
                  0000300c    00000064     msp432p4xx_driverlib.lib : interrupt.o (.text:Interrupt_disableInterrupt)
                  00003070    00000064                              : interrupt.o (.text:Interrupt_enableInterrupt)
                  000030d4    00000050     rtsv7M4_T_le_v4SPD16_eabi.lib : boot.obj (.text)
                  00003124    0000004c     msp432p4xx_driverlib.lib : gpio.o (.text:GPIO_setAsPeripheralModuleFunctionOutputPin)
                  00003170    0000004c     rtsv7M4_T_le_v4SPD16_eabi.lib : cpy_tbl.obj (.text)
                  000031bc    00000048     msp432p4xx_driverlib.lib : gpio.o (.text:GPIO_setAsPeripheralModuleFunctionInputPin)
                  00003204    00000044                              : adc14.o (.text:ADC14_configureSingleSampleMode)
                  00003248    00000044                              : interrupt.o (.text:Interrupt_unpendInterrupt)
                  0000328c    00000044                              : timer_a.o (.text:Timer_A_configureUpMode)
                  000032d0    00000044     rtsv7M4_T_le_v4SPD16_eabi.lib : exit.obj (.text)
                  00003314    00000040     msp432p4xx_driverlib.lib : gpio.o (.text:GPIO_getEnabledInterruptStatus)
                  00003354    00000040     rtsv7M4_T_le_v4SPD16_eabi.lib : u_divt2.obj (.text)
                  00003394    0000003c     msp432p4xx_driverlib.lib : dma.o (.text:DMA_disableInterrupt)
                  000033d0    00000038                              : adc14.o (.text:ADC14_initModule)
                  00003408    00000032     task_sdcard_write.obj (.text)
                  0000343a    00000002     --HOLE-- [fill = 0]
                  0000343c    00000030     msp432p4xx_driverlib.lib : gpio.o (.text:GPIO_setAsInputPinWithPullDownResistor)
                  0000346c    00000030                              : gpio.o (.text:GPIO_setAsInputPinWithPullUpResistor)
                  0000349c    00000030                              : spi.o (.text:is_A_Module)
                  000034cc    0000002c                              : adc14.o (.text:ADC14_enableConversion)
                  000034f8    00000028                              : adc14.o (.text:ADC14_enableSampleTimer)
                  00003520    00000026                              : spi.o (.text:SPI_changeMasterClock)
                  00003546    00000026                              : timer_a.o (.text:Timer_A_initCompare)
                  0000356c    00000024                              : gpio.o (.text:GPIO_setAsOutputPin)
                  00003590    00000024                              : uart.o (.text:UART_transmitData)
                  000035b4    00000004     --HOLE-- [fill = 0]
                  000035b8    00000022     startup_msp432p401r_ccs.obj (.text)
                  000035da    00000002     --HOLE-- [fill = 0]
                  000035dc    00000020     msp432p4xx_driverlib.lib : adc14.o (.text:ADC14_disableInterrupt)
                  000035fc    00000020                              : adc14.o (.text:ADC14_disableModule)
                  0000361c    00000020                              : adc14.o (.text:ADC14_enableInterrupt)
                  0000363c    00000020                              : adc14.o (.text:ADC14_toggleConversionTrigger)
                  0000365c    00000020                              : gpio.o (.text:GPIO_interruptEdgeSelect)
                  0000367c    0000001a                              : spi.o (.text:SPI_enableModule)
                  00003696    00000002     --HOLE-- [fill = 0]
                  00003698    00000018                              : dma.o (.text:DMA_disableChannel)
                  000036b0    00000018                              : spi.o (.text:EUSCI_A_SPI_masterChangeClock)
                  000036c8    00000018                              : spi.o (.text:EUSCI_B_SPI_masterChangeClock)
                  000036e0    00000018                              : gpio.o (.text:GPIO_clearInterruptFlag)
                  000036f8    00000018                              : gpio.o (.text:GPIO_getInputPinValue)
                  00003710    00000018                              : gpio.o (.text:GPIO_setOutputLowOnPin)
                  00003728    00000018     rtsv7M4_T_le_v4SPD16_eabi.lib : args_main.obj (.text)
                  00003740    00000016     msp432p4xx_driverlib.lib : uart.o (.text:UART_enableInterrupt)
                  00003756    00000002     --HOLE-- [fill = 0]
                  00003758    00000014                              : adc14.o (.text:ADC14_setResolution)
                  0000376c    00000014                              : adc14.o (.text:ADCIsConversionRunning)
                  00003780    00000014                              : gpio.o (.text:GPIO_enableInterrupt)
                  00003794    00000014                              : gpio.o (.text:GPIO_setOutputHighOnPin)
                  000037a8    00000014                              : systick.o (.text:SysTick_disableInterrupt)
                  000037bc    00000014                              : systick.o (.text:SysTick_disableModule)
                  000037d0    00000014                              : systick.o (.text:SysTick_enableInterrupt)
                  000037e4    00000014                              : systick.o (.text:SysTick_enableModule)
                  000037f8    00000010                              : adc14.o (.text:ADC14_enableModule)
                  00003808    00000010                              : gpio.o (.text:GPIO_getInterruptStatus)
                  00003818    00000010                              : interrupt.o (.text:Interrupt_enableMaster)
                  00003828    0000000e     rtsv7M4_T_le_v4SPD16_eabi.lib : copy_decompress_none.obj (.text:decompress:none)
                  00003836    0000000c     msp432p4xx_driverlib.lib : cpu.o (.text:CPU_cpsie)
                  00003842    0000000c                              : spi.o (.text:EUSCI_A_SPI_enable)
                  0000384e    0000000c                              : spi.o (.text:EUSCI_B_SPI_enable)
                  0000385a    00000002     --HOLE-- [fill = 0]
                  0000385c    0000000c                              : systick.o (.text:SysTick_setPeriod)
                  00003868    0000000c                              : uart.o (.text:UART_disableModule)
                  00003874    0000000c     rtsv7M4_T_le_v4SPD16_eabi.lib : copy_zero_init.obj (.text:decompress:ZI)

.const     0    00003880    00003404     
                  00003880    00003100     task_camera.obj (.const:camera_fpn)
                  00006980    0000013a     <whole-program> (.const:.string)
                  00006aba    00000002     --HOLE-- [fill = 0]
                  00006abc    00000098     camera.obj (.const)
                  00006b54    00000080     msp432p4xx_driverlib.lib : adc14.o (.const:_ctlRegs)
                  00006bd4    00000040                              : interrupt.o (.const)
                  00006c14    00000024     serial.obj (.const:$P$T0$1$6)
                  00006c38    0000001c     cypress_fram.obj (.const)
                  00006c54    0000001c     sd_diskio.obj (.const)
                  00006c70    00000014     main.obj (.const:.string)

.cinit     0    00006c88    00000120     
                  00006c88    000000f6     (.cinit..data.load) [load image, compression = rle]
                  00006d7e    00000002     --HOLE-- [fill = 0]
                  00006d80    0000000c     (__TI_handler_table)
                  00006d8c    00000004     --HOLE-- [fill = 0]
                  00006d90    00000008     (.cinit..bss.load) [load image, compression = zero_init]
                  00006d98    00000010     (__TI_cinit_table)

.init_array 
*          0    00000000    00000000     UNINITIALIZED

.bss       0    20000000    0000620e     UNINITIALIZED
                  20000000    0000620a     main.obj (.bss:local_buffer)
                  2000620a    00000001     (.common:DMA_FRAM_stop)
                  2000620b    00000001     (.common:GPIOwakeup)
                  2000620c    00000001     (.common:Timer1$5)
                  2000620d    00000001     (.common:Timer2$5)

.TI.noinit 
*          0    20000000    00000000     UNINITIALIZED

.data      0    20006210    00000110     UNINITIALIZED
                  20006210    000000a8     sd_diskio.obj (.data)
                  200062b8    00000030     msp432p4xx_driverlib.lib : gpio.o (.data:GPIO_PORT_TO_BASE)
                  200062e8    00000010     camera.obj (.data)
                  200062f8    00000010     main.obj (.data)
                  20006308    00000008     rtsv7M4_T_le_v4SPD16_eabi.lib : _lock.obj (.data)
                  20006310    00000008                                   : exit.obj (.data)
                  20006318    00000004                                   : stkdepth_vars.obj (.data)
                  2000631c    00000004     system_msp432p401r.obj (.data)

.TI.persistent 
*          0    20006210    00000000     UNINITIALIZED

.stack     0    2000fe00    00000200     UNINITIALIZED
                  2000fe00    00000200     --HOLE--


LINKER GENERATED COPY TABLES

__TI_cinit_table @ 00006d98 records: 2, size/record: 8, table size: 16
	.data: load addr=00006c88, load size=000000f6 bytes, run addr=20006210, run size=00000110 bytes, compression=rle
	.bss: load addr=00006d90, load size=00000008 bytes, run addr=20000000, run size=0000620e bytes, compression=zero_init


LINKER GENERATED HANDLER TABLE

__TI_handler_table @ 00006d80 records: 3, size/record: 4, table size: 12
	index: 0, handler: __TI_decompress_rle24
	index: 1, handler: __TI_decompress_none
	index: 2, handler: __TI_zero_init


GLOBAL SYMBOLS: SORTED ALPHABETICALLY BY Name 

address   name                                       
-------   ----                                       
00002ec9  ADC14_configureConversionMemory            
00003205  ADC14_configureSingleSampleMode            
000035dd  ADC14_disableInterrupt                     
000035fd  ADC14_disableModule                        
000034cd  ADC14_enableConversion                     
0000361d  ADC14_enableInterrupt                      
000037f9  ADC14_enableModule                         
000034f9  ADC14_enableSampleTimer                    
000033d1  ADC14_initModule                           
00003759  ADC14_setResolution                        
0000363d  ADC14_toggleConversionTrigger              
000032d1  C$$EXIT                                    
00003837  CPU_cpsie                                  
00001461  Camera_ADC14_ISR                           
000010e1  Camera_connectPWM                          
00001429  Camera_disable                             
000013e1  Camera_disconnectPWM                       
00001239  Camera_init                                
000011d9  Camera_initGPIO                            
00001041  Camera_pulse                               
00001059  Camera_pulseMulti                          
00001081  Camera_selectRegister                      
00001111  Camera_startAquire                         
000010d9  Camera_turnPowerOn                         
000010b1  Camera_writeRegister                       
000014d1  ChangeClock                                
2000620a  DMA_FRAM_stop                              
00001bc9  DMA_INT1_FRAM_IRQHandler                   
00000fd9  DMA_INT2_SD_IRQHandler                     
20006210  DMA_SD_stop                                
00003699  DMA_disableChannel                         
00003395  DMA_disableInterrupt                       
00002ab9  EMU_configure                              
00002a81  EMU_init                                   
00003843  EUSCI_A_SPI_enable                         
000036b1  EUSCI_A_SPI_masterChangeClock              
0000384f  EUSCI_B_SPI_enable                         
000036c9  EUSCI_B_SPI_masterChangeClock              
00001b71  EXTFRAM_init                               
00001b59  EXTFRAM_initGPIO                           
00001b11  EXTFRAM_powerOff                           
00001ac9  EXTFRAM_powerOn                            
000019f9  EXTFRAM_read                               
000018b9  EXTFRAM_write                              
000036e1  GPIO_clearInterruptFlag                    
00003781  GPIO_enableInterrupt                       
00003315  GPIO_getEnabledInterruptStatus             
000036f9  GPIO_getInputPinValue                      
00003809  GPIO_getInterruptStatus                    
000028e9  GPIO_init                                  
0000365d  GPIO_interruptEdgeSelect                   
00002869  GPIO_reset                                 
0000343d  GPIO_setAsInputPinWithPullDownResistor     
0000346d  GPIO_setAsInputPinWithPullUpResistor       
0000356d  GPIO_setAsOutputPin                        
000031bd  GPIO_setAsPeripheralModuleFunctionInputPin 
00003125  GPIO_setAsPeripheralModuleFunctionOutputPin
00003795  GPIO_setOutputHighOnPin                    
00003711  GPIO_setOutputLowOnPin                     
0000300d  Interrupt_disableInterrupt                 
00003071  Interrupt_enableInterrupt                  
00003819  Interrupt_enableMaster                     
00003249  Interrupt_unpendInterrupt                  
00001f21  PORT4_IRQHandler                           
00000bd1  SDcard_disable                             
00000271  SDcard_enable                              
00000fc1  SDcard_initGPIO                            
00000141  SDcard_initSPI                             
UNDEFED   SHT$$INIT_ARRAY$$Base                      
UNDEFED   SHT$$INIT_ARRAY$$Limit                     
00003521  SPI_changeMasterClock                      
0000367d  SPI_enableModule                           
00002dc7  SPI_initMaster                             
00001889  SPI_transceive                             
00002a29  Serial_disable                             
00002979  Serial_init                                
000029e9  Serial_sendChar                            
00001019  SysTick_ISR                                
000037a9  SysTick_disableInterrupt                   
000037bd  SysTick_disableModule                      
000037d1  SysTick_enableInterrupt                    
000037e5  SysTick_enableModule                       
0000385d  SysTick_setPeriod                          
2000631c  SystemCoreClock                            
000022b9  SystemCoreClockUpdate                      
00002249  SystemInit                                 
0000328d  Timer_A_configureUpMode                    
00003547  Timer_A_initCompare                        
00003869  UART_disableModule                         
00003741  UART_enableInterrupt                       
00001883  UART_getInterruptStatus                    
00003591  UART_transmitData                          
4000480c  WDTCTL_SYM                                 
20010000  __STACK_END                                
00000200  __STACK_SIZE                               
00006d98  __TI_CINIT_Base                            
00006da8  __TI_CINIT_Limit                           
00006d80  __TI_Handler_Table_Base                    
00006d8c  __TI_Handler_Table_Limit                   
00002f35  __TI_auto_init                             
20006310  __TI_cleanup_ptr                           
00003829  __TI_decompress_none                       
00002243  __TI_decompress_rle24                      
20006314  __TI_dtors_ptr                             
00000000  __TI_static_base__                         
00003875  __TI_zero_init                             
00001f45  __aeabi_idiv0                              
00002e4f  __aeabi_memclr                             
00002e4f  __aeabi_memclr4                            
00002e4f  __aeabi_memclr8                            
00002c05  __aeabi_memcpy                             
00002c05  __aeabi_memcpy4                            
00002c05  __aeabi_memcpy8                            
00002e51  __aeabi_memset                             
00002e51  __aeabi_memset4                            
00002e51  __aeabi_memset8                            
00003355  __aeabi_uidiv                              
00003355  __aeabi_uidivmod                           
ffffffff  __binit__                                  
ffffffff  __c_args__                                 
2000fe00  __stack                                    
00003729  _args_main                                 
000030d5  _c_int00                                   
20006308  _lock                                      
0000103f  _nop                                       
00001c15  _system_pre_init                           
2000630c  _unlock                                    
000032d5  abort                                      
ffffffff  binit                                      
200062e8  camera_busy                                
00003880  camera_fpn                                 
20006304  clock_frequency                            
00003171  copy_in                                    
00000549  disk_initialize                            
00000839  disk_read                                  
00001019  disk_timerproc                             
00000d51  disk_write                                 
00001c19  enterLPM45                                 
000032dd  exit                                       
20006218  g_psFResultStrings                         
200062ec  image_base                                 
00000000  interruptVectors                           
00001d79  itoa                                       
00002ce9  load_task_state                            
20000000  local_buffer                               
00001c71  main                                       
20006318  main_func_sp                               
200062f0  mask_base                                  
00002c05  memcpy                                     
00002e57  memset                                     
200062f4  pixel_counter                              
00002ca1  save_task_state                            
200062fa  system_fram_buffer_size                    
200062f8  system_fram_pointer                        
200062fc  system_sdcard_pointer                      
00006c75  system_task_burst_size                     
20006301  system_task_next_state                     
00006c7a  system_task_sr_load_config                 
00006c7f  system_task_sr_save_config                 
20006300  system_task_state                          
00006c70  system_task_voltage                        
00002d39  task_camera                                
00001f49  task_process                               
00003409  task_sdcard_write                          
00002521  task_serial_flush                          


GLOBAL SYMBOLS: SORTED BY Symbol Address 

address   name                                       
-------   ----                                       
00000000  __TI_static_base__                         
00000000  interruptVectors                           
00000141  SDcard_initSPI                             
00000200  __STACK_SIZE                               
00000271  SDcard_enable                              
00000549  disk_initialize                            
00000839  disk_read                                  
00000bd1  SDcard_disable                             
00000d51  disk_write                                 
00000fc1  SDcard_initGPIO                            
00000fd9  DMA_INT2_SD_IRQHandler                     
00001019  SysTick_ISR                                
00001019  disk_timerproc                             
0000103f  _nop                                       
00001041  Camera_pulse                               
00001059  Camera_pulseMulti                          
00001081  Camera_selectRegister                      
000010b1  Camera_writeRegister                       
000010d9  Camera_turnPowerOn                         
000010e1  Camera_connectPWM                          
00001111  Camera_startAquire                         
000011d9  Camera_initGPIO                            
00001239  Camera_init                                
000013e1  Camera_disconnectPWM                       
00001429  Camera_disable                             
00001461  Camera_ADC14_ISR                           
000014d1  ChangeClock                                
00001883  UART_getInterruptStatus                    
00001889  SPI_transceive                             
000018b9  EXTFRAM_write                              
000019f9  EXTFRAM_read                               
00001ac9  EXTFRAM_powerOn                            
00001b11  EXTFRAM_powerOff                           
00001b59  EXTFRAM_initGPIO                           
00001b71  EXTFRAM_init                               
00001bc9  DMA_INT1_FRAM_IRQHandler                   
00001c15  _system_pre_init                           
00001c19  enterLPM45                                 
00001c71  main                                       
00001d79  itoa                                       
00001f21  PORT4_IRQHandler                           
00001f45  __aeabi_idiv0                              
00001f49  task_process                               
00002243  __TI_decompress_rle24                      
00002249  SystemInit                                 
000022b9  SystemCoreClockUpdate                      
00002521  task_serial_flush                          
00002869  GPIO_reset                                 
000028e9  GPIO_init                                  
00002979  Serial_init                                
000029e9  Serial_sendChar                            
00002a29  Serial_disable                             
00002a81  EMU_init                                   
00002ab9  EMU_configure                              
00002c05  __aeabi_memcpy                             
00002c05  __aeabi_memcpy4                            
00002c05  __aeabi_memcpy8                            
00002c05  memcpy                                     
00002ca1  save_task_state                            
00002ce9  load_task_state                            
00002d39  task_camera                                
00002dc7  SPI_initMaster                             
00002e4f  __aeabi_memclr                             
00002e4f  __aeabi_memclr4                            
00002e4f  __aeabi_memclr8                            
00002e51  __aeabi_memset                             
00002e51  __aeabi_memset4                            
00002e51  __aeabi_memset8                            
00002e57  memset                                     
00002ec9  ADC14_configureConversionMemory            
00002f35  __TI_auto_init                             
0000300d  Interrupt_disableInterrupt                 
00003071  Interrupt_enableInterrupt                  
000030d5  _c_int00                                   
00003125  GPIO_setAsPeripheralModuleFunctionOutputPin
00003171  copy_in                                    
000031bd  GPIO_setAsPeripheralModuleFunctionInputPin 
00003205  ADC14_configureSingleSampleMode            
00003249  Interrupt_unpendInterrupt                  
0000328d  Timer_A_configureUpMode                    
000032d1  C$$EXIT                                    
000032d5  abort                                      
000032dd  exit                                       
00003315  GPIO_getEnabledInterruptStatus             
00003355  __aeabi_uidiv                              
00003355  __aeabi_uidivmod                           
00003395  DMA_disableInterrupt                       
000033d1  ADC14_initModule                           
00003409  task_sdcard_write                          
0000343d  GPIO_setAsInputPinWithPullDownResistor     
0000346d  GPIO_setAsInputPinWithPullUpResistor       
000034cd  ADC14_enableConversion                     
000034f9  ADC14_enableSampleTimer                    
00003521  SPI_changeMasterClock                      
00003547  Timer_A_initCompare                        
0000356d  GPIO_setAsOutputPin                        
00003591  UART_transmitData                          
000035dd  ADC14_disableInterrupt                     
000035fd  ADC14_disableModule                        
0000361d  ADC14_enableInterrupt                      
0000363d  ADC14_toggleConversionTrigger              
0000365d  GPIO_interruptEdgeSelect                   
0000367d  SPI_enableModule                           
00003699  DMA_disableChannel                         
000036b1  EUSCI_A_SPI_masterChangeClock              
000036c9  EUSCI_B_SPI_masterChangeClock              
000036e1  GPIO_clearInterruptFlag                    
000036f9  GPIO_getInputPinValue                      
00003711  GPIO_setOutputLowOnPin                     
00003729  _args_main                                 
00003741  UART_enableInterrupt                       
00003759  ADC14_setResolution                        
00003781  GPIO_enableInterrupt                       
00003795  GPIO_setOutputHighOnPin                    
000037a9  SysTick_disableInterrupt                   
000037bd  SysTick_disableModule                      
000037d1  SysTick_enableInterrupt                    
000037e5  SysTick_enableModule                       
000037f9  ADC14_enableModule                         
00003809  GPIO_getInterruptStatus                    
00003819  Interrupt_enableMaster                     
00003829  __TI_decompress_none                       
00003837  CPU_cpsie                                  
00003843  EUSCI_A_SPI_enable                         
0000384f  EUSCI_B_SPI_enable                         
0000385d  SysTick_setPeriod                          
00003869  UART_disableModule                         
00003875  __TI_zero_init                             
00003880  camera_fpn                                 
00006c70  system_task_voltage                        
00006c75  system_task_burst_size                     
00006c7a  system_task_sr_load_config                 
00006c7f  system_task_sr_save_config                 
00006d80  __TI_Handler_Table_Base                    
00006d8c  __TI_Handler_Table_Limit                   
00006d98  __TI_CINIT_Base                            
00006da8  __TI_CINIT_Limit                           
20000000  local_buffer                               
2000620a  DMA_FRAM_stop                              
20006210  DMA_SD_stop                                
20006218  g_psFResultStrings                         
200062e8  camera_busy                                
200062ec  image_base                                 
200062f0  mask_base                                  
200062f4  pixel_counter                              
200062f8  system_fram_pointer                        
200062fa  system_fram_buffer_size                    
200062fc  system_sdcard_pointer                      
20006300  system_task_state                          
20006301  system_task_next_state                     
20006304  clock_frequency                            
20006308  _lock                                      
2000630c  _unlock                                    
20006310  __TI_cleanup_ptr                           
20006314  __TI_dtors_ptr                             
20006318  main_func_sp                               
2000631c  SystemCoreClock                            
2000fe00  __stack                                    
20010000  __STACK_END                                
4000480c  WDTCTL_SYM                                 
ffffffff  __binit__                                  
ffffffff  __c_args__                                 
ffffffff  binit                                      
UNDEFED   SHT$$INIT_ARRAY$$Base                      
UNDEFED   SHT$$INIT_ARRAY$$Limit                     

[165 symbols]
