******************************************************************************
                  TI ARM Linker Unix v5.2.5                    
******************************************************************************
>> Linked Fri May 27 14:44:35 2016

OUTPUT FILE NAME:   <MSP432_DisplacementLogger_V1.out>
ENTRY POINT SYMBOL: "_c_int00"  address: 00001d29


MEMORY CONFIGURATION

         name            origin    length      used     unused   attr    fill
----------------------  --------  ---------  --------  --------  ----  --------
  MAIN                  00000000   00040000  0000250e  0003daf2  R  X
  INFO                  00200000   00004000  00000000  00004000  R  X
  SRAM_CODE             01000000   00010000  00000000  00010000  RW X
  SRAM_DATA             20000000   00010000  000096b6  0000694a  RW  


SEGMENT ALLOCATION MAP

run origin  load origin   length   init length attrs members
----------  ----------- ---------- ----------- ----- -------
00000000    00000000    00002510   00002510    r-x
  00000000    00000000    00000140   00000140    r-- .intvecs
  00000140    00000140    000021c6   000021c6    r-x .text
  00002308    00002308    00000198   00000198    r-- .const
  000024a0    000024a0    00000070   00000070    r-- .cinit
20000000    20000000    000094b6   00000000    rw-
  20000000    20000000    000094ac   00000000    rw- .data
  200094ac    200094ac    0000000a   00000000    rw- .bss
2000fe00    2000fe00    00000200   00000000    rw-
  2000fe00    2000fe00    00000200   00000000    rw- .stack


SECTION ALLOCATION MAP

 output                                  attributes/
section   page    origin      length       input sections
--------  ----  ----------  ----------   ----------------
.intvecs   0    00000000    00000140     
                  00000000    00000140     startup_msp432p401r_ccs.obj (.intvecs:retain)

.text      0    00000140    000021c6     
                  00000140    00000b9a     main.obj (.text)
                  00000cda    00000006     msp432p4xx_driverlib.lib : uart.o (.text:UART_getInterruptStatus)
                  00000ce0    000005dc     camera.obj (.text)
                  000012bc    00000004     rtsv7M4_T_le_v4SPD16_eabi.lib : pre_init.obj (.text)
                  000012c0    0000018a     cypress_fram.obj (.text)
                  0000144a    00000002     rtsv7M4_T_le_v4SPD16_eabi.lib : _lock.obj (.text)
                  0000144c    00000154     msp432p4xx_driverlib.lib : adc14.o (.text:_getIndexForMemRegister)
                  000015a0    00000104                              : cs.o (.text:CS_getDCOFrequency)
                  000016a4    00000004     --HOLE-- [fill = 0]
                  000016a8    000000ea     system_msp432p401r.obj (.text)
                  00001792    000000b2     msp432p4xx_driverlib.lib : timer_a.o (.text:privateTimer_AProcessClockSourceDivider)
                  00001844    00000004     --HOLE-- [fill = 0]
                  00001848    000000aa     serial.obj (.text)
                  000018f2    00000002     --HOLE-- [fill = 0]
                  000018f4    0000009c     msp432p4xx_driverlib.lib : cs.o (.text:_CSComputeCLKFrequency)
                  00001990    0000009c     rtsv7M4_T_le_v4SPD16_eabi.lib : memcpy_t2.obj (.text)
                  00001a2c    00000088     msp432p4xx_driverlib.lib : spi.o (.text:SPI_initMaster)
                  00001ab4    0000007a     rtsv7M4_T_le_v4SPD16_eabi.lib : memset_t2.obj (.text)
                  00001b2e    00000002     --HOLE-- [fill = 0]
                  00001b30    0000006c     msp432p4xx_driverlib.lib : adc14.o (.text:ADC14_configureConversionMemory)
                  00001b9c    0000006c     rtsv7M4_T_le_v4SPD16_eabi.lib : autoinit.obj (.text)
                  00001c08    0000006a                                   : copy_decompress_rle.obj (.text)
                  00001c72    00000002     --HOLE-- [fill = 0]
                  00001c74    00000064     msp432p4xx_driverlib.lib : interrupt.o (.text:Interrupt_enableInterrupt)
                  00001cd8    00000050                              : sysctl.o (.text:SysCtl_getTLVInfo)
                  00001d28    00000050     rtsv7M4_T_le_v4SPD16_eabi.lib : boot.obj (.text)
                  00001d78    0000004c     msp432p4xx_driverlib.lib : gpio.o (.text:GPIO_setAsPeripheralModuleFunctionOutputPin)
                  00001dc4    0000004c                              : cs.o (.text:_CSGetDOCFrequency)
                  00001e10    0000004c     rtsv7M4_T_le_v4SPD16_eabi.lib : cpy_tbl.obj (.text)
                  00001e5c    00000048     msp432p4xx_driverlib.lib : gpio.o (.text:GPIO_setAsPeripheralModuleFunctionInputPin)
                  00001ea4    00000048                              : cs.o (.text:_CSGetDividerValue)
                  00001eec    00000044                              : adc14.o (.text:ADC14_configureSingleSampleMode)
                  00001f30    00000044                              : timer_a.o (.text:Timer_A_configureUpMode)
                  00001f74    00000044     rtsv7M4_T_le_v4SPD16_eabi.lib : exit.obj (.text)
                  00001fb8    00000038     msp432p4xx_driverlib.lib : adc14.o (.text:ADC14_initModule)
                  00001ff0    00000030                              : gpio.o (.text:GPIO_setAsInputPinWithPullUpResistor)
                  00002020    00000030                              : spi.o (.text:is_A_Module)
                  00002050    0000002c                              : adc14.o (.text:ADC14_enableConversion)
                  0000207c    00000028                              : adc14.o (.text:ADC14_enableSampleTimer)
                  000020a4    00000026                              : timer_a.o (.text:Timer_A_initCompare)
                  000020ca    00000006     rtsv7M4_T_le_v4SPD16_eabi.lib : copy_decompress_rle.obj (.text:decompress:rle24)
                  000020d0    00000026     sd_diskio.obj (.text)
                  000020f6    00000002     --HOLE-- [fill = 0]
                  000020f8    00000024     msp432p4xx_driverlib.lib : cs.o (.text:CS_clearInterruptFlag)
                  0000211c    00000024                              : gpio.o (.text:GPIO_setAsOutputPin)
                  00002140    00000024                              : uart.o (.text:UART_transmitData)
                  00002164    00000004     --HOLE-- [fill = 0]
                  00002168    00000022     startup_msp432p401r_ccs.obj (.text)
                  0000218a    00000002     --HOLE-- [fill = 0]
                  0000218c    00000020     msp432p4xx_driverlib.lib : adc14.o (.text:ADC14_enableInterrupt)
                  000021ac    00000020                              : adc14.o (.text:ADC14_toggleConversionTrigger)
                  000021cc    0000001a                              : spi.o (.text:SPI_enableModule)
                  000021e6    00000002     --HOLE-- [fill = 0]
                  000021e8    00000018                              : cs.o (.text:CS_getSMCLK)
                  00002200    00000018                              : gpio.o (.text:GPIO_getInputPinValue)
                  00002218    00000018                              : gpio.o (.text:GPIO_setOutputLowOnPin)
                  00002230    00000018     rtsv7M4_T_le_v4SPD16_eabi.lib : args_main.obj (.text)
                  00002248    00000016     msp432p4xx_driverlib.lib : uart.o (.text:UART_enableInterrupt)
                  0000225e    00000002     --HOLE-- [fill = 0]
                  00002260    00000014                              : adc14.o (.text:ADC14_setResolution)
                  00002274    00000014                              : adc14.o (.text:ADCIsConversionRunning)
                  00002288    00000014                              : gpio.o (.text:GPIO_setOutputHighOnPin)
                  0000229c    00000010                              : adc14.o (.text:ADC14_enableModule)
                  000022ac    00000010                              : interrupt.o (.text:Interrupt_enableMaster)
                  000022bc    0000000e     rtsv7M4_T_le_v4SPD16_eabi.lib : copy_decompress_none.obj (.text:decompress:none)
                  000022ca    0000000c     msp432p4xx_driverlib.lib : cpu.o (.text:CPU_cpsie)
                  000022d6    0000000c                              : spi.o (.text:EUSCI_A_SPI_enable)
                  000022e2    0000000c                              : spi.o (.text:EUSCI_B_SPI_enable)
                  000022ee    0000000c                              : uart.o (.text:UART_disableModule)
                  000022fa    0000000c     rtsv7M4_T_le_v4SPD16_eabi.lib : copy_zero_init.obj (.text:decompress:ZI)

.const     0    00002308    00000198     
                  00002308    00000098     camera.obj (.const)
                  000023a0    00000080     msp432p4xx_driverlib.lib : adc14.o (.const:_ctlRegs)
                  00002420    00000040                              : interrupt.o (.const)
                  00002460    00000024     serial.obj (.const:$P$T0$1$5)
                  00002484    0000001c     cypress_fram.obj (.const)

.cinit     0    000024a0    00000070     
                  000024a0    00000049     (.cinit..data.load) [load image, compression = rle]
                  000024e9    00000003     --HOLE-- [fill = 0]
                  000024ec    0000000c     (__TI_handler_table)
                  000024f8    00000008     (.cinit..bss.load) [load image, compression = zero_init]
                  00002500    00000010     (__TI_cinit_table)

.init_array 
*          0    00000000    00000000     UNINITIALIZED

.data      0    20000000    000094ac     UNINITIALIZED
                  20000000    00009454     main.obj (.data)
                  20009454    00000030     msp432p4xx_driverlib.lib : gpio.o (.data:GPIO_PORT_TO_BASE)
                  20009484    00000010     camera.obj (.data)
                  20009494    00000008     rtsv7M4_T_le_v4SPD16_eabi.lib : _lock.obj (.data)
                  2000949c    00000008                                   : exit.obj (.data)
                  200094a4    00000004                                   : stkdepth_vars.obj (.data)
                  200094a8    00000004     system_msp432p401r.obj (.data)

.TI.persistent 
*          0    20000000    00000000     UNINITIALIZED

.bss       0    200094ac    0000000a     UNINITIALIZED
                  200094ac    00000004     (.common:hfxtFreq)
                  200094b0    00000004     (.common:lfxtFreq)
                  200094b4    00000001     (.common:Timer1$4)
                  200094b5    00000001     (.common:Timer2$4)

.TI.noinit 
*          0    200094ac    00000000     UNINITIALIZED

.stack     0    2000fe00    00000200     UNINITIALIZED
                  2000fe00    00000200     --HOLE--


LINKER GENERATED COPY TABLES

__TI_cinit_table @ 00002500 records: 2, size/record: 8, table size: 16
	.data: load addr=000024a0, load size=00000049 bytes, run addr=20000000, run size=000094ac bytes, compression=rle
	.bss: load addr=000024f8, load size=00000008 bytes, run addr=200094ac, run size=0000000a bytes, compression=zero_init


LINKER GENERATED HANDLER TABLE

__TI_handler_table @ 000024ec records: 3, size/record: 4, table size: 12
	index: 0, handler: __TI_decompress_rle24
	index: 1, handler: __TI_decompress_none
	index: 2, handler: __TI_zero_init


GLOBAL SYMBOLS: SORTED ALPHABETICALLY BY Name 

address   name                                       
-------   ----                                       
00001b31  ADC14_configureConversionMemory            
00001eed  ADC14_configureSingleSampleMode            
00002051  ADC14_enableConversion                     
0000218d  ADC14_enableInterrupt                      
0000229d  ADC14_enableModule                         
0000207d  ADC14_enableSampleTimer                    
00001fb9  ADC14_initModule                           
00002261  ADC14_setResolution                        
000021ad  ADC14_toggleConversionTrigger              
00001f75  C$$EXIT                                    
000022cb  CPU_cpsie                                  
000020f9  CS_clearInterruptFlag                      
000015a1  CS_getDCOFrequency                         
000021e9  CS_getSMCLK                                
00001211  Camera_ADC14_ISR                           
00000f71  Camera_configure                           
00000ce1  Camera_init                                
00000ed1  Camera_pulse                               
00000ee9  Camera_selectRegister                      
000010e9  Camera_startAquire                         
00001091  Camera_turnPowerOff                        
00000f19  Camera_turnPowerOn                         
000022d7  EUSCI_A_SPI_enable                         
000022e3  EUSCI_B_SPI_enable                         
000012c1  EXTFRAM_init                               
00001301  EXTFRAM_powerOn                            
00001399  EXTFRAM_read                               
00002201  GPIO_getInputPinValue                      
00001ff1  GPIO_setAsInputPinWithPullUpResistor       
0000211d  GPIO_setAsOutputPin                        
00001e5d  GPIO_setAsPeripheralModuleFunctionInputPin 
00001d79  GPIO_setAsPeripheralModuleFunctionOutputPin
00002289  GPIO_setOutputHighOnPin                    
00002219  GPIO_setOutputLowOnPin                     
00001c75  Interrupt_enableInterrupt                  
000022ad  Interrupt_enableMaster                     
UNDEFED   SHT$$INIT_ARRAY$$Base                      
UNDEFED   SHT$$INIT_ARRAY$$Limit                     
000021cd  SPI_enableModule                           
00001a2d  SPI_initMaster                             
00001369  SPI_transceive                             
00001849  Serial_init                                
000018b9  Serial_sendChar                            
00001cd9  SysCtl_getTLVInfo                          
000020d1  SysTick_ISR                                
200094a8  SystemCoreClock                            
000016a9  SystemInit                                 
00001f31  Timer_A_configureUpMode                    
000020a5  Timer_A_initCompare                        
000022ef  UART_disableModule                         
00002249  UART_enableInterrupt                       
00000cdb  UART_getInterruptStatus                    
00002141  UART_transmitData                          
4000480c  WDTCTL_SYM                                 
20010000  __STACK_END                                
00000200  __STACK_SIZE                               
00002500  __TI_CINIT_Base                            
00002510  __TI_CINIT_Limit                           
000024ec  __TI_Handler_Table_Base                    
000024f8  __TI_Handler_Table_Limit                   
00001b9d  __TI_auto_init                             
2000949c  __TI_cleanup_ptr                           
000022bd  __TI_decompress_none                       
000020cb  __TI_decompress_rle24                      
200094a0  __TI_dtors_ptr                             
00000000  __TI_static_base__                         
000022fb  __TI_zero_init                             
00001ab5  __aeabi_memclr                             
00001ab5  __aeabi_memclr4                            
00001ab5  __aeabi_memclr8                            
00001991  __aeabi_memcpy                             
00001991  __aeabi_memcpy4                            
00001991  __aeabi_memcpy8                            
00001ab7  __aeabi_memset                             
00001ab7  __aeabi_memset4                            
00001ab7  __aeabi_memset8                            
ffffffff  __binit__                                  
ffffffff  __c_args__                                 
2000fe00  __stack                                    
00002231  _args_main                                 
00001d29  _c_int00                                   
20009494  _lock                                      
0000144b  _nop                                       
000012bd  _system_pre_init                           
20009498  _unlock                                    
00001f79  abort                                      
ffffffff  binit                                      
20009484  camera_busy                                
00001e11  copy_in                                    
000020d1  disk_timerproc                             
20000000  dx                                         
200000a9  dy                                         
00001f81  exit                                       
20009488  image_base                                 
20000152  image_buffer1                              
20003252  image_buffer2                              
00000000  interruptVectors                           
00000141  main                                       
200094a4  main_func_sp                               
2000948c  mask_base                                  
20006352  mask_buffer                                
00001991  memcpy                                     
00001abd  memset                                     
20009490  pixel_counter                              


GLOBAL SYMBOLS: SORTED BY Symbol Address 

address   name                                       
-------   ----                                       
00000000  __TI_static_base__                         
00000000  interruptVectors                           
00000141  main                                       
00000200  __STACK_SIZE                               
00000cdb  UART_getInterruptStatus                    
00000ce1  Camera_init                                
00000ed1  Camera_pulse                               
00000ee9  Camera_selectRegister                      
00000f19  Camera_turnPowerOn                         
00000f71  Camera_configure                           
00001091  Camera_turnPowerOff                        
000010e9  Camera_startAquire                         
00001211  Camera_ADC14_ISR                           
000012bd  _system_pre_init                           
000012c1  EXTFRAM_init                               
00001301  EXTFRAM_powerOn                            
00001369  SPI_transceive                             
00001399  EXTFRAM_read                               
0000144b  _nop                                       
000015a1  CS_getDCOFrequency                         
000016a9  SystemInit                                 
00001849  Serial_init                                
000018b9  Serial_sendChar                            
00001991  __aeabi_memcpy                             
00001991  __aeabi_memcpy4                            
00001991  __aeabi_memcpy8                            
00001991  memcpy                                     
00001a2d  SPI_initMaster                             
00001ab5  __aeabi_memclr                             
00001ab5  __aeabi_memclr4                            
00001ab5  __aeabi_memclr8                            
00001ab7  __aeabi_memset                             
00001ab7  __aeabi_memset4                            
00001ab7  __aeabi_memset8                            
00001abd  memset                                     
00001b31  ADC14_configureConversionMemory            
00001b9d  __TI_auto_init                             
00001c75  Interrupt_enableInterrupt                  
00001cd9  SysCtl_getTLVInfo                          
00001d29  _c_int00                                   
00001d79  GPIO_setAsPeripheralModuleFunctionOutputPin
00001e11  copy_in                                    
00001e5d  GPIO_setAsPeripheralModuleFunctionInputPin 
00001eed  ADC14_configureSingleSampleMode            
00001f31  Timer_A_configureUpMode                    
00001f75  C$$EXIT                                    
00001f79  abort                                      
00001f81  exit                                       
00001fb9  ADC14_initModule                           
00001ff1  GPIO_setAsInputPinWithPullUpResistor       
00002051  ADC14_enableConversion                     
0000207d  ADC14_enableSampleTimer                    
000020a5  Timer_A_initCompare                        
000020cb  __TI_decompress_rle24                      
000020d1  SysTick_ISR                                
000020d1  disk_timerproc                             
000020f9  CS_clearInterruptFlag                      
0000211d  GPIO_setAsOutputPin                        
00002141  UART_transmitData                          
0000218d  ADC14_enableInterrupt                      
000021ad  ADC14_toggleConversionTrigger              
000021cd  SPI_enableModule                           
000021e9  CS_getSMCLK                                
00002201  GPIO_getInputPinValue                      
00002219  GPIO_setOutputLowOnPin                     
00002231  _args_main                                 
00002249  UART_enableInterrupt                       
00002261  ADC14_setResolution                        
00002289  GPIO_setOutputHighOnPin                    
0000229d  ADC14_enableModule                         
000022ad  Interrupt_enableMaster                     
000022bd  __TI_decompress_none                       
000022cb  CPU_cpsie                                  
000022d7  EUSCI_A_SPI_enable                         
000022e3  EUSCI_B_SPI_enable                         
000022ef  UART_disableModule                         
000022fb  __TI_zero_init                             
000024ec  __TI_Handler_Table_Base                    
000024f8  __TI_Handler_Table_Limit                   
00002500  __TI_CINIT_Base                            
00002510  __TI_CINIT_Limit                           
20000000  dx                                         
200000a9  dy                                         
20000152  image_buffer1                              
20003252  image_buffer2                              
20006352  mask_buffer                                
20009484  camera_busy                                
20009488  image_base                                 
2000948c  mask_base                                  
20009490  pixel_counter                              
20009494  _lock                                      
20009498  _unlock                                    
2000949c  __TI_cleanup_ptr                           
200094a0  __TI_dtors_ptr                             
200094a4  main_func_sp                               
200094a8  SystemCoreClock                            
2000fe00  __stack                                    
20010000  __STACK_END                                
4000480c  WDTCTL_SYM                                 
ffffffff  __binit__                                  
ffffffff  __c_args__                                 
ffffffff  binit                                      
UNDEFED   SHT$$INIT_ARRAY$$Base                      
UNDEFED   SHT$$INIT_ARRAY$$Limit                     

[104 symbols]
