<?xml version="1.0"?>
<link_info>
   <banner>TI ARM Linker Unix v5.2.5</banner>
   <copyright>Copyright (c) 1996-2015 Texas Instruments Incorporated</copyright>
   <link_time>0x57a98ca7</link_time>
   <link_errors>0x0</link_errors>
   <output_file>MSP432_EH_VisionSensor_SingleBurst.out</output_file>
   <entry_point>
      <name>_c_int00</name>
      <address>0x3145</address>
   </entry_point>
   <input_file_list>
      <input_file id="fl-6">
         <path>./</path>
         <kind>object</kind>
         <file>gpio.obj</file>
         <name>gpio.obj</name>
      </input_file>
      <input_file id="fl-8">
         <path>./</path>
         <kind>object</kind>
         <file>main.obj</file>
         <name>main.obj</name>
      </input_file>
      <input_file id="fl-b">
         <path>./</path>
         <kind>object</kind>
         <file>startup_msp432p401r_ccs.obj</file>
         <name>startup_msp432p401r_ccs.obj</name>
      </input_file>
      <input_file id="fl-1d">
         <path>/Applications/ti/msp/MSPWare_3_20_00_37/driverlib/driverlib/MSP432P4xx/ccs/</path>
         <kind>archive</kind>
         <file>msp432p4xx_driverlib.lib</file>
         <name>adc14.o</name>
      </input_file>
      <input_file id="fl-1e">
         <path>/Applications/ti/msp/MSPWare_3_20_00_37/driverlib/driverlib/MSP432P4xx/ccs/</path>
         <kind>archive</kind>
         <file>msp432p4xx_driverlib.lib</file>
         <name>dma.o</name>
      </input_file>
      <input_file id="fl-1f">
         <path>/Applications/ti/msp/MSPWare_3_20_00_37/driverlib/driverlib/MSP432P4xx/ccs/</path>
         <kind>archive</kind>
         <file>msp432p4xx_driverlib.lib</file>
         <name>gpio.o</name>
      </input_file>
      <input_file id="fl-20">
         <path>/Applications/ti/msp/MSPWare_3_20_00_37/driverlib/driverlib/MSP432P4xx/ccs/</path>
         <kind>archive</kind>
         <file>msp432p4xx_driverlib.lib</file>
         <name>interrupt.o</name>
      </input_file>
      <input_file id="fl-21">
         <path>/Applications/ti/msp/MSPWare_3_20_00_37/driverlib/driverlib/MSP432P4xx/ccs/</path>
         <kind>archive</kind>
         <file>msp432p4xx_driverlib.lib</file>
         <name>spi.o</name>
      </input_file>
      <input_file id="fl-22">
         <path>/Applications/ti/msp/MSPWare_3_20_00_37/driverlib/driverlib/MSP432P4xx/ccs/</path>
         <kind>archive</kind>
         <file>msp432p4xx_driverlib.lib</file>
         <name>systick.o</name>
      </input_file>
      <input_file id="fl-23">
         <path>/Applications/ti/msp/MSPWare_3_20_00_37/driverlib/driverlib/MSP432P4xx/ccs/</path>
         <kind>archive</kind>
         <file>msp432p4xx_driverlib.lib</file>
         <name>timer_a.o</name>
      </input_file>
      <input_file id="fl-24">
         <path>/Applications/ti/msp/MSPWare_3_20_00_37/driverlib/driverlib/MSP432P4xx/ccs/</path>
         <kind>archive</kind>
         <file>msp432p4xx_driverlib.lib</file>
         <name>uart.o</name>
      </input_file>
      <input_file id="fl-25">
         <path>/Applications/ti/msp/MSPWare_3_20_00_37/driverlib/driverlib/MSP432P4xx/ccs/</path>
         <kind>archive</kind>
         <file>msp432p4xx_driverlib.lib</file>
         <name>cpu.o</name>
      </input_file>
      <input_file id="fl-147">
         <path>/Applications/ti/ccsv6/tools/compiler/ti-cgt-arm_5.2.5/lib/</path>
         <kind>archive</kind>
         <file>rtsv7M4_T_le_v4SPD16_eabi.lib</file>
         <name>boot.obj</name>
      </input_file>
      <input_file id="fl-14b">
         <path>/Applications/ti/ccsv6/tools/compiler/ti-cgt-arm_5.2.5/lib/</path>
         <kind>archive</kind>
         <file>rtsv7M4_T_le_v4SPD16_eabi.lib</file>
         <name>exit.obj</name>
      </input_file>
      <input_file id="fl-14c">
         <path>/Applications/ti/ccsv6/tools/compiler/ti-cgt-arm_5.2.5/lib/</path>
         <kind>archive</kind>
         <file>rtsv7M4_T_le_v4SPD16_eabi.lib</file>
         <name>memcpy_t2.obj</name>
      </input_file>
      <input_file id="fl-14d">
         <path>/Applications/ti/ccsv6/tools/compiler/ti-cgt-arm_5.2.5/lib/</path>
         <kind>archive</kind>
         <file>rtsv7M4_T_le_v4SPD16_eabi.lib</file>
         <name>memset_t2.obj</name>
      </input_file>
      <input_file id="fl-150">
         <path>/Applications/ti/ccsv6/tools/compiler/ti-cgt-arm_5.2.5/lib/</path>
         <kind>archive</kind>
         <file>rtsv7M4_T_le_v4SPD16_eabi.lib</file>
         <name>u_divt2.obj</name>
      </input_file>
      <input_file id="fl-152">
         <path>/Applications/ti/ccsv6/tools/compiler/ti-cgt-arm_5.2.5/lib/</path>
         <kind>archive</kind>
         <file>rtsv7M4_T_le_v4SPD16_eabi.lib</file>
         <name>args_main.obj</name>
      </input_file>
      <input_file id="fl-153">
         <path>/Applications/ti/ccsv6/tools/compiler/ti-cgt-arm_5.2.5/lib/</path>
         <kind>archive</kind>
         <file>rtsv7M4_T_le_v4SPD16_eabi.lib</file>
         <name>autoinit.obj</name>
      </input_file>
      <input_file id="fl-156">
         <path>/var/tmp/</path>
         <kind>object</kind>
         <file>10828Fh6yVu</file>
         <name>10828Fh6yVu</name>
      </input_file>
   </input_file_list>
   <object_component_list>
      <object_component id="oc-27">
         <name>.intvecs:retain</name>
         <load_address>0x0</load_address>
         <run_address>0x0</run_address>
         <size>0x140</size>
         <input_file_ref idref="fl-b"/>
      </object_component>
      <object_component id="oc-68">
         <name>.text</name>
         <load_address>0x140</load_address>
         <run_address>0x140</run_address>
         <size>0x106e</size>
         <input_file_ref idref="fl-9"/>
      </object_component>
      <object_component id="oc-245">
         <name>.text</name>
         <load_address>0x11ae</load_address>
         <run_address>0x11ae</run_address>
         <size>0x2</size>
         <input_file_ref idref="fl-151"/>
      </object_component>
      <object_component id="oc-6e">
         <name>.text</name>
         <load_address>0x11b0</load_address>
         <run_address>0x11b0</run_address>
         <size>0x4e2</size>
         <input_file_ref idref="fl-2"/>
      </object_component>
      <object_component id="oc-2f7">
         <name>.text:UART_getInterruptStatus</name>
         <load_address>0x1692</load_address>
         <run_address>0x1692</run_address>
         <size>0x6</size>
         <input_file_ref idref="fl-24"/>
      </object_component>
      <object_component id="oc-201">
         <name>.text</name>
         <load_address>0x1698</load_address>
         <run_address>0x1698</run_address>
         <size>0x3b2</size>
         <input_file_ref idref="fl-3"/>
      </object_component>
      <object_component id="oc-16">
         <name>.text:decompress:rle24</name>
         <load_address>0x1a4a</load_address>
         <run_address>0x1a4a</run_address>
         <size>0x6</size>
         <input_file_ref idref="fl-149"/>
      </object_component>
      <object_component id="oc-7a">
         <name>.text</name>
         <load_address>0x1a50</load_address>
         <run_address>0x1a50</run_address>
         <size>0x37c</size>
         <input_file_ref idref="fl-8"/>
      </object_component>
      <object_component id="oc-46">
         <name>.text</name>
         <load_address>0x1dcc</load_address>
         <run_address>0x1dcc</run_address>
         <size>0x4</size>
         <input_file_ref idref="fl-14e"/>
      </object_component>
      <object_component id="oc-21c">
         <name>.text</name>
         <load_address>0x1dd0</load_address>
         <run_address>0x1dd0</run_address>
         <size>0x2fa</size>
         <input_file_ref idref="fl-11"/>
      </object_component>
      <object_component id="oc-310">
         <name>.text</name>
         <load_address>0x20ca</load_address>
         <run_address>0x20ca</run_address>
         <size>0x2</size>
         <input_file_ref idref="fl-155"/>
      </object_component>
      <object_component id="oc-f3">
         <name>.text</name>
         <load_address>0x20d0</load_address>
         <run_address>0x20d0</run_address>
         <size>0x2d4</size>
         <input_file_ref idref="fl-d"/>
      </object_component>
      <object_component id="oc-207">
         <name>.text</name>
         <load_address>0x23a8</load_address>
         <run_address>0x23a8</run_address>
         <size>0x236</size>
         <input_file_ref idref="fl-16"/>
      </object_component>
      <object_component id="oc-216">
         <name>.text</name>
         <load_address>0x25e0</load_address>
         <run_address>0x25e0</run_address>
         <size>0x188</size>
         <input_file_ref idref="fl-10"/>
      </object_component>
      <object_component id="oc-29f">
         <name>.text:_getIndexForMemRegister</name>
         <load_address>0x2768</load_address>
         <run_address>0x2768</run_address>
         <size>0x154</size>
         <input_file_ref idref="fl-1d"/>
      </object_component>
      <object_component id="oc-1ef">
         <name>.text</name>
         <load_address>0x28c0</load_address>
         <run_address>0x28c0</run_address>
         <size>0x10e</size>
         <input_file_ref idref="fl-6"/>
      </object_component>
      <object_component id="oc-2f1">
         <name>.text</name>
         <load_address>0x29d0</load_address>
         <run_address>0x29d0</run_address>
         <size>0x108</size>
         <input_file_ref idref="fl-a"/>
      </object_component>
      <object_component id="oc-1f5">
         <name>.text</name>
         <load_address>0x2ad8</load_address>
         <run_address>0x2ad8</run_address>
         <size>0xd2</size>
         <input_file_ref idref="fl-5"/>
      </object_component>
      <object_component id="oc-2b7">
         <name>.text:privateTimer_AProcessClockSourceDivider</name>
         <load_address>0x2baa</load_address>
         <run_address>0x2baa</run_address>
         <size>0xb2</size>
         <input_file_ref idref="fl-23"/>
      </object_component>
      <object_component id="oc-210">
         <name>.text</name>
         <load_address>0x2c60</load_address>
         <run_address>0x2c60</run_address>
         <size>0xae</size>
         <input_file_ref idref="fl-f"/>
      </object_component>
      <object_component id="oc-2b">
         <name>.text</name>
         <load_address>0x2d0e</load_address>
         <run_address>0x2d0e</run_address>
         <size>0x9c</size>
         <input_file_ref idref="fl-14c"/>
      </object_component>
      <object_component id="oc-100">
         <name>.text:SPI_initMaster</name>
         <load_address>0x2daa</load_address>
         <run_address>0x2daa</run_address>
         <size>0x88</size>
         <input_file_ref idref="fl-21"/>
      </object_component>
      <object_component id="oc-222">
         <name>.text</name>
         <load_address>0x2e38</load_address>
         <run_address>0x2e38</run_address>
         <size>0x84</size>
         <input_file_ref idref="fl-14"/>
      </object_component>
      <object_component id="oc-40">
         <name>.text</name>
         <load_address>0x2ebc</load_address>
         <run_address>0x2ebc</run_address>
         <size>0x7a</size>
         <input_file_ref idref="fl-14d"/>
      </object_component>
      <object_component id="oc-17f">
         <name>.text:ADC14_configureConversionMemory</name>
         <load_address>0x2f38</load_address>
         <run_address>0x2f38</run_address>
         <size>0x6c</size>
         <input_file_ref idref="fl-1d"/>
      </object_component>
      <object_component id="oc-4c">
         <name>.text</name>
         <load_address>0x2fa4</load_address>
         <run_address>0x2fa4</run_address>
         <size>0x6c</size>
         <input_file_ref idref="fl-153"/>
      </object_component>
      <object_component id="oc-39">
         <name>.text</name>
         <load_address>0x3010</load_address>
         <run_address>0x3010</run_address>
         <size>0x6a</size>
         <input_file_ref idref="fl-149"/>
      </object_component>
      <object_component id="oc-159">
         <name>.text:Interrupt_disableInterrupt</name>
         <load_address>0x307c</load_address>
         <run_address>0x307c</run_address>
         <size>0x64</size>
         <input_file_ref idref="fl-20"/>
      </object_component>
      <object_component id="oc-197">
         <name>.text:Interrupt_enableInterrupt</name>
         <load_address>0x30e0</load_address>
         <run_address>0x30e0</run_address>
         <size>0x64</size>
         <input_file_ref idref="fl-20"/>
      </object_component>
      <object_component id="oc-22">
         <name>.text</name>
         <load_address>0x3144</load_address>
         <run_address>0x3144</run_address>
         <size>0x50</size>
         <input_file_ref idref="fl-147"/>
      </object_component>
      <object_component id="oc-1b2">
         <name>.text:GPIO_setAsPeripheralModuleFunctionOutputPin</name>
         <load_address>0x3194</load_address>
         <run_address>0x3194</run_address>
         <size>0x4c</size>
         <input_file_ref idref="fl-1f"/>
      </object_component>
      <object_component id="oc-74">
         <name>.text</name>
         <load_address>0x31e0</load_address>
         <run_address>0x31e0</run_address>
         <size>0x4c</size>
         <input_file_ref idref="fl-4"/>
      </object_component>
      <object_component id="oc-d9">
         <name>.text</name>
         <load_address>0x322c</load_address>
         <run_address>0x322c</run_address>
         <size>0x4c</size>
         <input_file_ref idref="fl-154"/>
      </object_component>
      <object_component id="oc-12d">
         <name>.text:GPIO_setAsPeripheralModuleFunctionInputPin</name>
         <load_address>0x3278</load_address>
         <run_address>0x3278</run_address>
         <size>0x48</size>
         <input_file_ref idref="fl-1f"/>
      </object_component>
      <object_component id="oc-179">
         <name>.text:ADC14_configureSingleSampleMode</name>
         <load_address>0x32c0</load_address>
         <run_address>0x32c0</run_address>
         <size>0x44</size>
         <input_file_ref idref="fl-1d"/>
      </object_component>
      <object_component id="oc-1d1">
         <name>.text:Interrupt_unpendInterrupt</name>
         <load_address>0x3304</load_address>
         <run_address>0x3304</run_address>
         <size>0x44</size>
         <input_file_ref idref="fl-20"/>
      </object_component>
      <object_component id="oc-1a6">
         <name>.text:Timer_A_configureUpMode</name>
         <load_address>0x3348</load_address>
         <run_address>0x3348</run_address>
         <size>0x44</size>
         <input_file_ref idref="fl-23"/>
      </object_component>
      <object_component id="oc-58">
         <name>.text</name>
         <load_address>0x338c</load_address>
         <run_address>0x338c</run_address>
         <size>0x44</size>
         <input_file_ref idref="fl-14b"/>
      </object_component>
      <object_component id="oc-1d9">
         <name>.text:GPIO_getEnabledInterruptStatus</name>
         <load_address>0x33d0</load_address>
         <run_address>0x33d0</run_address>
         <size>0x40</size>
         <input_file_ref idref="fl-1f"/>
      </object_component>
      <object_component id="oc-228">
         <name>.text</name>
         <load_address>0x3410</load_address>
         <run_address>0x3410</run_address>
         <size>0x40</size>
         <input_file_ref idref="fl-150"/>
      </object_component>
      <object_component id="oc-153">
         <name>.text:DMA_disableInterrupt</name>
         <load_address>0x3450</load_address>
         <run_address>0x3450</run_address>
         <size>0x3c</size>
         <input_file_ref idref="fl-1e"/>
      </object_component>
      <object_component id="oc-173">
         <name>.text:ADC14_initModule</name>
         <load_address>0x348c</load_address>
         <run_address>0x348c</run_address>
         <size>0x38</size>
         <input_file_ref idref="fl-1d"/>
      </object_component>
      <object_component id="oc-2db">
         <name>.text:GPIO_setAsInputPinWithPullDownResistor</name>
         <load_address>0x34c4</load_address>
         <run_address>0x34c4</run_address>
         <size>0x30</size>
         <input_file_ref idref="fl-1f"/>
      </object_component>
      <object_component id="oc-2e7">
         <name>.text:GPIO_setAsInputPinWithPullUpResistor</name>
         <load_address>0x34f4</load_address>
         <run_address>0x34f4</run_address>
         <size>0x30</size>
         <input_file_ref idref="fl-1f"/>
      </object_component>
      <object_component id="oc-259">
         <name>.text:is_A_Module</name>
         <load_address>0x3524</load_address>
         <run_address>0x3524</run_address>
         <size>0x30</size>
         <input_file_ref idref="fl-21"/>
      </object_component>
      <object_component id="oc-1b8">
         <name>.text:ADC14_enableConversion</name>
         <load_address>0x3554</load_address>
         <run_address>0x3554</run_address>
         <size>0x2c</size>
         <input_file_ref idref="fl-1d"/>
      </object_component>
      <object_component id="oc-18b">
         <name>.text:ADC14_enableSampleTimer</name>
         <load_address>0x3580</load_address>
         <run_address>0x3580</run_address>
         <size>0x28</size>
         <input_file_ref idref="fl-1d"/>
      </object_component>
      <object_component id="oc-112">
         <name>.text:SPI_changeMasterClock</name>
         <load_address>0x35a8</load_address>
         <run_address>0x35a8</run_address>
         <size>0x26</size>
         <input_file_ref idref="fl-21"/>
      </object_component>
      <object_component id="oc-1ac">
         <name>.text:Timer_A_initCompare</name>
         <load_address>0x35ce</load_address>
         <run_address>0x35ce</run_address>
         <size>0x26</size>
         <input_file_ref idref="fl-23"/>
      </object_component>
      <object_component id="oc-133">
         <name>.text:GPIO_setAsOutputPin</name>
         <load_address>0x35f4</load_address>
         <run_address>0x35f4</run_address>
         <size>0x24</size>
         <input_file_ref idref="fl-1f"/>
      </object_component>
      <object_component id="oc-2fd">
         <name>.text:UART_transmitData</name>
         <load_address>0x3618</load_address>
         <run_address>0x3618</run_address>
         <size>0x24</size>
         <input_file_ref idref="fl-24"/>
      </object_component>
      <object_component id="oc-62">
         <name>.text</name>
         <load_address>0x3640</load_address>
         <run_address>0x3640</run_address>
         <size>0x22</size>
         <input_file_ref idref="fl-b"/>
      </object_component>
      <object_component id="oc-1c4">
         <name>.text:ADC14_disableInterrupt</name>
         <load_address>0x3664</load_address>
         <run_address>0x3664</run_address>
         <size>0x20</size>
         <input_file_ref idref="fl-1d"/>
      </object_component>
      <object_component id="oc-1ca">
         <name>.text:ADC14_disableModule</name>
         <load_address>0x3684</load_address>
         <run_address>0x3684</run_address>
         <size>0x20</size>
         <input_file_ref idref="fl-1d"/>
      </object_component>
      <object_component id="oc-191">
         <name>.text:ADC14_enableInterrupt</name>
         <load_address>0x36a4</load_address>
         <run_address>0x36a4</run_address>
         <size>0x20</size>
         <input_file_ref idref="fl-1d"/>
      </object_component>
      <object_component id="oc-1be">
         <name>.text:ADC14_toggleConversionTrigger</name>
         <load_address>0x36c4</load_address>
         <run_address>0x36c4</run_address>
         <size>0x20</size>
         <input_file_ref idref="fl-1d"/>
      </object_component>
      <object_component id="oc-2e1">
         <name>.text:GPIO_interruptEdgeSelect</name>
         <load_address>0x36e4</load_address>
         <run_address>0x36e4</run_address>
         <size>0x20</size>
         <input_file_ref idref="fl-1f"/>
      </object_component>
      <object_component id="oc-106">
         <name>.text:SPI_enableModule</name>
         <load_address>0x3704</load_address>
         <run_address>0x3704</run_address>
         <size>0x1a</size>
         <input_file_ref idref="fl-21"/>
      </object_component>
      <object_component id="oc-14d">
         <name>.text:DMA_disableChannel</name>
         <load_address>0x3720</load_address>
         <run_address>0x3720</run_address>
         <size>0x18</size>
         <input_file_ref idref="fl-1e"/>
      </object_component>
      <object_component id="oc-279">
         <name>.text:EUSCI_A_SPI_masterChangeClock</name>
         <load_address>0x3738</load_address>
         <run_address>0x3738</run_address>
         <size>0x18</size>
         <input_file_ref idref="fl-21"/>
      </object_component>
      <object_component id="oc-273">
         <name>.text:EUSCI_B_SPI_masterChangeClock</name>
         <load_address>0x3750</load_address>
         <run_address>0x3750</run_address>
         <size>0x18</size>
         <input_file_ref idref="fl-21"/>
      </object_component>
      <object_component id="oc-1df">
         <name>.text:GPIO_clearInterruptFlag</name>
         <load_address>0x3768</load_address>
         <run_address>0x3768</run_address>
         <size>0x18</size>
         <input_file_ref idref="fl-1f"/>
      </object_component>
      <object_component id="oc-1fb">
         <name>.text:GPIO_getInputPinValue</name>
         <load_address>0x3780</load_address>
         <run_address>0x3780</run_address>
         <size>0x18</size>
         <input_file_ref idref="fl-1f"/>
      </object_component>
      <object_component id="oc-13a">
         <name>.text:GPIO_setOutputLowOnPin</name>
         <load_address>0x3798</load_address>
         <run_address>0x3798</run_address>
         <size>0x18</size>
         <input_file_ref idref="fl-1f"/>
      </object_component>
      <object_component id="oc-52">
         <name>.text</name>
         <load_address>0x37b0</load_address>
         <run_address>0x37b0</run_address>
         <size>0x18</size>
         <input_file_ref idref="fl-152"/>
      </object_component>
      <object_component id="oc-34a">
         <name>.text:UART_enableInterrupt</name>
         <load_address>0x37c8</load_address>
         <run_address>0x37c8</run_address>
         <size>0x16</size>
         <input_file_ref idref="fl-24"/>
      </object_component>
      <object_component id="oc-185">
         <name>.text:ADC14_setResolution</name>
         <load_address>0x37e0</load_address>
         <run_address>0x37e0</run_address>
         <size>0x14</size>
         <input_file_ref idref="fl-1d"/>
      </object_component>
      <object_component id="oc-297">
         <name>.text:ADCIsConversionRunning</name>
         <load_address>0x37f4</load_address>
         <run_address>0x37f4</run_address>
         <size>0x14</size>
         <input_file_ref idref="fl-1d"/>
      </object_component>
      <object_component id="oc-1e5">
         <name>.text:GPIO_enableInterrupt</name>
         <load_address>0x3808</load_address>
         <run_address>0x3808</run_address>
         <size>0x14</size>
         <input_file_ref idref="fl-1f"/>
      </object_component>
      <object_component id="oc-10c">
         <name>.text:GPIO_setOutputHighOnPin</name>
         <load_address>0x381c</load_address>
         <run_address>0x381c</run_address>
         <size>0x14</size>
         <input_file_ref idref="fl-1f"/>
      </object_component>
      <object_component id="oc-147">
         <name>.text:SysTick_disableInterrupt</name>
         <load_address>0x3830</load_address>
         <run_address>0x3830</run_address>
         <size>0x14</size>
         <input_file_ref idref="fl-22"/>
      </object_component>
      <object_component id="oc-141">
         <name>.text:SysTick_disableModule</name>
         <load_address>0x3844</load_address>
         <run_address>0x3844</run_address>
         <size>0x14</size>
         <input_file_ref idref="fl-22"/>
      </object_component>
      <object_component id="oc-127">
         <name>.text:SysTick_enableInterrupt</name>
         <load_address>0x3858</load_address>
         <run_address>0x3858</run_address>
         <size>0x14</size>
         <input_file_ref idref="fl-22"/>
      </object_component>
      <object_component id="oc-121">
         <name>.text:SysTick_enableModule</name>
         <load_address>0x386c</load_address>
         <run_address>0x386c</run_address>
         <size>0x14</size>
         <input_file_ref idref="fl-22"/>
      </object_component>
      <object_component id="oc-16d">
         <name>.text:ADC14_enableModule</name>
         <load_address>0x3880</load_address>
         <run_address>0x3880</run_address>
         <size>0x10</size>
         <input_file_ref idref="fl-1d"/>
      </object_component>
      <object_component id="oc-2c6">
         <name>.text:GPIO_getInterruptStatus</name>
         <load_address>0x3890</load_address>
         <run_address>0x3890</run_address>
         <size>0x10</size>
         <input_file_ref idref="fl-1f"/>
      </object_component>
      <object_component id="oc-19d">
         <name>.text:Interrupt_enableMaster</name>
         <load_address>0x38a0</load_address>
         <run_address>0x38a0</run_address>
         <size>0x10</size>
         <input_file_ref idref="fl-20"/>
      </object_component>
      <object_component id="oc-10">
         <name>.text:decompress:none</name>
         <load_address>0x38b0</load_address>
         <run_address>0x38b0</run_address>
         <size>0xe</size>
         <input_file_ref idref="fl-148"/>
      </object_component>
      <object_component id="oc-2ae">
         <name>.text:CPU_cpsie</name>
         <load_address>0x38be</load_address>
         <run_address>0x38be</run_address>
         <size>0xc</size>
         <input_file_ref idref="fl-25"/>
      </object_component>
      <object_component id="oc-267">
         <name>.text:EUSCI_A_SPI_enable</name>
         <load_address>0x38ca</load_address>
         <run_address>0x38ca</run_address>
         <size>0xc</size>
         <input_file_ref idref="fl-21"/>
      </object_component>
      <object_component id="oc-261">
         <name>.text:EUSCI_B_SPI_enable</name>
         <load_address>0x38d6</load_address>
         <run_address>0x38d6</run_address>
         <size>0xc</size>
         <input_file_ref idref="fl-21"/>
      </object_component>
      <object_component id="oc-11b">
         <name>.text:SysTick_setPeriod</name>
         <load_address>0x38e4</load_address>
         <run_address>0x38e4</run_address>
         <size>0xc</size>
         <input_file_ref idref="fl-22"/>
      </object_component>
      <object_component id="oc-350">
         <name>.text:UART_disableModule</name>
         <load_address>0x38f0</load_address>
         <run_address>0x38f0</run_address>
         <size>0xc</size>
         <input_file_ref idref="fl-24"/>
      </object_component>
      <object_component id="oc-1c">
         <name>.text:decompress:ZI</name>
         <load_address>0x38fc</load_address>
         <run_address>0x38fc</run_address>
         <size>0xc</size>
         <input_file_ref idref="fl-14a"/>
      </object_component>
      <object_component id="oc-30a">
         <name>.const:camera_fpn</name>
         <load_address>0x3908</load_address>
         <run_address>0x3908</run_address>
         <size>0x3100</size>
         <input_file_ref idref="fl-10"/>
      </object_component>
      <object_component id="oc-280">
         <name>.const:.string</name>
         <load_address>0x6a08</load_address>
         <run_address>0x6a08</run_address>
         <size>0x13a</size>
         <input_file_ref idref="fl-156"/>
      </object_component>
      <object_component id="oc-1a3">
         <name>.const</name>
         <load_address>0x6b44</load_address>
         <run_address>0x6b44</run_address>
         <size>0x98</size>
         <input_file_ref idref="fl-2"/>
      </object_component>
      <object_component id="oc-2a6">
         <name>.const:_ctlRegs</name>
         <load_address>0x6bdc</load_address>
         <run_address>0x6bdc</run_address>
         <size>0x80</size>
         <input_file_ref idref="fl-1d"/>
      </object_component>
      <object_component id="oc-28f">
         <name>.const</name>
         <load_address>0x6c5c</load_address>
         <run_address>0x6c5c</run_address>
         <size>0x40</size>
         <input_file_ref idref="fl-20"/>
      </object_component>
      <object_component id="oc-347">
         <name>.const:$P$T0$1$6</name>
         <load_address>0x6c9c</load_address>
         <run_address>0x6c9c</run_address>
         <size>0x24</size>
         <input_file_ref idref="fl-a"/>
      </object_component>
      <object_component id="oc-fa">
         <name>.const</name>
         <load_address>0x6cc0</load_address>
         <run_address>0x6cc0</run_address>
         <size>0x1c</size>
         <input_file_ref idref="fl-9"/>
      </object_component>
      <object_component id="oc-20d">
         <name>.const</name>
         <load_address>0x6cdc</load_address>
         <run_address>0x6cdc</run_address>
         <size>0xc</size>
         <input_file_ref idref="fl-8"/>
      </object_component>
      <object_component id="oc-389">
         <name>.cinit..data.load</name>
         <load_address>0x6ce8</load_address>
         <run_address>0x6ce8</run_address>
         <size>0xf6</size>
      </object_component>
      <object_component id="oc-387">
         <name>__TI_handler_table</name>
         <load_address>0x6de0</load_address>
         <run_address>0x6de0</run_address>
         <size>0xc</size>
      </object_component>
      <object_component id="oc-38a">
         <name>.cinit..bss.load</name>
         <load_address>0x6df0</load_address>
         <run_address>0x6df0</run_address>
         <size>0x8</size>
      </object_component>
      <object_component id="oc-388">
         <name>__TI_cinit_table</name>
         <load_address>0x6df8</load_address>
         <run_address>0x6df8</run_address>
         <size>0x10</size>
      </object_component>
      <object_component id="oc-2a">
         <name>.stack</name>
         <uninitialized>true</uninitialized>
         <run_address>0x2000fe00</run_address>
         <size>0x0</size>
         <input_file_ref idref="fl-147"/>
      </object_component>
      <object_component id="oc-38b">
         <name>.stack</name>
         <uninitialized>true</uninitialized>
         <run_address>0x2000fe00</run_address>
         <size>0x0</size>
      </object_component>
      <object_component id="oc-306">
         <name>.bss:local_buffer</name>
         <uninitialized>true</uninitialized>
         <run_address>0x20000000</run_address>
         <size>0x620a</size>
         <input_file_ref idref="fl-8"/>
      </object_component>
      <object_component id="oc-1eb">
         <name>.common:GPIOwakeup</name>
         <uninitialized>true</uninitialized>
         <run_address>0x2000620b</run_address>
         <size>0x1</size>
      </object_component>
      <object_component id="oc-140">
         <name>.common:Timer1$5</name>
         <uninitialized>true</uninitialized>
         <run_address>0x2000620c</run_address>
         <size>0x1</size>
      </object_component>
      <object_component id="oc-139">
         <name>.common:Timer2$5</name>
         <uninitialized>true</uninitialized>
         <run_address>0x2000620d</run_address>
         <size>0x1</size>
      </object_component>
      <object_component id="oc-1d7">
         <name>.common:DMA_FRAM_stop</name>
         <uninitialized>true</uninitialized>
         <run_address>0x2000620a</run_address>
         <size>0x1</size>
      </object_component>
      <object_component id="oc-fd">
         <name>.data</name>
         <load_address>0x200062f8</load_address>
         <run_address>0x200062f8</run_address>
         <size>0x10</size>
         <input_file_ref idref="fl-8"/>
      </object_component>
      <object_component id="oc-26e">
         <name>.data:GPIO_PORT_TO_BASE</name>
         <load_address>0x200062b8</load_address>
         <run_address>0x200062b8</run_address>
         <size>0x30</size>
         <input_file_ref idref="fl-1f"/>
      </object_component>
      <object_component id="oc-eb">
         <name>.data</name>
         <load_address>0x20006310</load_address>
         <run_address>0x20006310</run_address>
         <size>0x8</size>
         <input_file_ref idref="fl-14b"/>
      </object_component>
      <object_component id="oc-16a">
         <name>.data</name>
         <load_address>0x200062e8</load_address>
         <run_address>0x200062e8</run_address>
         <size>0x10</size>
         <input_file_ref idref="fl-2"/>
      </object_component>
      <object_component id="oc-118">
         <name>.data</name>
         <load_address>0x20006210</load_address>
         <run_address>0x20006210</run_address>
         <size>0xa8</size>
         <input_file_ref idref="fl-9"/>
      </object_component>
      <object_component id="oc-251">
         <name>.data</name>
         <load_address>0x2000631c</load_address>
         <run_address>0x2000631c</run_address>
         <size>0x4</size>
         <input_file_ref idref="fl-d"/>
      </object_component>
      <object_component id="oc-5e">
         <name>.data</name>
         <load_address>0x20006318</load_address>
         <run_address>0x20006318</run_address>
         <size>0x4</size>
         <input_file_ref idref="fl-14f"/>
      </object_component>
      <object_component id="oc-e8">
         <name>.data</name>
         <load_address>0x20006308</load_address>
         <run_address>0x20006308</run_address>
         <size>0x8</size>
         <input_file_ref idref="fl-151"/>
      </object_component>
      <object_component id="oc-235">
         <name>.debug_info</name>
         <load_address>0x0</load_address>
         <run_address>0x0</run_address>
         <size>0x6ab</size>
         <input_file_ref idref="fl-6"/>
      </object_component>
      <object_component id="oc-1f0">
         <name>.debug_info</name>
         <load_address>0x6ab</load_address>
         <run_address>0x6ab</run_address>
         <size>0x4ac</size>
         <input_file_ref idref="fl-6"/>
      </object_component>
      <object_component id="oc-230">
         <name>.debug_info</name>
         <load_address>0xb57</load_address>
         <run_address>0xb57</run_address>
         <size>0x36f2</size>
         <input_file_ref idref="fl-6"/>
      </object_component>
      <object_component id="oc-9f">
         <name>.debug_info</name>
         <load_address>0x4249</load_address>
         <run_address>0x4249</run_address>
         <size>0x103e</size>
         <input_file_ref idref="fl-6"/>
      </object_component>
      <object_component id="oc-330">
         <name>.debug_info</name>
         <load_address>0x5287</load_address>
         <run_address>0x5287</run_address>
         <size>0x8a</size>
         <input_file_ref idref="fl-6"/>
      </object_component>
      <object_component id="oc-a4">
         <name>.debug_info</name>
         <load_address>0x5311</load_address>
         <run_address>0x5311</run_address>
         <size>0x341</size>
         <input_file_ref idref="fl-6"/>
      </object_component>
      <object_component id="oc-8b">
         <name>.debug_info</name>
         <load_address>0x5652</load_address>
         <run_address>0x5652</run_address>
         <size>0x8b</size>
         <input_file_ref idref="fl-6"/>
      </object_component>
      <object_component id="oc-ae">
         <name>.debug_info</name>
         <load_address>0x56dd</load_address>
         <run_address>0x56dd</run_address>
         <size>0x18b</size>
         <input_file_ref idref="fl-6"/>
      </object_component>
      <object_component id="oc-c2">
         <name>.debug_info</name>
         <load_address>0x5868</load_address>
         <run_address>0x5868</run_address>
         <size>0x131</size>
         <input_file_ref idref="fl-6"/>
      </object_component>
      <object_component id="oc-c7">
         <name>.debug_info</name>
         <load_address>0x5999</load_address>
         <run_address>0x5999</run_address>
         <size>0xee</size>
         <input_file_ref idref="fl-6"/>
      </object_component>
      <object_component id="oc-1ec">
         <name>.debug_info</name>
         <load_address>0x5a87</load_address>
         <run_address>0x5a87</run_address>
         <size>0xabe</size>
         <input_file_ref idref="fl-8"/>
      </object_component>
      <object_component id="oc-307">
         <name>.debug_info</name>
         <load_address>0x6545</load_address>
         <run_address>0x6545</run_address>
         <size>0x109</size>
         <input_file_ref idref="fl-8"/>
      </object_component>
      <object_component id="oc-fe">
         <name>.debug_info</name>
         <load_address>0x664e</load_address>
         <run_address>0x664e</run_address>
         <size>0x1f3</size>
         <input_file_ref idref="fl-8"/>
      </object_component>
      <object_component id="oc-20e">
         <name>.debug_info</name>
         <load_address>0x6841</load_address>
         <run_address>0x6841</run_address>
         <size>0x154</size>
         <input_file_ref idref="fl-8"/>
      </object_component>
      <object_component id="oc-7b">
         <name>.debug_info</name>
         <load_address>0x6995</load_address>
         <run_address>0x6995</run_address>
         <size>0x6dc</size>
         <input_file_ref idref="fl-8"/>
      </object_component>
      <object_component id="oc-2d6">
         <name>.debug_info</name>
         <load_address>0x7071</load_address>
         <run_address>0x7071</run_address>
         <size>0xe4</size>
         <input_file_ref idref="fl-8"/>
      </object_component>
      <object_component id="oc-2d1">
         <name>.debug_info</name>
         <load_address>0x7155</load_address>
         <run_address>0x7155</run_address>
         <size>0x4c5</size>
         <input_file_ref idref="fl-8"/>
      </object_component>
      <object_component id="oc-d1">
         <name>.debug_info</name>
         <load_address>0x761a</load_address>
         <run_address>0x761a</run_address>
         <size>0xb8</size>
         <input_file_ref idref="fl-8"/>
      </object_component>
      <object_component id="oc-82">
         <name>.debug_info</name>
         <load_address>0x76d2</load_address>
         <run_address>0x76d2</run_address>
         <size>0x50a</size>
         <input_file_ref idref="fl-b"/>
      </object_component>
      <object_component id="oc-28">
         <name>.debug_info</name>
         <load_address>0x7bdc</load_address>
         <run_address>0x7bdc</run_address>
         <size>0x124</size>
         <input_file_ref idref="fl-b"/>
      </object_component>
      <object_component id="oc-63">
         <name>.debug_info</name>
         <load_address>0x7d00</load_address>
         <run_address>0x7d00</run_address>
         <size>0x28c</size>
         <input_file_ref idref="fl-b"/>
      </object_component>
      <object_component id="oc-e2">
         <name>.debug_info</name>
         <load_address>0x7f8c</load_address>
         <run_address>0x7f8c</run_address>
         <size>0x84</size>
         <input_file_ref idref="fl-b"/>
      </object_component>
      <object_component id="oc-29e">
         <name>.debug_info</name>
         <load_address>0x8010</load_address>
         <run_address>0x8010</run_address>
         <size>0x4ad</size>
         <input_file_ref idref="fl-1d"/>
      </object_component>
      <object_component id="oc-2a7">
         <name>.debug_info</name>
         <load_address>0x84bd</load_address>
         <run_address>0x84bd</run_address>
         <size>0xb9</size>
         <input_file_ref idref="fl-1d"/>
      </object_component>
      <object_component id="oc-1c1">
         <name>.debug_info</name>
         <load_address>0x8576</load_address>
         <run_address>0x8576</run_address>
         <size>0x111</size>
         <input_file_ref idref="fl-1d"/>
      </object_component>
      <object_component id="oc-29a">
         <name>.debug_info</name>
         <load_address>0x8687</load_address>
         <run_address>0x8687</run_address>
         <size>0xff</size>
         <input_file_ref idref="fl-1d"/>
      </object_component>
      <object_component id="oc-188">
         <name>.debug_info</name>
         <load_address>0x8786</load_address>
         <run_address>0x8786</run_address>
         <size>0x130</size>
         <input_file_ref idref="fl-1d"/>
      </object_component>
      <object_component id="oc-175">
         <name>.debug_info</name>
         <load_address>0x88b6</load_address>
         <run_address>0x88b6</run_address>
         <size>0x23d</size>
         <input_file_ref idref="fl-1d"/>
      </object_component>
      <object_component id="oc-2a1">
         <name>.debug_info</name>
         <load_address>0x8af3</load_address>
         <run_address>0x8af3</run_address>
         <size>0x1d0</size>
         <input_file_ref idref="fl-1d"/>
      </object_component>
      <object_component id="oc-18d">
         <name>.debug_info</name>
         <load_address>0x8cc3</load_address>
         <run_address>0x8cc3</run_address>
         <size>0x179</size>
         <input_file_ref idref="fl-1d"/>
      </object_component>
      <object_component id="oc-16f">
         <name>.debug_info</name>
         <load_address>0x8e3c</load_address>
         <run_address>0x8e3c</run_address>
         <size>0xf4</size>
         <input_file_ref idref="fl-1d"/>
      </object_component>
      <object_component id="oc-193">
         <name>.debug_info</name>
         <load_address>0x8f30</load_address>
         <run_address>0x8f30</run_address>
         <size>0x10e</size>
         <input_file_ref idref="fl-1d"/>
      </object_component>
      <object_component id="oc-1bb">
         <name>.debug_info</name>
         <load_address>0x903e</load_address>
         <run_address>0x903e</run_address>
         <size>0x126</size>
         <input_file_ref idref="fl-1d"/>
      </object_component>
      <object_component id="oc-1cd">
         <name>.debug_info</name>
         <load_address>0x9164</load_address>
         <run_address>0x9164</run_address>
         <size>0x117</size>
         <input_file_ref idref="fl-1d"/>
      </object_component>
      <object_component id="oc-1c7">
         <name>.debug_info</name>
         <load_address>0x927b</load_address>
         <run_address>0x927b</run_address>
         <size>0x110</size>
         <input_file_ref idref="fl-1d"/>
      </object_component>
      <object_component id="oc-17c">
         <name>.debug_info</name>
         <load_address>0x938b</load_address>
         <run_address>0x938b</run_address>
         <size>0x1e0</size>
         <input_file_ref idref="fl-1d"/>
      </object_component>
      <object_component id="oc-182">
         <name>.debug_info</name>
         <load_address>0x956b</load_address>
         <run_address>0x956b</run_address>
         <size>0x27e</size>
         <input_file_ref idref="fl-1d"/>
      </object_component>
      <object_component id="oc-31f">
         <name>.debug_info</name>
         <load_address>0x97e9</load_address>
         <run_address>0x97e9</run_address>
         <size>0x103e</size>
         <input_file_ref idref="fl-1d"/>
      </object_component>
      <object_component id="oc-28d">
         <name>.debug_info</name>
         <load_address>0xa827</load_address>
         <run_address>0xa827</run_address>
         <size>0x48d</size>
         <input_file_ref idref="fl-1e"/>
      </object_component>
      <object_component id="oc-154">
         <name>.debug_info</name>
         <load_address>0xacb4</load_address>
         <run_address>0xacb4</run_address>
         <size>0x14f</size>
         <input_file_ref idref="fl-1e"/>
      </object_component>
      <object_component id="oc-14e">
         <name>.debug_info</name>
         <load_address>0xae03</load_address>
         <run_address>0xae03</run_address>
         <size>0x128</size>
         <input_file_ref idref="fl-1e"/>
      </object_component>
      <object_component id="oc-272">
         <name>.debug_info</name>
         <load_address>0xaf2b</load_address>
         <run_address>0xaf2b</run_address>
         <size>0x49e</size>
         <input_file_ref idref="fl-1f"/>
      </object_component>
      <object_component id="oc-26f">
         <name>.debug_info</name>
         <load_address>0xb3c9</load_address>
         <run_address>0xb3c9</run_address>
         <size>0xca</size>
         <input_file_ref idref="fl-1f"/>
      </object_component>
      <object_component id="oc-13b">
         <name>.debug_info</name>
         <load_address>0xb493</load_address>
         <run_address>0xb493</run_address>
         <size>0x17d</size>
         <input_file_ref idref="fl-1f"/>
      </object_component>
      <object_component id="oc-10d">
         <name>.debug_info</name>
         <load_address>0xb610</load_address>
         <run_address>0xb610</run_address>
         <size>0x17f</size>
         <input_file_ref idref="fl-1f"/>
      </object_component>
      <object_component id="oc-1b3">
         <name>.debug_info</name>
         <load_address>0xb78f</load_address>
         <run_address>0xb78f</run_address>
         <size>0x1d7</size>
         <input_file_ref idref="fl-1f"/>
      </object_component>
      <object_component id="oc-12e">
         <name>.debug_info</name>
         <load_address>0xb966</load_address>
         <run_address>0xb966</run_address>
         <size>0x1d5</size>
         <input_file_ref idref="fl-1f"/>
      </object_component>
      <object_component id="oc-134">
         <name>.debug_info</name>
         <load_address>0xbb3b</load_address>
         <run_address>0xbb3b</run_address>
         <size>0x196</size>
         <input_file_ref idref="fl-1f"/>
      </object_component>
      <object_component id="oc-2e8">
         <name>.debug_info</name>
         <load_address>0xbcd1</load_address>
         <run_address>0xbcd1</run_address>
         <size>0x1b8</size>
         <input_file_ref idref="fl-1f"/>
      </object_component>
      <object_component id="oc-2dc">
         <name>.debug_info</name>
         <load_address>0xbe89</load_address>
         <run_address>0xbe89</run_address>
         <size>0x1bc</size>
         <input_file_ref idref="fl-1f"/>
      </object_component>
      <object_component id="oc-2e2">
         <name>.debug_info</name>
         <load_address>0xc045</load_address>
         <run_address>0xc045</run_address>
         <size>0x1dd</size>
         <input_file_ref idref="fl-1f"/>
      </object_component>
      <object_component id="oc-2c7">
         <name>.debug_info</name>
         <load_address>0xc222</load_address>
         <run_address>0xc222</run_address>
         <size>0x183</size>
         <input_file_ref idref="fl-1f"/>
      </object_component>
      <object_component id="oc-1fc">
         <name>.debug_info</name>
         <load_address>0xc3a5</load_address>
         <run_address>0xc3a5</run_address>
         <size>0x17f</size>
         <input_file_ref idref="fl-1f"/>
      </object_component>
      <object_component id="oc-1da">
         <name>.debug_info</name>
         <load_address>0xc524</load_address>
         <run_address>0xc524</run_address>
         <size>0x1ae</size>
         <input_file_ref idref="fl-1f"/>
      </object_component>
      <object_component id="oc-1e6">
         <name>.debug_info</name>
         <load_address>0xc6d2</load_address>
         <run_address>0xc6d2</run_address>
         <size>0x179</size>
         <input_file_ref idref="fl-1f"/>
      </object_component>
      <object_component id="oc-1e0">
         <name>.debug_info</name>
         <load_address>0xc84b</load_address>
         <run_address>0xc84b</run_address>
         <size>0x182</size>
         <input_file_ref idref="fl-1f"/>
      </object_component>
      <object_component id="oc-293">
         <name>.debug_info</name>
         <load_address>0xc9cd</load_address>
         <run_address>0xc9cd</run_address>
         <size>0x42c</size>
         <input_file_ref idref="fl-20"/>
      </object_component>
      <object_component id="oc-290">
         <name>.debug_info</name>
         <load_address>0xcdf9</load_address>
         <run_address>0xcdf9</run_address>
         <size>0x16d</size>
         <input_file_ref idref="fl-20"/>
      </object_component>
      <object_component id="oc-1d5">
         <name>.debug_info</name>
         <load_address>0xcf66</load_address>
         <run_address>0xcf66</run_address>
         <size>0x165</size>
         <input_file_ref idref="fl-20"/>
      </object_component>
      <object_component id="oc-1a1">
         <name>.debug_info</name>
         <load_address>0xd0cb</load_address>
         <run_address>0xd0cb</run_address>
         <size>0x11c</size>
         <input_file_ref idref="fl-20"/>
      </object_component>
      <object_component id="oc-19b">
         <name>.debug_info</name>
         <load_address>0xd1e7</load_address>
         <run_address>0xd1e7</run_address>
         <size>0x165</size>
         <input_file_ref idref="fl-20"/>
      </object_component>
      <object_component id="oc-15d">
         <name>.debug_info</name>
         <load_address>0xd34c</load_address>
         <run_address>0xd34c</run_address>
         <size>0x167</size>
         <input_file_ref idref="fl-20"/>
      </object_component>
      <object_component id="oc-260">
         <name>.debug_info</name>
         <load_address>0xd4b3</load_address>
         <run_address>0xd4b3</run_address>
         <size>0x4ab</size>
         <input_file_ref idref="fl-21"/>
      </object_component>
      <object_component id="oc-25c">
         <name>.debug_info</name>
         <load_address>0xd95e</load_address>
         <run_address>0xd95e</run_address>
         <size>0x10d</size>
         <input_file_ref idref="fl-21"/>
      </object_component>
      <object_component id="oc-104">
         <name>.debug_info</name>
         <load_address>0xda6b</load_address>
         <run_address>0xda6b</run_address>
         <size>0x176</size>
         <input_file_ref idref="fl-21"/>
      </object_component>
      <object_component id="oc-265">
         <name>.debug_info</name>
         <load_address>0xdbe1</load_address>
         <run_address>0xdbe1</run_address>
         <size>0x12f</size>
         <input_file_ref idref="fl-21"/>
      </object_component>
      <object_component id="oc-26b">
         <name>.debug_info</name>
         <load_address>0xdd10</load_address>
         <run_address>0xdd10</run_address>
         <size>0x12f</size>
         <input_file_ref idref="fl-21"/>
      </object_component>
      <object_component id="oc-10a">
         <name>.debug_info</name>
         <load_address>0xde3f</load_address>
         <run_address>0xde3f</run_address>
         <size>0x181</size>
         <input_file_ref idref="fl-21"/>
      </object_component>
      <object_component id="oc-277">
         <name>.debug_info</name>
         <load_address>0xdfc0</load_address>
         <run_address>0xdfc0</run_address>
         <size>0x1f5</size>
         <input_file_ref idref="fl-21"/>
      </object_component>
      <object_component id="oc-27d">
         <name>.debug_info</name>
         <load_address>0xe1b5</load_address>
         <run_address>0xe1b5</run_address>
         <size>0x1f5</size>
         <input_file_ref idref="fl-21"/>
      </object_component>
      <object_component id="oc-116">
         <name>.debug_info</name>
         <load_address>0xe3aa</load_address>
         <run_address>0xe3aa</run_address>
         <size>0x24e</size>
         <input_file_ref idref="fl-21"/>
      </object_component>
      <object_component id="oc-284">
         <name>.debug_info</name>
         <load_address>0xe5f8</load_address>
         <run_address>0xe5f8</run_address>
         <size>0x3f4</size>
         <input_file_ref idref="fl-22"/>
      </object_component>
      <object_component id="oc-11c">
         <name>.debug_info</name>
         <load_address>0xe9ec</load_address>
         <run_address>0xe9ec</run_address>
         <size>0x122</size>
         <input_file_ref idref="fl-22"/>
      </object_component>
      <object_component id="oc-122">
         <name>.debug_info</name>
         <load_address>0xeb0e</load_address>
         <run_address>0xeb0e</run_address>
         <size>0xfe</size>
         <input_file_ref idref="fl-22"/>
      </object_component>
      <object_component id="oc-128">
         <name>.debug_info</name>
         <load_address>0xec0c</load_address>
         <run_address>0xec0c</run_address>
         <size>0x104</size>
         <input_file_ref idref="fl-22"/>
      </object_component>
      <object_component id="oc-142">
         <name>.debug_info</name>
         <load_address>0xed10</load_address>
         <run_address>0xed10</run_address>
         <size>0x100</size>
         <input_file_ref idref="fl-22"/>
      </object_component>
      <object_component id="oc-148">
         <name>.debug_info</name>
         <load_address>0xee10</load_address>
         <run_address>0xee10</run_address>
         <size>0x106</size>
         <input_file_ref idref="fl-22"/>
      </object_component>
      <object_component id="oc-2be">
         <name>.debug_info</name>
         <load_address>0xef16</load_address>
         <run_address>0xef16</run_address>
         <size>0x4ef</size>
         <input_file_ref idref="fl-23"/>
      </object_component>
      <object_component id="oc-1af">
         <name>.debug_info</name>
         <load_address>0xf405</load_address>
         <run_address>0xf405</run_address>
         <size>0x15e</size>
         <input_file_ref idref="fl-23"/>
      </object_component>
      <object_component id="oc-2bb">
         <name>.debug_info</name>
         <load_address>0xf563</load_address>
         <run_address>0xf563</run_address>
         <size>0x1a9</size>
         <input_file_ref idref="fl-23"/>
      </object_component>
      <object_component id="oc-1aa">
         <name>.debug_info</name>
         <load_address>0xf70c</load_address>
         <run_address>0xf70c</run_address>
         <size>0x182</size>
         <input_file_ref idref="fl-23"/>
      </object_component>
      <object_component id="oc-358">
         <name>.debug_info</name>
         <load_address>0xf88e</load_address>
         <run_address>0xf88e</run_address>
         <size>0x492</size>
         <input_file_ref idref="fl-24"/>
      </object_component>
      <object_component id="oc-301">
         <name>.debug_info</name>
         <load_address>0xfd20</load_address>
         <run_address>0xfd20</run_address>
         <size>0x17b</size>
         <input_file_ref idref="fl-24"/>
      </object_component>
      <object_component id="oc-2fb">
         <name>.debug_info</name>
         <load_address>0xfe9b</load_address>
         <run_address>0xfe9b</run_address>
         <size>0x16e</size>
         <input_file_ref idref="fl-24"/>
      </object_component>
      <object_component id="oc-34e">
         <name>.debug_info</name>
         <load_address>0x10009</load_address>
         <run_address>0x10009</run_address>
         <size>0x162</size>
         <input_file_ref idref="fl-24"/>
      </object_component>
      <object_component id="oc-354">
         <name>.debug_info</name>
         <load_address>0x1016b</load_address>
         <run_address>0x1016b</run_address>
         <size>0x13b</size>
         <input_file_ref idref="fl-24"/>
      </object_component>
      <object_component id="oc-2b2">
         <name>.debug_info</name>
         <load_address>0x102a6</load_address>
         <run_address>0x102a6</run_address>
         <size>0xe1</size>
         <input_file_ref idref="fl-25"/>
      </object_component>
      <object_component id="oc-24">
         <name>.debug_info</name>
         <load_address>0x10387</load_address>
         <run_address>0x10387</run_address>
         <size>0x134</size>
         <input_file_ref idref="fl-147"/>
      </object_component>
      <object_component id="oc-ef">
         <name>.debug_info</name>
         <load_address>0x104bb</load_address>
         <run_address>0x104bb</run_address>
         <size>0x172</size>
         <input_file_ref idref="fl-14b"/>
      </object_component>
      <object_component id="oc-ec">
         <name>.debug_info</name>
         <load_address>0x1062d</load_address>
         <run_address>0x1062d</run_address>
         <size>0x117</size>
         <input_file_ref idref="fl-14b"/>
      </object_component>
      <object_component id="oc-59">
         <name>.debug_info</name>
         <load_address>0x10744</load_address>
         <run_address>0x10744</run_address>
         <size>0x1ee</size>
         <input_file_ref idref="fl-14b"/>
      </object_component>
      <object_component id="oc-2d">
         <name>.debug_info</name>
         <load_address>0x10932</load_address>
         <run_address>0x10932</run_address>
         <size>0xf6</size>
         <input_file_ref idref="fl-14c"/>
      </object_component>
      <object_component id="oc-41">
         <name>.debug_info</name>
         <load_address>0x10a28</load_address>
         <run_address>0x10a28</run_address>
         <size>0x124</size>
         <input_file_ref idref="fl-14d"/>
      </object_component>
      <object_component id="oc-22b">
         <name>.debug_info</name>
         <load_address>0x10b4c</load_address>
         <run_address>0x10b4c</run_address>
         <size>0x11f</size>
         <input_file_ref idref="fl-150"/>
      </object_component>
      <object_component id="oc-e7">
         <name>.debug_info</name>
         <load_address>0x10c6b</load_address>
         <run_address>0x10c6b</run_address>
         <size>0x147</size>
         <input_file_ref idref="fl-152"/>
      </object_component>
      <object_component id="oc-53">
         <name>.debug_info</name>
         <load_address>0x10db2</load_address>
         <run_address>0x10db2</run_address>
         <size>0x148</size>
         <input_file_ref idref="fl-152"/>
      </object_component>
      <object_component id="oc-240">
         <name>.debug_info</name>
         <load_address>0x10efa</load_address>
         <run_address>0x10efa</run_address>
         <size>0x5e</size>
         <input_file_ref idref="fl-152"/>
      </object_component>
      <object_component id="oc-e0">
         <name>.debug_info</name>
         <load_address>0x10f58</load_address>
         <run_address>0x10f58</run_address>
         <size>0x29e</size>
         <input_file_ref idref="fl-153"/>
      </object_component>
      <object_component id="oc-4d">
         <name>.debug_info</name>
         <load_address>0x111f6</load_address>
         <run_address>0x111f6</run_address>
         <size>0x158</size>
         <input_file_ref idref="fl-153"/>
      </object_component>
      <object_component id="oc-239">
         <name>.debug_info</name>
         <load_address>0x1134e</load_address>
         <run_address>0x1134e</run_address>
         <size>0x39</size>
         <input_file_ref idref="fl-153"/>
      </object_component>
      <object_component id="oc-cc">
         <name>.debug_info</name>
         <load_address>0x11387</load_address>
         <run_address>0x11387</run_address>
         <size>0xcd</size>
         <input_file_ref idref="fl-153"/>
      </object_component>
      <object_component id="oc-36">
         <name>.debug_info</name>
         <load_address>0x11454</load_address>
         <run_address>0x11454</run_address>
         <size>0x15fb</size>
         <input_file_ref idref="fl-156"/>
      </object_component>
      <object_component id="oc-16b">
         <name>.debug_info</name>
         <load_address>0x12a4f</load_address>
         <run_address>0x12a4f</run_address>
         <size>0x170</size>
         <input_file_ref idref="fl-156"/>
      </object_component>
      <object_component id="oc-119">
         <name>.debug_info</name>
         <load_address>0x12bbf</load_address>
         <run_address>0x12bbf</run_address>
         <size>0x192</size>
         <input_file_ref idref="fl-156"/>
      </object_component>
      <object_component id="oc-fb">
         <name>.debug_info</name>
         <load_address>0x12d51</load_address>
         <run_address>0x12d51</run_address>
         <size>0xf9</size>
         <input_file_ref idref="fl-156"/>
      </object_component>
      <object_component id="oc-348">
         <name>.debug_info</name>
         <load_address>0x12e4a</load_address>
         <run_address>0x12e4a</run_address>
         <size>0xf8</size>
         <input_file_ref idref="fl-156"/>
      </object_component>
      <object_component id="oc-252">
         <name>.debug_info</name>
         <load_address>0x12f42</load_address>
         <run_address>0x12f42</run_address>
         <size>0x105</size>
         <input_file_ref idref="fl-156"/>
      </object_component>
      <object_component id="oc-30b">
         <name>.debug_info</name>
         <load_address>0x13047</load_address>
         <run_address>0x13047</run_address>
         <size>0xfb</size>
         <input_file_ref idref="fl-156"/>
      </object_component>
      <object_component id="oc-5f">
         <name>.debug_info</name>
         <load_address>0x13142</load_address>
         <run_address>0x13142</run_address>
         <size>0xff</size>
         <input_file_ref idref="fl-156"/>
      </object_component>
      <object_component id="oc-1a4">
         <name>.debug_info</name>
         <load_address>0x13241</load_address>
         <run_address>0x13241</run_address>
         <size>0x1e6</size>
         <input_file_ref idref="fl-156"/>
      </object_component>
      <object_component id="oc-e9">
         <name>.debug_info</name>
         <load_address>0x13427</load_address>
         <run_address>0x13427</run_address>
         <size>0x110</size>
         <input_file_ref idref="fl-156"/>
      </object_component>
      <object_component id="oc-246">
         <name>.debug_info</name>
         <load_address>0x13537</load_address>
         <run_address>0x13537</run_address>
         <size>0x115</size>
         <input_file_ref idref="fl-156"/>
      </object_component>
      <object_component id="oc-2f2">
         <name>.debug_info</name>
         <load_address>0x1364c</load_address>
         <run_address>0x1364c</run_address>
         <size>0x3b5</size>
         <input_file_ref idref="fl-156"/>
      </object_component>
      <object_component id="oc-69">
         <name>.debug_info</name>
         <load_address>0x13a01</load_address>
         <run_address>0x13a01</run_address>
         <size>0x1338</size>
         <input_file_ref idref="fl-156"/>
      </object_component>
      <object_component id="oc-208">
         <name>.debug_info</name>
         <load_address>0x14d39</load_address>
         <run_address>0x14d39</run_address>
         <size>0x463</size>
         <input_file_ref idref="fl-156"/>
      </object_component>
      <object_component id="oc-223">
         <name>.debug_info</name>
         <load_address>0x1519c</load_address>
         <run_address>0x1519c</run_address>
         <size>0x251</size>
         <input_file_ref idref="fl-156"/>
      </object_component>
      <object_component id="oc-21d">
         <name>.debug_info</name>
         <load_address>0x153ed</load_address>
         <run_address>0x153ed</run_address>
         <size>0x20d</size>
         <input_file_ref idref="fl-156"/>
      </object_component>
      <object_component id="oc-217">
         <name>.debug_info</name>
         <load_address>0x155fa</load_address>
         <run_address>0x155fa</run_address>
         <size>0x135</size>
         <input_file_ref idref="fl-156"/>
      </object_component>
      <object_component id="oc-6f">
         <name>.debug_info</name>
         <load_address>0x1572f</load_address>
         <run_address>0x1572f</run_address>
         <size>0x10e8</size>
         <input_file_ref idref="fl-156"/>
      </object_component>
      <object_component id="oc-211">
         <name>.debug_info</name>
         <load_address>0x16817</load_address>
         <run_address>0x16817</run_address>
         <size>0x366</size>
         <input_file_ref idref="fl-156"/>
      </object_component>
      <object_component id="oc-da">
         <name>.debug_info</name>
         <load_address>0x16b7d</load_address>
         <run_address>0x16b7d</run_address>
         <size>0x173</size>
         <input_file_ref idref="fl-156"/>
      </object_component>
      <object_component id="oc-47">
         <name>.debug_info</name>
         <load_address>0x16cf0</load_address>
         <run_address>0x16cf0</run_address>
         <size>0x137</size>
         <input_file_ref idref="fl-156"/>
      </object_component>
      <object_component id="oc-311">
         <name>.debug_info</name>
         <load_address>0x16e27</load_address>
         <run_address>0x16e27</run_address>
         <size>0x138</size>
         <input_file_ref idref="fl-156"/>
      </object_component>
      <object_component id="oc-1d">
         <name>.debug_info</name>
         <load_address>0x16f5f</load_address>
         <run_address>0x16f5f</run_address>
         <size>0x193</size>
         <input_file_ref idref="fl-156"/>
      </object_component>
      <object_component id="oc-3a">
         <name>.debug_info</name>
         <load_address>0x170f2</load_address>
         <run_address>0x170f2</run_address>
         <size>0x22e</size>
         <input_file_ref idref="fl-156"/>
      </object_component>
      <object_component id="oc-17">
         <name>.debug_info</name>
         <load_address>0x17320</load_address>
         <run_address>0x17320</run_address>
         <size>0x198</size>
         <input_file_ref idref="fl-156"/>
      </object_component>
      <object_component id="oc-11">
         <name>.debug_info</name>
         <load_address>0x174b8</load_address>
         <run_address>0x174b8</run_address>
         <size>0x1c2</size>
         <input_file_ref idref="fl-156"/>
      </object_component>
      <object_component id="oc-f4">
         <name>.debug_info</name>
         <load_address>0x1767a</load_address>
         <run_address>0x1767a</run_address>
         <size>0x29c</size>
         <input_file_ref idref="fl-156"/>
      </object_component>
      <object_component id="oc-1f6">
         <name>.debug_info</name>
         <load_address>0x17916</load_address>
         <run_address>0x17916</run_address>
         <size>0x3c6</size>
         <input_file_ref idref="fl-156"/>
      </object_component>
      <object_component id="oc-75">
         <name>.debug_info</name>
         <load_address>0x17cdc</load_address>
         <run_address>0x17cdc</run_address>
         <size>0x270</size>
         <input_file_ref idref="fl-156"/>
      </object_component>
      <object_component id="oc-202">
         <name>.debug_info</name>
         <load_address>0x17f4c</load_address>
         <run_address>0x17f4c</run_address>
         <size>0x1c1</size>
         <input_file_ref idref="fl-156"/>
      </object_component>
      <object_component id="oc-9a">
         <name>.debug_info</name>
         <load_address>0x1810d</load_address>
         <run_address>0x1810d</run_address>
         <size>0x4b8</size>
         <input_file_ref idref="fl-156"/>
      </object_component>
      <object_component id="oc-160">
         <name>.debug_info</name>
         <load_address>0x185c5</load_address>
         <run_address>0x185c5</run_address>
         <size>0x48</size>
         <input_file_ref idref="fl-156"/>
      </object_component>
      <object_component id="oc-165">
         <name>.debug_info</name>
         <load_address>0x1860d</load_address>
         <run_address>0x1860d</run_address>
         <size>0x63</size>
         <input_file_ref idref="fl-156"/>
      </object_component>
      <object_component id="oc-90">
         <name>.debug_info</name>
         <load_address>0x18670</load_address>
         <run_address>0x18670</run_address>
         <size>0x4218</size>
         <input_file_ref idref="fl-156"/>
      </object_component>
      <object_component id="oc-95">
         <name>.debug_info</name>
         <load_address>0x1c888</load_address>
         <run_address>0x1c888</run_address>
         <size>0x5e</size>
         <input_file_ref idref="fl-156"/>
      </object_component>
      <object_component id="oc-a9">
         <name>.debug_info</name>
         <load_address>0x1c8e6</load_address>
         <run_address>0x1c8e6</run_address>
         <size>0x2c</size>
         <input_file_ref idref="fl-156"/>
      </object_component>
      <object_component id="oc-b3">
         <name>.debug_info</name>
         <load_address>0x1c912</load_address>
         <run_address>0x1c912</run_address>
         <size>0xbb</size>
         <input_file_ref idref="fl-156"/>
      </object_component>
      <object_component id="oc-b8">
         <name>.debug_info</name>
         <load_address>0x1c9cd</load_address>
         <run_address>0x1c9cd</run_address>
         <size>0x2c</size>
         <input_file_ref idref="fl-156"/>
      </object_component>
      <object_component id="oc-31">
         <name>.debug_info</name>
         <load_address>0x1c9f9</load_address>
         <run_address>0x1c9f9</run_address>
         <size>0x46</size>
         <input_file_ref idref="fl-156"/>
      </object_component>
      <object_component id="oc-84">
         <name>.debug_info</name>
         <load_address>0x1ca3f</load_address>
         <run_address>0x1ca3f</run_address>
         <size>0x2c</size>
         <input_file_ref idref="fl-156"/>
      </object_component>
      <object_component id="oc-bd">
         <name>.debug_info</name>
         <load_address>0x1ca6b</load_address>
         <run_address>0x1ca6b</run_address>
         <size>0x2c</size>
         <input_file_ref idref="fl-156"/>
      </object_component>
      <object_component id="oc-38c">
         <name>.debug_info</name>
         <load_address>0x1ca97</load_address>
         <run_address>0x1ca97</run_address>
         <size>0xd7</size>
      </object_component>
      <object_component id="oc-318">
         <name>.debug_line</name>
         <load_address>0x0</load_address>
         <run_address>0x0</run_address>
         <size>0xc7</size>
         <input_file_ref idref="fl-6"/>
      </object_component>
      <object_component id="oc-1f3">
         <name>.debug_line</name>
         <load_address>0xc7</load_address>
         <run_address>0xc7</run_address>
         <size>0x74</size>
         <input_file_ref idref="fl-6"/>
      </object_component>
      <object_component id="oc-233">
         <name>.debug_line</name>
         <load_address>0x13b</load_address>
         <run_address>0x13b</run_address>
         <size>0x5d</size>
         <input_file_ref idref="fl-6"/>
      </object_component>
      <object_component id="oc-a2">
         <name>.debug_line</name>
         <load_address>0x198</load_address>
         <run_address>0x198</run_address>
         <size>0x60</size>
         <input_file_ref idref="fl-6"/>
      </object_component>
      <object_component id="oc-333">
         <name>.debug_line</name>
         <load_address>0x1f8</load_address>
         <run_address>0x1f8</run_address>
         <size>0x70</size>
         <input_file_ref idref="fl-6"/>
      </object_component>
      <object_component id="oc-a7">
         <name>.debug_line</name>
         <load_address>0x268</load_address>
         <run_address>0x268</run_address>
         <size>0x74</size>
         <input_file_ref idref="fl-6"/>
      </object_component>
      <object_component id="oc-8e">
         <name>.debug_line</name>
         <load_address>0x2dc</load_address>
         <run_address>0x2dc</run_address>
         <size>0x20</size>
         <input_file_ref idref="fl-6"/>
      </object_component>
      <object_component id="oc-b1">
         <name>.debug_line</name>
         <load_address>0x2fc</load_address>
         <run_address>0x2fc</run_address>
         <size>0x6b</size>
         <input_file_ref idref="fl-6"/>
      </object_component>
      <object_component id="oc-c5">
         <name>.debug_line</name>
         <load_address>0x367</load_address>
         <run_address>0x367</run_address>
         <size>0x70</size>
         <input_file_ref idref="fl-6"/>
      </object_component>
      <object_component id="oc-ca">
         <name>.debug_line</name>
         <load_address>0x3d7</load_address>
         <run_address>0x3d7</run_address>
         <size>0x71</size>
         <input_file_ref idref="fl-6"/>
      </object_component>
      <object_component id="oc-2d0">
         <name>.debug_line</name>
         <load_address>0x448</load_address>
         <run_address>0x448</run_address>
         <size>0x1ec</size>
         <input_file_ref idref="fl-8"/>
      </object_component>
      <object_component id="oc-35b">
         <name>.debug_line</name>
         <load_address>0x634</load_address>
         <run_address>0x634</run_address>
         <size>0x2d</size>
         <input_file_ref idref="fl-8"/>
      </object_component>
      <object_component id="oc-258">
         <name>.debug_line</name>
         <load_address>0x661</load_address>
         <run_address>0x661</run_address>
         <size>0x2d</size>
         <input_file_ref idref="fl-8"/>
      </object_component>
      <object_component id="oc-305">
         <name>.debug_line</name>
         <load_address>0x68e</load_address>
         <run_address>0x68e</run_address>
         <size>0x2d</size>
         <input_file_ref idref="fl-8"/>
      </object_component>
      <object_component id="oc-7e">
         <name>.debug_line</name>
         <load_address>0x6bb</load_address>
         <run_address>0x6bb</run_address>
         <size>0x22f</size>
         <input_file_ref idref="fl-8"/>
      </object_component>
      <object_component id="oc-2d9">
         <name>.debug_line</name>
         <load_address>0x8ea</load_address>
         <run_address>0x8ea</run_address>
         <size>0x36</size>
         <input_file_ref idref="fl-8"/>
      </object_component>
      <object_component id="oc-2d4">
         <name>.debug_line</name>
         <load_address>0x920</load_address>
         <run_address>0x920</run_address>
         <size>0x31</size>
         <input_file_ref idref="fl-8"/>
      </object_component>
      <object_component id="oc-d4">
         <name>.debug_line</name>
         <load_address>0x951</load_address>
         <run_address>0x951</run_address>
         <size>0x2d</size>
         <input_file_ref idref="fl-8"/>
      </object_component>
      <object_component id="oc-22f">
         <name>.debug_line</name>
         <load_address>0x97e</load_address>
         <run_address>0x97e</run_address>
         <size>0x84</size>
         <input_file_ref idref="fl-b"/>
      </object_component>
      <object_component id="oc-81">
         <name>.debug_line</name>
         <load_address>0xa02</load_address>
         <run_address>0xa02</run_address>
         <size>0x40</size>
         <input_file_ref idref="fl-b"/>
      </object_component>
      <object_component id="oc-66">
         <name>.debug_line</name>
         <load_address>0xa42</load_address>
         <run_address>0xa42</run_address>
         <size>0x9d</size>
         <input_file_ref idref="fl-b"/>
      </object_component>
      <object_component id="oc-e5">
         <name>.debug_line</name>
         <load_address>0xadf</load_address>
         <run_address>0xadf</run_address>
         <size>0x20</size>
         <input_file_ref idref="fl-b"/>
      </object_component>
      <object_component id="oc-33b">
         <name>.debug_line</name>
         <load_address>0xaff</load_address>
         <run_address>0xaff</run_address>
         <size>0x31</size>
         <input_file_ref idref="fl-1d"/>
      </object_component>
      <object_component id="oc-33e">
         <name>.debug_line</name>
         <load_address>0xb30</load_address>
         <run_address>0xb30</run_address>
         <size>0x2b</size>
         <input_file_ref idref="fl-1d"/>
      </object_component>
      <object_component id="oc-1c0">
         <name>.debug_line</name>
         <load_address>0xb5b</load_address>
         <run_address>0xb5b</run_address>
         <size>0x4d</size>
         <input_file_ref idref="fl-1d"/>
      </object_component>
      <object_component id="oc-299">
         <name>.debug_line</name>
         <load_address>0xba8</load_address>
         <run_address>0xba8</run_address>
         <size>0x40</size>
         <input_file_ref idref="fl-1d"/>
      </object_component>
      <object_component id="oc-187">
         <name>.debug_line</name>
         <load_address>0xbe8</load_address>
         <run_address>0xbe8</run_address>
         <size>0x40</size>
         <input_file_ref idref="fl-1d"/>
      </object_component>
      <object_component id="oc-178">
         <name>.debug_line</name>
         <load_address>0xc28</load_address>
         <run_address>0xc28</run_address>
         <size>0x4d</size>
         <input_file_ref idref="fl-1d"/>
      </object_component>
      <object_component id="oc-2a4">
         <name>.debug_line</name>
         <load_address>0xc75</load_address>
         <run_address>0xc75</run_address>
         <size>0x62</size>
         <input_file_ref idref="fl-1d"/>
      </object_component>
      <object_component id="oc-190">
         <name>.debug_line</name>
         <load_address>0xcd7</load_address>
         <run_address>0xcd7</run_address>
         <size>0x4c</size>
         <input_file_ref idref="fl-1d"/>
      </object_component>
      <object_component id="oc-172">
         <name>.debug_line</name>
         <load_address>0xd23</load_address>
         <run_address>0xd23</run_address>
         <size>0x40</size>
         <input_file_ref idref="fl-1d"/>
      </object_component>
      <object_component id="oc-196">
         <name>.debug_line</name>
         <load_address>0xd63</load_address>
         <run_address>0xd63</run_address>
         <size>0x41</size>
         <input_file_ref idref="fl-1d"/>
      </object_component>
      <object_component id="oc-1ba">
         <name>.debug_line</name>
         <load_address>0xda4</load_address>
         <run_address>0xda4</run_address>
         <size>0x45</size>
         <input_file_ref idref="fl-1d"/>
      </object_component>
      <object_component id="oc-1cc">
         <name>.debug_line</name>
         <load_address>0xde9</load_address>
         <run_address>0xde9</run_address>
         <size>0x47</size>
         <input_file_ref idref="fl-1d"/>
      </object_component>
      <object_component id="oc-1c6">
         <name>.debug_line</name>
         <load_address>0xe30</load_address>
         <run_address>0xe30</run_address>
         <size>0x41</size>
         <input_file_ref idref="fl-1d"/>
      </object_component>
      <object_component id="oc-17a">
         <name>.debug_line</name>
         <load_address>0xe71</load_address>
         <run_address>0xe71</run_address>
         <size>0x4e</size>
         <input_file_ref idref="fl-1d"/>
      </object_component>
      <object_component id="oc-180">
         <name>.debug_line</name>
         <load_address>0xebf</load_address>
         <run_address>0xebf</run_address>
         <size>0x7d</size>
         <input_file_ref idref="fl-1d"/>
      </object_component>
      <object_component id="oc-322">
         <name>.debug_line</name>
         <load_address>0xf3c</load_address>
         <run_address>0xf3c</run_address>
         <size>0x5e</size>
         <input_file_ref idref="fl-1d"/>
      </object_component>
      <object_component id="oc-32f">
         <name>.debug_line</name>
         <load_address>0xf9a</load_address>
         <run_address>0xf9a</run_address>
         <size>0x31</size>
         <input_file_ref idref="fl-1e"/>
      </object_component>
      <object_component id="oc-157">
[...]
      </symbol>
      <symbol id="sm-1ab">
         <name>ADC14_toggleConversionTrigger</name>
         <value>0x36c5</value>
         <object_component_ref idref="oc-1be"/>
      </symbol>
      <symbol id="sm-1ac">
         <name>ADC14_initModule</name>
         <value>0x348d</value>
         <object_component_ref idref="oc-173"/>
      </symbol>
      <symbol id="sm-1ad">
         <name>ADC14_disableInterrupt</name>
         <value>0x3665</value>
         <object_component_ref idref="oc-1c4"/>
      </symbol>
      <symbol id="sm-1ae">
         <name>ADC14_configureConversionMemory</name>
         <value>0x2f39</value>
         <object_component_ref idref="oc-17f"/>
      </symbol>
      <symbol id="sm-1af">
         <name>ADC14_enableModule</name>
         <value>0x3881</value>
         <object_component_ref idref="oc-16d"/>
      </symbol>
      <symbol id="sm-1cb">
         <name>DMA_disableInterrupt</name>
         <value>0x3451</value>
         <object_component_ref idref="oc-153"/>
      </symbol>
      <symbol id="sm-1cc">
         <name>DMA_disableChannel</name>
         <value>0x3721</value>
         <object_component_ref idref="oc-14d"/>
      </symbol>
      <symbol id="sm-26f">
         <name>GPIO_setOutputHighOnPin</name>
         <value>0x381d</value>
         <object_component_ref idref="oc-10c"/>
      </symbol>
      <symbol id="sm-270">
         <name>GPIO_setAsInputPinWithPullDownResistor</name>
         <value>0x34c5</value>
         <object_component_ref idref="oc-2db"/>
      </symbol>
      <symbol id="sm-271">
         <name>GPIO_setAsInputPinWithPullUpResistor</name>
         <value>0x34f5</value>
         <object_component_ref idref="oc-2e7"/>
      </symbol>
      <symbol id="sm-272">
         <name>GPIO_getInterruptStatus</name>
         <value>0x3891</value>
         <object_component_ref idref="oc-2c6"/>
      </symbol>
      <symbol id="sm-273">
         <name>GPIO_enableInterrupt</name>
         <value>0x3809</value>
         <object_component_ref idref="oc-1e5"/>
      </symbol>
      <symbol id="sm-274">
         <name>GPIO_getEnabledInterruptStatus</name>
         <value>0x33d1</value>
         <object_component_ref idref="oc-1d9"/>
      </symbol>
      <symbol id="sm-275">
         <name>GPIO_setAsOutputPin</name>
         <value>0x35f5</value>
         <object_component_ref idref="oc-133"/>
      </symbol>
      <symbol id="sm-276">
         <name>GPIO_interruptEdgeSelect</name>
         <value>0x36e5</value>
         <object_component_ref idref="oc-2e1"/>
      </symbol>
      <symbol id="sm-277">
         <name>GPIO_setOutputLowOnPin</name>
         <value>0x3799</value>
         <object_component_ref idref="oc-13a"/>
      </symbol>
      <symbol id="sm-278">
         <name>GPIO_clearInterruptFlag</name>
         <value>0x3769</value>
         <object_component_ref idref="oc-1df"/>
      </symbol>
      <symbol id="sm-279">
         <name>GPIO_setAsPeripheralModuleFunctionOutputPin</name>
         <value>0x3195</value>
         <object_component_ref idref="oc-1b2"/>
      </symbol>
      <symbol id="sm-27a">
         <name>GPIO_getInputPinValue</name>
         <value>0x3781</value>
         <object_component_ref idref="oc-1fb"/>
      </symbol>
      <symbol id="sm-27b">
         <name>GPIO_setAsPeripheralModuleFunctionInputPin</name>
         <value>0x3279</value>
         <object_component_ref idref="oc-12d"/>
      </symbol>
      <symbol id="sm-2cd">
         <name>Interrupt_disableInterrupt</name>
         <value>0x307d</value>
         <object_component_ref idref="oc-159"/>
      </symbol>
      <symbol id="sm-2ce">
         <name>Interrupt_unpendInterrupt</name>
         <value>0x3305</value>
         <object_component_ref idref="oc-1d1"/>
      </symbol>
      <symbol id="sm-2cf">
         <name>Interrupt_enableMaster</name>
         <value>0x38a1</value>
         <object_component_ref idref="oc-19d"/>
      </symbol>
      <symbol id="sm-2d0">
         <name>Interrupt_enableInterrupt</name>
         <value>0x30e1</value>
         <object_component_ref idref="oc-197"/>
      </symbol>
      <symbol id="sm-320">
         <name>EUSCI_B_SPI_masterChangeClock</name>
         <value>0x3751</value>
         <object_component_ref idref="oc-273"/>
      </symbol>
      <symbol id="sm-321">
         <name>EUSCI_B_SPI_enable</name>
         <value>0x38d7</value>
         <object_component_ref idref="oc-261"/>
      </symbol>
      <symbol id="sm-322">
         <name>SPI_enableModule</name>
         <value>0x3705</value>
         <object_component_ref idref="oc-106"/>
      </symbol>
      <symbol id="sm-323">
         <name>SPI_changeMasterClock</name>
         <value>0x35a9</value>
         <object_component_ref idref="oc-112"/>
      </symbol>
      <symbol id="sm-324">
         <name>EUSCI_A_SPI_enable</name>
         <value>0x38cb</value>
         <object_component_ref idref="oc-267"/>
      </symbol>
      <symbol id="sm-325">
         <name>SPI_initMaster</name>
         <value>0x2dab</value>
         <object_component_ref idref="oc-100"/>
      </symbol>
      <symbol id="sm-326">
         <name>EUSCI_A_SPI_masterChangeClock</name>
         <value>0x3739</value>
         <object_component_ref idref="oc-279"/>
      </symbol>
      <symbol id="sm-35d">
         <name>SysTick_setPeriod</name>
         <value>0x38e5</value>
         <object_component_ref idref="oc-11b"/>
      </symbol>
      <symbol id="sm-35e">
         <name>SysTick_disableModule</name>
         <value>0x3845</value>
         <object_component_ref idref="oc-141"/>
      </symbol>
      <symbol id="sm-35f">
         <name>SysTick_disableInterrupt</name>
         <value>0x3831</value>
         <object_component_ref idref="oc-147"/>
      </symbol>
      <symbol id="sm-360">
         <name>SysTick_enableInterrupt</name>
         <value>0x3859</value>
         <object_component_ref idref="oc-127"/>
      </symbol>
      <symbol id="sm-361">
         <name>SysTick_enableModule</name>
         <value>0x386d</value>
         <object_component_ref idref="oc-121"/>
      </symbol>
      <symbol id="sm-38d">
         <name>Timer_A_initCompare</name>
         <value>0x35cf</value>
         <object_component_ref idref="oc-1ac"/>
      </symbol>
      <symbol id="sm-38e">
         <name>Timer_A_configureUpMode</name>
         <value>0x3349</value>
         <object_component_ref idref="oc-1a6"/>
      </symbol>
      <symbol id="sm-3b7">
         <name>UART_enableInterrupt</name>
         <value>0x37c9</value>
         <object_component_ref idref="oc-34a"/>
      </symbol>
      <symbol id="sm-3b8">
         <name>UART_disableModule</name>
         <value>0x38f1</value>
         <object_component_ref idref="oc-350"/>
      </symbol>
      <symbol id="sm-3b9">
         <name>UART_transmitData</name>
         <value>0x3619</value>
         <object_component_ref idref="oc-2fd"/>
      </symbol>
      <symbol id="sm-3ba">
         <name>UART_getInterruptStatus</name>
         <value>0x1693</value>
         <object_component_ref idref="oc-2f7"/>
      </symbol>
      <symbol id="sm-3c4">
         <name>CPU_cpsie</name>
         <value>0x38bf</value>
         <object_component_ref idref="oc-2ae"/>
      </symbol>
      <symbol id="sm-3d6">
         <name>_c_int00</name>
         <value>0x3145</value>
         <object_component_ref idref="oc-22"/>
      </symbol>
      <symbol id="sm-3d7">
         <name>__stack</name>
         <value>0x2000fe00</value>
         <object_component_ref idref="oc-2a"/>
      </symbol>
      <symbol id="sm-3f6">
         <name>C$$EXIT</name>
         <value>0x338d</value>
         <object_component_ref idref="oc-58"/>
      </symbol>
      <symbol id="sm-3f7">
         <name>abort</name>
         <value>0x3391</value>
         <object_component_ref idref="oc-58"/>
      </symbol>
      <symbol id="sm-3f8">
         <name>exit</name>
         <value>0x3399</value>
         <object_component_ref idref="oc-58"/>
      </symbol>
      <symbol id="sm-3f9">
         <name>__TI_dtors_ptr</name>
         <value>0x20006314</value>
         <object_component_ref idref="oc-eb"/>
      </symbol>
      <symbol id="sm-3fa">
         <name>__TI_cleanup_ptr</name>
         <value>0x20006310</value>
         <object_component_ref idref="oc-eb"/>
      </symbol>
      <symbol id="sm-415">
         <name>memcpy</name>
         <value>0x2d0f</value>
         <object_component_ref idref="oc-2b"/>
      </symbol>
      <symbol id="sm-416">
         <name>__aeabi_memcpy</name>
         <value>0x2d0f</value>
         <object_component_ref idref="oc-2b"/>
      </symbol>
      <symbol id="sm-417">
         <name>__aeabi_memcpy8</name>
         <value>0x2d0f</value>
         <object_component_ref idref="oc-2b"/>
      </symbol>
      <symbol id="sm-418">
         <name>__aeabi_memcpy4</name>
         <value>0x2d0f</value>
         <object_component_ref idref="oc-2b"/>
      </symbol>
      <symbol id="sm-427">
         <name>__aeabi_memset</name>
         <value>0x2ebf</value>
         <object_component_ref idref="oc-40"/>
      </symbol>
      <symbol id="sm-428">
         <name>memset</name>
         <value>0x2ec5</value>
         <object_component_ref idref="oc-40"/>
      </symbol>
      <symbol id="sm-429">
         <name>__aeabi_memset8</name>
         <value>0x2ebf</value>
         <object_component_ref idref="oc-40"/>
      </symbol>
      <symbol id="sm-42a">
         <name>__aeabi_memset4</name>
         <value>0x2ebf</value>
         <object_component_ref idref="oc-40"/>
      </symbol>
      <symbol id="sm-42b">
         <name>__aeabi_memclr8</name>
         <value>0x2ebd</value>
         <object_component_ref idref="oc-40"/>
      </symbol>
      <symbol id="sm-42c">
         <name>__aeabi_memclr4</name>
         <value>0x2ebd</value>
         <object_component_ref idref="oc-40"/>
      </symbol>
      <symbol id="sm-42d">
         <name>__aeabi_memclr</name>
         <value>0x2ebd</value>
         <object_component_ref idref="oc-40"/>
      </symbol>
      <symbol id="sm-43f">
         <name>__aeabi_uidivmod</name>
         <value>0x3411</value>
         <object_component_ref idref="oc-228"/>
      </symbol>
      <symbol id="sm-440">
         <name>__aeabi_uidiv</name>
         <value>0x3411</value>
         <object_component_ref idref="oc-228"/>
      </symbol>
      <symbol id="sm-455">
         <name>_args_main</name>
         <value>0x37b1</value>
         <object_component_ref idref="oc-52"/>
      </symbol>
      <symbol id="sm-47b">
         <name>__TI_auto_init</name>
         <value>0x2fa5</value>
         <object_component_ref idref="oc-4c"/>
      </symbol>
      <symbol id="sm-752">
         <name>DMA_FRAM_stop</name>
         <value>0x2000620a</value>
      </symbol>
      <symbol id="sm-753">
         <name>EMU_configure</name>
         <value>0x2b11</value>
         <object_component_ref idref="oc-1f5"/>
      </symbol>
      <symbol id="sm-754">
         <name>g_psFResultStrings</name>
         <value>0x20006218</value>
         <object_component_ref idref="oc-118"/>
      </symbol>
      <symbol id="sm-755">
         <name>__TI_decompress_rle24</name>
         <value>0x1a4b</value>
         <object_component_ref idref="oc-16"/>
      </symbol>
      <symbol id="sm-756">
         <name>mask_base</name>
         <value>0x200062f0</value>
         <object_component_ref idref="oc-16a"/>
      </symbol>
      <symbol id="sm-757">
         <name>SysTick_ISR</name>
         <value>0x1189</value>
         <object_component_ref idref="oc-68"/>
      </symbol>
      <symbol id="sm-758">
         <name>task_serial_flush</name>
         <value>0x23a9</value>
         <object_component_ref idref="oc-207"/>
      </symbol>
      <symbol id="sm-759">
         <name>pixel_counter</name>
         <value>0x200062f4</value>
         <object_component_ref idref="oc-16a"/>
      </symbol>
      <symbol id="sm-75a">
         <name>EMU_init</name>
         <value>0x2ad9</value>
         <object_component_ref idref="oc-1f5"/>
      </symbol>
      <symbol id="sm-75b">
         <name>Camera_selectRegister</name>
         <value>0x1371</value>
         <object_component_ref idref="oc-6e"/>
      </symbol>
      <symbol id="sm-75c">
         <name>SDcard_waitReady</name>
         <value>0x1121</value>
         <object_component_ref idref="oc-68"/>
      </symbol>
      <symbol id="sm-75d">
         <name>Camera_disable</name>
         <value>0x1591</value>
         <object_component_ref idref="oc-6e"/>
      </symbol>
      <symbol id="sm-75e">
         <name>copy_in</name>
         <value>0x322d</value>
         <object_component_ref idref="oc-d9"/>
      </symbol>
      <symbol id="sm-75f">
         <name>SDcard_initGPIO</name>
         <value>0x1131</value>
         <object_component_ref idref="oc-68"/>
      </symbol>
      <symbol id="sm-760">
         <name>Camera_disconnectPWM</name>
         <value>0x1549</value>
         <object_component_ref idref="oc-6e"/>
      </symbol>
      <symbol id="sm-761">
         <name>Camera_turnPowerOff</name>
         <value>0x1541</value>
         <object_component_ref idref="oc-6e"/>
      </symbol>
      <symbol id="sm-762">
         <name>_nop</name>
         <value>0x11af</value>
         <object_component_ref idref="oc-245"/>
      </symbol>
      <symbol id="sm-763">
         <name>ChangeClock</name>
         <value>0x1699</value>
         <object_component_ref idref="oc-201"/>
      </symbol>
      <symbol id="sm-764">
         <name>Camera_pulse</name>
         <value>0x1359</value>
         <object_component_ref idref="oc-6e"/>
      </symbol>
      <symbol id="sm-765">
         <name>SDcard_initSPI</name>
         <value>0x141</value>
         <object_component_ref idref="oc-68"/>
      </symbol>
      <symbol id="sm-766">
         <name>SystemInit</name>
         <value>0x20d1</value>
         <object_component_ref idref="oc-f3"/>
      </symbol>
      <symbol id="sm-767">
         <name>__aeabi_idiv0</name>
         <value>0x20cb</value>
         <object_component_ref idref="oc-310"/>
      </symbol>
      <symbol id="sm-768">
         <name>__TI_zero_init</name>
         <value>0x38fd</value>
         <object_component_ref idref="oc-1c"/>
      </symbol>
      <symbol id="sm-769">
         <name>disk_timerproc</name>
         <value>0x1189</value>
         <object_component_ref idref="oc-68"/>
      </symbol>
      <symbol id="sm-76a">
         <name>task_camera</name>
         <value>0x2c61</value>
         <object_component_ref idref="oc-210"/>
      </symbol>
      <symbol id="sm-76b">
         <name>camera_busy</name>
         <value>0x200062e8</value>
         <object_component_ref idref="oc-16a"/>
      </symbol>
      <symbol id="sm-76c">
         <name>disk_read</name>
         <value>0xa21</value>
         <object_component_ref idref="oc-68"/>
      </symbol>
      <symbol id="sm-76d">
         <name>Camera_turnPowerOn</name>
         <value>0x1401</value>
         <object_component_ref idref="oc-6e"/>
      </symbol>
      <symbol id="sm-76e">
         <name>_lock</name>
         <value>0x20006308</value>
         <object_component_ref idref="oc-e8"/>
      </symbol>
      <symbol id="sm-76f">
         <name>DMA_INT2_SD_IRQHandler</name>
         <value>0x1149</value>
         <object_component_ref idref="oc-68"/>
      </symbol>
      <symbol id="sm-770">
         <name>DMA_SD_stop</name>
         <value>0x20006210</value>
         <object_component_ref idref="oc-118"/>
      </symbol>
      <symbol id="sm-771">
         <name>SDcard_enable</name>
         <value>0x2a9</value>
         <object_component_ref idref="oc-68"/>
      </symbol>
      <symbol id="sm-772">
         <name>Camera_startAquire</name>
         <value>0x1439</value>
         <object_component_ref idref="oc-6e"/>
      </symbol>
      <symbol id="sm-773">
         <name>_unlock</name>
         <value>0x2000630c</value>
         <object_component_ref idref="oc-e8"/>
      </symbol>
      <symbol id="sm-774">
         <name>Serial_sendChar</name>
         <value>0x2a41</value>
         <object_component_ref idref="oc-2f1"/>
      </symbol>
      <symbol id="sm-775">
         <name>Camera_writeRegister</name>
         <value>0x13a1</value>
         <object_component_ref idref="oc-6e"/>
      </symbol>
      <symbol id="sm-776">
         <name>Serial_disable</name>
         <value>0x2a81</value>
         <object_component_ref idref="oc-2f1"/>
      </symbol>
      <symbol id="sm-777">
         <name>DMA_INT1_FRAM_IRQHandler</name>
         <value>0x31e1</value>
         <object_component_ref idref="oc-74"/>
      </symbol>
      <symbol id="sm-778">
         <name>Camera_initGPIO</name>
         <value>0x15c9</value>
         <object_component_ref idref="oc-6e"/>
      </symbol>
      <symbol id="sm-779">
         <name>disk_initialize</name>
         <value>0x581</value>
         <object_component_ref idref="oc-68"/>
      </symbol>
      <symbol id="sm-77a">
         <name>camera_fpn</name>
         <value>0x3908</value>
         <object_component_ref idref="oc-30a"/>
      </symbol>
      <symbol id="sm-77b">
         <name>SystemCoreClockUpdate</name>
         <value>0x2141</value>
         <object_component_ref idref="oc-f3"/>
      </symbol>
      <symbol id="sm-77c">
         <name>main_func_sp</name>
         <value>0x20006318</value>
         <object_component_ref idref="oc-5e"/>
      </symbol>
      <symbol id="sm-77d">
         <name>SystemCoreClock</name>
         <value>0x2000631c</value>
         <object_component_ref idref="oc-251"/>
      </symbol>
      <symbol id="sm-77e">
         <name>Camera_ADC14_ISR</name>
         <value>0x1629</value>
         <object_component_ref idref="oc-6e"/>
      </symbol>
      <symbol id="sm-77f">
         <name>disk_write</name>
         <value>0xeb1</value>
         <object_component_ref idref="oc-68"/>
      </symbol>
      <symbol id="sm-780">
         <name>image_base</name>
         <value>0x200062ec</value>
         <object_component_ref idref="oc-16a"/>
      </symbol>
      <symbol id="sm-781">
         <name>task_process</name>
         <value>0x1dd1</value>
         <object_component_ref idref="oc-21c"/>
      </symbol>
      <symbol id="sm-782">
         <name>Serial_init</name>
         <value>0x29d1</value>
         <object_component_ref idref="oc-2f1"/>
      </symbol>
      <symbol id="sm-783">
         <name>task_fpn</name>
         <value>0x25e1</value>
         <object_component_ref idref="oc-216"/>
      </symbol>
      <symbol id="sm-784">
         <name>SDcard_disable</name>
         <value>0xd31</value>
         <object_component_ref idref="oc-68"/>
      </symbol>
      <symbol id="sm-785">
         <name>Camera_connectPWM</name>
         <value>0x1409</value>
         <object_component_ref idref="oc-6e"/>
      </symbol>
      <symbol id="sm-786">
         <name>Camera_init</name>
         <value>0x11b1</value>
         <object_component_ref idref="oc-6e"/>
      </symbol>
      <symbol id="sm-787">
         <name>__TI_decompress_none</name>
         <value>0x38b1</value>
         <object_component_ref idref="oc-10"/>
      </symbol>
      <symbol id="sm-788">
         <name>_system_pre_init</name>
         <value>0x1dcd</value>
         <object_component_ref idref="oc-46"/>
      </symbol>
      <symbol id="sm-789">
         <name>task_sdcard_write_withStateRetention</name>
         <value>0x2e39</value>
         <object_component_ref idref="oc-222"/>
      </symbol>
      <symbol id="sm-78a">
         <name>__TI_static_base__</name>
         <value>0x0</value>
      </symbol>
      <symbol id="sm-78d">
         <name>SHT$$INIT_ARRAY$$Limit</name>
         <value>0x0</value>
      </symbol>
      <symbol id="sm-78e">
         <name>SHT$$INIT_ARRAY$$Base</name>
         <value>0x0</value>
      </symbol>
   </symbol_table>
   <title>Link successful</title>
</link_info>
