******************************************************************************
                  TI ARM Linker Unix v5.2.5                    
******************************************************************************
>> Linked Tue Aug  9 09:56:23 2016

OUTPUT FILE NAME:   <MSP432_EH_VisionSensor_SingleBurst.out>
ENTRY POINT SYMBOL: "_c_int00"  address: 00003145


MEMORY CONFIGURATION

         name            origin    length      used     unused   attr    fill
----------------------  --------  ---------  --------  --------  ----  --------
  MAIN                  00000000   00040000  00006e08  000391f8  R  X
  INFO                  00200000   00004000  00000000  00004000  R  X
  SRAM_CODE             01000000   00010000  00000000  00010000  RW X
  SRAM_DATA             20000000   00010000  0000651e  00009ae2  RW  


SEGMENT ALLOCATION MAP

run origin  load origin   length   init length attrs members
----------  ----------- ---------- ----------- ----- -------
00000000    00000000    00006e08   00006e08    r-x
  00000000    00000000    00000140   00000140    r-- .intvecs
  00000140    00000140    000037c8   000037c8    r-x .text
  00003908    00003908    000033e0   000033e0    r-- .const
  00006ce8    00006ce8    00000120   00000120    r-- .cinit
20000000    20000000    00006320   00000000    rw-
  20000000    20000000    0000620e   00000000    rw- .bss
  20006210    20006210    00000110   00000000    rw- .data
2000fe00    2000fe00    00000200   00000000    rw-
  2000fe00    2000fe00    00000200   00000000    rw- .stack


SECTION ALLOCATION MAP

 output                                  attributes/
section   page    origin      length       input sections
--------  ----  ----------  ----------   ----------------
.intvecs   0    00000000    00000140     
                  00000000    00000140     startup_msp432p401r_ccs.obj (.intvecs:retain)

.text      0    00000140    000037c8     
                  00000140    0000106e     sd_diskio.obj (.text)
                  000011ae    00000002     rtsv7M4_T_le_v4SPD16_eabi.lib : _lock.obj (.text)
                  000011b0    000004e2     camera.obj (.text)
                  00001692    00000006     msp432p4xx_driverlib.lib : uart.o (.text:UART_getInterruptStatus)
                  00001698    000003b2     clock.obj (.text)
                  00001a4a    00000006     rtsv7M4_T_le_v4SPD16_eabi.lib : copy_decompress_rle.obj (.text:decompress:rle24)
                  00001a50    0000037c     main.obj (.text)
                  00001dcc    00000004     rtsv7M4_T_le_v4SPD16_eabi.lib : pre_init.obj (.text)
                  00001dd0    000002fa     task_process.obj (.text)
                  000020ca    00000002     rtsv7M4_T_le_v4SPD16_eabi.lib : i_div0.obj (.text)
                  000020cc    00000004     --HOLE-- [fill = 0]
                  000020d0    000002d4     system_msp432p401r.obj (.text)
                  000023a4    00000004     --HOLE-- [fill = 0]
                  000023a8    00000236     task_serial_flush.obj (.text)
                  000025de    00000002     --HOLE-- [fill = 0]
                  000025e0    00000188     task_fpn.obj (.text)
                  00002768    00000154     msp432p4xx_driverlib.lib : adc14.o (.text:_getIndexForMemRegister)
                  000028bc    00000004     --HOLE-- [fill = 0]
                  000028c0    0000010e     gpio.obj (.text)
                  000029ce    00000002     --HOLE-- [fill = 0]
                  000029d0    00000108     serial.obj (.text)
                  00002ad8    000000d2     emu.obj (.text)
                  00002baa    000000b2     msp432p4xx_driverlib.lib : timer_a.o (.text:privateTimer_AProcessClockSourceDivider)
                  00002c5c    00000004     --HOLE-- [fill = 0]
                  00002c60    000000ae     task_camera.obj (.text)
                  00002d0e    0000009c     rtsv7M4_T_le_v4SPD16_eabi.lib : memcpy_t2.obj (.text)
                  00002daa    00000088     msp432p4xx_driverlib.lib : spi.o (.text:SPI_initMaster)
                  00002e32    00000006     --HOLE-- [fill = 0]
                  00002e38    00000084     task_sdcard_write.obj (.text)
                  00002ebc    0000007a     rtsv7M4_T_le_v4SPD16_eabi.lib : memset_t2.obj (.text)
                  00002f36    00000002     --HOLE-- [fill = 0]
                  00002f38    0000006c     msp432p4xx_driverlib.lib : adc14.o (.text:ADC14_configureConversionMemory)
                  00002fa4    0000006c     rtsv7M4_T_le_v4SPD16_eabi.lib : autoinit.obj (.text)
                  00003010    0000006a                                   : copy_decompress_rle.obj (.text)
                  0000307a    00000002     --HOLE-- [fill = 0]
                  0000307c    00000064     msp432p4xx_driverlib.lib : interrupt.o (.text:Interrupt_disableInterrupt)
                  000030e0    00000064                              : interrupt.o (.text:Interrupt_enableInterrupt)
                  00003144    00000050     rtsv7M4_T_le_v4SPD16_eabi.lib : boot.obj (.text)
                  00003194    0000004c     msp432p4xx_driverlib.lib : gpio.o (.text:GPIO_setAsPeripheralModuleFunctionOutputPin)
                  000031e0    0000004c     cypress_fram.obj (.text)
                  0000322c    0000004c     rtsv7M4_T_le_v4SPD16_eabi.lib : cpy_tbl.obj (.text)
                  00003278    00000048     msp432p4xx_driverlib.lib : gpio.o (.text:GPIO_setAsPeripheralModuleFunctionInputPin)
                  000032c0    00000044                              : adc14.o (.text:ADC14_configureSingleSampleMode)
                  00003304    00000044                              : interrupt.o (.text:Interrupt_unpendInterrupt)
                  00003348    00000044                              : timer_a.o (.text:Timer_A_configureUpMode)
                  0000338c    00000044     rtsv7M4_T_le_v4SPD16_eabi.lib : exit.obj (.text)
                  000033d0    00000040     msp432p4xx_driverlib.lib : gpio.o (.text:GPIO_getEnabledInterruptStatus)
                  00003410    00000040     rtsv7M4_T_le_v4SPD16_eabi.lib : u_divt2.obj (.text)
                  00003450    0000003c     msp432p4xx_driverlib.lib : dma.o (.text:DMA_disableInterrupt)
                  0000348c    00000038                              : adc14.o (.text:ADC14_initModule)
                  000034c4    00000030                              : gpio.o (.text:GPIO_setAsInputPinWithPullDownResistor)
                  000034f4    00000030                              : gpio.o (.text:GPIO_setAsInputPinWithPullUpResistor)
                  00003524    00000030                              : spi.o (.text:is_A_Module)
                  00003554    0000002c                              : adc14.o (.text:ADC14_enableConversion)
                  00003580    00000028                              : adc14.o (.text:ADC14_enableSampleTimer)
                  000035a8    00000026                              : spi.o (.text:SPI_changeMasterClock)
                  000035ce    00000026                              : timer_a.o (.text:Timer_A_initCompare)
                  000035f4    00000024                              : gpio.o (.text:GPIO_setAsOutputPin)
                  00003618    00000024                              : uart.o (.text:UART_transmitData)
                  0000363c    00000004     --HOLE-- [fill = 0]
                  00003640    00000022     startup_msp432p401r_ccs.obj (.text)
                  00003662    00000002     --HOLE-- [fill = 0]
                  00003664    00000020     msp432p4xx_driverlib.lib : adc14.o (.text:ADC14_disableInterrupt)
                  00003684    00000020                              : adc14.o (.text:ADC14_disableModule)
                  000036a4    00000020                              : adc14.o (.text:ADC14_enableInterrupt)
                  000036c4    00000020                              : adc14.o (.text:ADC14_toggleConversionTrigger)
                  000036e4    00000020                              : gpio.o (.text:GPIO_interruptEdgeSelect)
                  00003704    0000001a                              : spi.o (.text:SPI_enableModule)
                  0000371e    00000002     --HOLE-- [fill = 0]
                  00003720    00000018                              : dma.o (.text:DMA_disableChannel)
                  00003738    00000018                              : spi.o (.text:EUSCI_A_SPI_masterChangeClock)
                  00003750    00000018                              : spi.o (.text:EUSCI_B_SPI_masterChangeClock)
                  00003768    00000018                              : gpio.o (.text:GPIO_clearInterruptFlag)
                  00003780    00000018                              : gpio.o (.text:GPIO_getInputPinValue)
                  00003798    00000018                              : gpio.o (.text:GPIO_setOutputLowOnPin)
                  000037b0    00000018     rtsv7M4_T_le_v4SPD16_eabi.lib : args_main.obj (.text)
                  000037c8    00000016     msp432p4xx_driverlib.lib : uart.o (.text:UART_enableInterrupt)
                  000037de    00000002     --HOLE-- [fill = 0]
                  000037e0    00000014                              : adc14.o (.text:ADC14_setResolution)
                  000037f4    00000014                              : adc14.o (.text:ADCIsConversionRunning)
                  00003808    00000014                              : gpio.o (.text:GPIO_enableInterrupt)
                  0000381c    00000014                              : gpio.o (.text:GPIO_setOutputHighOnPin)
                  00003830    00000014                              : systick.o (.text:SysTick_disableInterrupt)
                  00003844    00000014                              : systick.o (.text:SysTick_disableModule)
                  00003858    00000014                              : systick.o (.text:SysTick_enableInterrupt)
                  0000386c    00000014                              : systick.o (.text:SysTick_enableModule)
                  00003880    00000010                              : adc14.o (.text:ADC14_enableModule)
                  00003890    00000010                              : gpio.o (.text:GPIO_getInterruptStatus)
                  000038a0    00000010                              : interrupt.o (.text:Interrupt_enableMaster)
                  000038b0    0000000e     rtsv7M4_T_le_v4SPD16_eabi.lib : copy_decompress_none.obj (.text:decompress:none)
                  000038be    0000000c     msp432p4xx_driverlib.lib : cpu.o (.text:CPU_cpsie)
                  000038ca    0000000c                              : spi.o (.text:EUSCI_A_SPI_enable)
                  000038d6    0000000c                              : spi.o (.text:EUSCI_B_SPI_enable)
                  000038e2    00000002     --HOLE-- [fill = 0]
                  000038e4    0000000c                              : systick.o (.text:SysTick_setPeriod)
                  000038f0    0000000c                              : uart.o (.text:UART_disableModule)
                  000038fc    0000000c     rtsv7M4_T_le_v4SPD16_eabi.lib : copy_zero_init.obj (.text:decompress:ZI)

.const     0    00003908    000033e0     
                  00003908    00003100     task_fpn.obj (.const:camera_fpn)
                  00006a08    0000013a     <whole-program> (.const:.string)
                  00006b42    00000002     --HOLE-- [fill = 0]
                  00006b44    00000098     camera.obj (.const)
                  00006bdc    00000080     msp432p4xx_driverlib.lib : adc14.o (.const:_ctlRegs)
                  00006c5c    00000040                              : interrupt.o (.const)
                  00006c9c    00000024     serial.obj (.const:$P$T0$1$6)
                  00006cc0    0000001c     sd_diskio.obj (.const)
                  00006cdc    0000000c     main.obj (.const)

.cinit     0    00006ce8    00000120     
                  00006ce8    000000f6     (.cinit..data.load) [load image, compression = rle]
                  00006dde    00000002     --HOLE-- [fill = 0]
                  00006de0    0000000c     (__TI_handler_table)
                  00006dec    00000004     --HOLE-- [fill = 0]
                  00006df0    00000008     (.cinit..bss.load) [load image, compression = zero_init]
                  00006df8    00000010     (__TI_cinit_table)

.init_array 
*          0    00000000    00000000     UNINITIALIZED

.bss       0    20000000    0000620e     UNINITIALIZED
                  20000000    0000620a     main.obj (.bss:local_buffer)
                  2000620a    00000001     (.common:DMA_FRAM_stop)
                  2000620b    00000001     (.common:GPIOwakeup)
                  2000620c    00000001     (.common:Timer1$5)
                  2000620d    00000001     (.common:Timer2$5)

.TI.noinit 
*          0    20000000    00000000     UNINITIALIZED

.data      0    20006210    00000110     UNINITIALIZED
                  20006210    000000a8     sd_diskio.obj (.data)
                  200062b8    00000030     msp432p4xx_driverlib.lib : gpio.o (.data:GPIO_PORT_TO_BASE)
                  200062e8    00000010     camera.obj (.data)
                  200062f8    00000010     main.obj (.data)
                  20006308    00000008     rtsv7M4_T_le_v4SPD16_eabi.lib : _lock.obj (.data)
                  20006310    00000008                                   : exit.obj (.data)
                  20006318    00000004                                   : stkdepth_vars.obj (.data)
                  2000631c    00000004     system_msp432p401r.obj (.data)

.TI.persistent 
*          0    20006210    00000000     UNINITIALIZED

.stack     0    2000fe00    00000200     UNINITIALIZED
                  2000fe00    00000200     --HOLE--


LINKER GENERATED COPY TABLES

__TI_cinit_table @ 00006df8 records: 2, size/record: 8, table size: 16
	.data: load addr=00006ce8, load size=000000f6 bytes, run addr=20006210, run size=00000110 bytes, compression=rle
	.bss: load addr=00006df0, load size=00000008 bytes, run addr=20000000, run size=0000620e bytes, compression=zero_init


LINKER GENERATED HANDLER TABLE

__TI_handler_table @ 00006de0 records: 3, size/record: 4, table size: 12
	index: 0, handler: __TI_decompress_rle24
	index: 1, handler: __TI_decompress_none
	index: 2, handler: __TI_zero_init


GLOBAL SYMBOLS: SORTED ALPHABETICALLY BY Name 

address   name                                       
-------   ----                                       
00002f39  ADC14_configureConversionMemory            
000032c1  ADC14_configureSingleSampleMode            
00003665  ADC14_disableInterrupt                     
00003685  ADC14_disableModule                        
00003555  ADC14_enableConversion                     
000036a5  ADC14_enableInterrupt                      
00003881  ADC14_enableModule                         
00003581  ADC14_enableSampleTimer                    
0000348d  ADC14_initModule                           
000037e1  ADC14_setResolution                        
000036c5  ADC14_toggleConversionTrigger              
0000338d  C$$EXIT                                    
000038bf  CPU_cpsie                                  
00001629  Camera_ADC14_ISR                           
00001409  Camera_connectPWM                          
00001591  Camera_disable                             
00001549  Camera_disconnectPWM                       
000011b1  Camera_init                                
000015c9  Camera_initGPIO                            
00001359  Camera_pulse                               
00001371  Camera_selectRegister                      
00001439  Camera_startAquire                         
00001541  Camera_turnPowerOff                        
00001401  Camera_turnPowerOn                         
000013a1  Camera_writeRegister                       
00001699  ChangeClock                                
2000620a  DMA_FRAM_stop                              
000031e1  DMA_INT1_FRAM_IRQHandler                   
00001149  DMA_INT2_SD_IRQHandler                     
20006210  DMA_SD_stop                                
00003721  DMA_disableChannel                         
00003451  DMA_disableInterrupt                       
00002b11  EMU_configure                              
00002ad9  EMU_init                                   
000038cb  EUSCI_A_SPI_enable                         
00003739  EUSCI_A_SPI_masterChangeClock              
000038d7  EUSCI_B_SPI_enable                         
00003751  EUSCI_B_SPI_masterChangeClock              
00003769  GPIO_clearInterruptFlag                    
00003809  GPIO_enableInterrupt                       
000033d1  GPIO_getEnabledInterruptStatus             
00003781  GPIO_getInputPinValue                      
00003891  GPIO_getInterruptStatus                    
00002941  GPIO_init                                  
000036e5  GPIO_interruptEdgeSelect                   
000028c1  GPIO_reset                                 
000034c5  GPIO_setAsInputPinWithPullDownResistor     
000034f5  GPIO_setAsInputPinWithPullUpResistor       
000035f5  GPIO_setAsOutputPin                        
00003279  GPIO_setAsPeripheralModuleFunctionInputPin 
00003195  GPIO_setAsPeripheralModuleFunctionOutputPin
0000381d  GPIO_setOutputHighOnPin                    
00003799  GPIO_setOutputLowOnPin                     
0000307d  Interrupt_disableInterrupt                 
000030e1  Interrupt_enableInterrupt                  
000038a1  Interrupt_enableMaster                     
00003305  Interrupt_unpendInterrupt                  
00001da9  PORT4_IRQHandler                           
00000d31  SDcard_disable                             
000002a9  SDcard_enable                              
00001131  SDcard_initGPIO                            
00000141  SDcard_initSPI                             
00001121  SDcard_waitReady                           
UNDEFED   SHT$$INIT_ARRAY$$Base                      
UNDEFED   SHT$$INIT_ARRAY$$Limit                     
000035a9  SPI_changeMasterClock                      
00003705  SPI_enableModule                           
00002dab  SPI_initMaster                             
00002a81  Serial_disable                             
000029d1  Serial_init                                
00002a41  Serial_sendChar                            
00001189  SysTick_ISR                                
00003831  SysTick_disableInterrupt                   
00003845  SysTick_disableModule                      
00003859  SysTick_enableInterrupt                    
0000386d  SysTick_enableModule                       
000038e5  SysTick_setPeriod                          
2000631c  SystemCoreClock                            
00002141  SystemCoreClockUpdate                      
000020d1  SystemInit                                 
00003349  Timer_A_configureUpMode                    
000035cf  Timer_A_initCompare                        
000038f1  UART_disableModule                         
000037c9  UART_enableInterrupt                       
00001693  UART_getInterruptStatus                    
00003619  UART_transmitData                          
4000480c  WDTCTL_SYM                                 
20010000  __STACK_END                                
00000200  __STACK_SIZE                               
00006df8  __TI_CINIT_Base                            
00006e08  __TI_CINIT_Limit                           
00006de0  __TI_Handler_Table_Base                    
00006dec  __TI_Handler_Table_Limit                   
00002fa5  __TI_auto_init                             
20006310  __TI_cleanup_ptr                           
000038b1  __TI_decompress_none                       
00001a4b  __TI_decompress_rle24                      
20006314  __TI_dtors_ptr                             
00000000  __TI_static_base__                         
000038fd  __TI_zero_init                             
000020cb  __aeabi_idiv0                              
00002ebd  __aeabi_memclr                             
00002ebd  __aeabi_memclr4                            
00002ebd  __aeabi_memclr8                            
00002d0f  __aeabi_memcpy                             
00002d0f  __aeabi_memcpy4                            
00002d0f  __aeabi_memcpy8                            
00002ebf  __aeabi_memset                             
00002ebf  __aeabi_memset4                            
00002ebf  __aeabi_memset8                            
00003411  __aeabi_uidiv                              
00003411  __aeabi_uidivmod                           
ffffffff  __binit__                                  
ffffffff  __c_args__                                 
2000fe00  __stack                                    
000037b1  _args_main                                 
00003145  _c_int00                                   
20006308  _lock                                      
000011af  _nop                                       
00001dcd  _system_pre_init                           
2000630c  _unlock                                    
00003391  abort                                      
ffffffff  binit                                      
200062e8  camera_busy                                
00003908  camera_fpn                                 
20006304  clock_frequency                            
0000322d  copy_in                                    
00000581  disk_initialize                            
00000a21  disk_read                                  
00001189  disk_timerproc                             
00000eb1  disk_write                                 
00001a51  enterLPM45                                 
00003399  exit                                       
20006218  g_psFResultStrings                         
200062ec  image_base                                 
00000000  interruptVectors                           
00001c01  itoa                                       
20000000  local_buffer                               
00001aa1  main                                       
20006318  main_func_sp                               
200062f0  mask_base                                  
00002d0f  memcpy                                     
00002ec5  memset                                     
200062f4  pixel_counter                              
200062fa  system_fram_buffer_size                    
200062f8  system_fram_pointer                        
200062fc  system_sdcard_pointer                      
00006ce1  system_task_burst_size                     
20006300  system_task_state                          
00006cdc  system_task_voltage                        
00002c61  task_camera                                
000025e1  task_fpn                                   
00001dd1  task_process                               
00002e39  task_sdcard_write_withStateRetention       
000023a9  task_serial_flush                          


GLOBAL SYMBOLS: SORTED BY Symbol Address 

address   name                                       
-------   ----                                       
00000000  __TI_static_base__                         
00000000  interruptVectors                           
00000141  SDcard_initSPI                             
00000200  __STACK_SIZE                               
000002a9  SDcard_enable                              
00000581  disk_initialize                            
00000a21  disk_read                                  
00000d31  SDcard_disable                             
00000eb1  disk_write                                 
00001121  SDcard_waitReady                           
00001131  SDcard_initGPIO                            
00001149  DMA_INT2_SD_IRQHandler                     
00001189  SysTick_ISR                                
00001189  disk_timerproc                             
000011af  _nop                                       
000011b1  Camera_init                                
00001359  Camera_pulse                               
00001371  Camera_selectRegister                      
000013a1  Camera_writeRegister                       
00001401  Camera_turnPowerOn                         
00001409  Camera_connectPWM                          
00001439  Camera_startAquire                         
00001541  Camera_turnPowerOff                        
00001549  Camera_disconnectPWM                       
00001591  Camera_disable                             
000015c9  Camera_initGPIO                            
00001629  Camera_ADC14_ISR                           
00001693  UART_getInterruptStatus                    
00001699  ChangeClock                                
00001a4b  __TI_decompress_rle24                      
00001a51  enterLPM45                                 
00001aa1  main                                       
00001c01  itoa                                       
00001da9  PORT4_IRQHandler                           
00001dcd  _system_pre_init                           
00001dd1  task_process                               
000020cb  __aeabi_idiv0                              
000020d1  SystemInit                                 
00002141  SystemCoreClockUpdate                      
000023a9  task_serial_flush                          
000025e1  task_fpn                                   
000028c1  GPIO_reset                                 
00002941  GPIO_init                                  
000029d1  Serial_init                                
00002a41  Serial_sendChar                            
00002a81  Serial_disable                             
00002ad9  EMU_init                                   
00002b11  EMU_configure                              
00002c61  task_camera                                
00002d0f  __aeabi_memcpy                             
00002d0f  __aeabi_memcpy4                            
00002d0f  __aeabi_memcpy8                            
00002d0f  memcpy                                     
00002dab  SPI_initMaster                             
00002e39  task_sdcard_write_withStateRetention       
00002ebd  __aeabi_memclr                             
00002ebd  __aeabi_memclr4                            
00002ebd  __aeabi_memclr8                            
00002ebf  __aeabi_memset                             
00002ebf  __aeabi_memset4                            
00002ebf  __aeabi_memset8                            
00002ec5  memset                                     
00002f39  ADC14_configureConversionMemory            
00002fa5  __TI_auto_init                             
0000307d  Interrupt_disableInterrupt                 
000030e1  Interrupt_enableInterrupt                  
00003145  _c_int00                                   
00003195  GPIO_setAsPeripheralModuleFunctionOutputPin
000031e1  DMA_INT1_FRAM_IRQHandler                   
0000322d  copy_in                                    
00003279  GPIO_setAsPeripheralModuleFunctionInputPin 
000032c1  ADC14_configureSingleSampleMode            
00003305  Interrupt_unpendInterrupt                  
00003349  Timer_A_configureUpMode                    
0000338d  C$$EXIT                                    
00003391  abort                                      
00003399  exit                                       
000033d1  GPIO_getEnabledInterruptStatus             
00003411  __aeabi_uidiv                              
00003411  __aeabi_uidivmod                           
00003451  DMA_disableInterrupt                       
0000348d  ADC14_initModule                           
000034c5  GPIO_setAsInputPinWithPullDownResistor     
000034f5  GPIO_setAsInputPinWithPullUpResistor       
00003555  ADC14_enableConversion                     
00003581  ADC14_enableSampleTimer                    
000035a9  SPI_changeMasterClock                      
000035cf  Timer_A_initCompare                        
000035f5  GPIO_setAsOutputPin                        
00003619  UART_transmitData                          
00003665  ADC14_disableInterrupt                     
00003685  ADC14_disableModule                        
000036a5  ADC14_enableInterrupt                      
000036c5  ADC14_toggleConversionTrigger              
000036e5  GPIO_interruptEdgeSelect                   
00003705  SPI_enableModule                           
00003721  DMA_disableChannel                         
00003739  EUSCI_A_SPI_masterChangeClock              
00003751  EUSCI_B_SPI_masterChangeClock              
00003769  GPIO_clearInterruptFlag                    
00003781  GPIO_getInputPinValue                      
00003799  GPIO_setOutputLowOnPin                     
000037b1  _args_main                                 
000037c9  UART_enableInterrupt                       
000037e1  ADC14_setResolution                        
00003809  GPIO_enableInterrupt                       
0000381d  GPIO_setOutputHighOnPin                    
00003831  SysTick_disableInterrupt                   
00003845  SysTick_disableModule                      
00003859  SysTick_enableInterrupt                    
0000386d  SysTick_enableModule                       
00003881  ADC14_enableModule                         
00003891  GPIO_getInterruptStatus                    
000038a1  Interrupt_enableMaster                     
000038b1  __TI_decompress_none                       
000038bf  CPU_cpsie                                  
000038cb  EUSCI_A_SPI_enable                         
000038d7  EUSCI_B_SPI_enable                         
000038e5  SysTick_setPeriod                          
000038f1  UART_disableModule                         
000038fd  __TI_zero_init                             
00003908  camera_fpn                                 
00006cdc  system_task_voltage                        
00006ce1  system_task_burst_size                     
00006de0  __TI_Handler_Table_Base                    
00006dec  __TI_Handler_Table_Limit                   
00006df8  __TI_CINIT_Base                            
00006e08  __TI_CINIT_Limit                           
20000000  local_buffer                               
2000620a  DMA_FRAM_stop                              
20006210  DMA_SD_stop                                
20006218  g_psFResultStrings                         
200062e8  camera_busy                                
200062ec  image_base                                 
200062f0  mask_base                                  
200062f4  pixel_counter                              
200062f8  system_fram_pointer                        
200062fa  system_fram_buffer_size                    
200062fc  system_sdcard_pointer                      
20006300  system_task_state                          
20006304  clock_frequency                            
20006308  _lock                                      
2000630c  _unlock                                    
20006310  __TI_cleanup_ptr                           
20006314  __TI_dtors_ptr                             
20006318  main_func_sp                               
2000631c  SystemCoreClock                            
2000fe00  __stack                                    
20010000  __STACK_END                                
4000480c  WDTCTL_SYM                                 
ffffffff  __binit__                                  
ffffffff  __c_args__                                 
ffffffff  binit                                      
UNDEFED   SHT$$INIT_ARRAY$$Base                      
UNDEFED   SHT$$INIT_ARRAY$$Limit                     

[155 symbols]
