******************************************************************************
                  TI ARM Linker Unix v5.2.5                    
******************************************************************************
>> Linked Thu Jul 14 13:04:10 2016

OUTPUT FILE NAME:   <MSP432_EH_VisionSensor.out>
ENTRY POINT SYMBOL: "_c_int00"  address: 00005dd5


MEMORY CONFIGURATION

         name            origin    length      used     unused   attr    fill
----------------------  --------  ---------  --------  --------  ----  --------
  MAIN                  00000000   00040000  00009c60  000363a0  R  X
  INFO                  00200000   00004000  00000000  00004000  R  X
  SRAM_CODE             01000000   00010000  00000000  00010000  RW X
  SRAM_DATA             20000000   00010000  00006c4c  000093b4  RW  


SEGMENT ALLOCATION MAP

run origin  load origin   length   init length attrs members
----------  ----------- ---------- ----------- ----- -------
00000000    00000000    00009c60   00009c60    r-x
  00000000    00000000    00000140   00000140    r-- .intvecs
  00000140    00000140    000065e0   000065e0    r-x .text
  00006720    00006720    00003430   00003430    r-- .const
  00009b50    00009b50    00000110   00000110    r-- .cinit
20000000    20000000    0000644c   00000000    rw-
  20000000    20000000    0000644c   00000000    rw- .data
20006500    20006500    00000600   00000000    rw-
  20006500    20006500    00000600   00000000    rw- .bss
2000fe00    2000fe00    00000200   00000000    rw-
  2000fe00    2000fe00    00000200   00000000    rw- .stack


SECTION ALLOCATION MAP

 output                                  attributes/
section   page    origin      length       input sections
--------  ----  ----------  ----------   ----------------
.intvecs   0    00000000    00000140     
                  00000000    00000140     startup_msp432p401r_ccs.obj (.intvecs:retain)

.text      0    00000140    000065e0     
                  00000140    0000321c     ff.obj (.text)
                  0000335c    00000b04     sd_diskio.obj (.text)
                  00003e60    000005fc     camera.obj (.text)
                  0000445c    00000328     system_msp432p401r.obj (.text)
                  00004784    000002f0     cypress_fram.obj (.text)
                  00004a74    000002e4     clock.obj (.text)
                  00004d58    00000264     main.obj (.text)
                  00004fbc    00000228     image_processing.obj (.text)
                  000051e4    00000158     state_retention.obj (.text)
                  0000533c    00000154     msp432p4xx_driverlib.lib : adc14.o (.text:_getIndexForMemRegister)
                  00005490    00000134     task_serial_send.obj (.text)
                  000055c4    000000dc     emu.obj (.text)
                  000056a0    000000d4     gpio.obj (.text)
                  00005774    000000cc     msp432p4xx_driverlib.lib : dma.o (.text:DMA_assignChannel)
                  00005840    000000b4     serial.obj (.text)
                  000058f4    000000b2     msp432p4xx_driverlib.lib : timer_a.o (.text:privateTimer_AProcessClockSourceDivider)
                  000059a6    0000009c     rtsv7M4_T_le_v4SPD16_eabi.lib : memcpy_t2.obj (.text)
                  00005a42    00000088     msp432p4xx_driverlib.lib : spi.o (.text:SPI_initMaster)
                  00005aca    00000002     --HOLE-- [fill = 0]
                  00005acc    00000080                              : dma.o (.text:DMA_setChannelTransfer)
                  00005b4c    0000007a     rtsv7M4_T_le_v4SPD16_eabi.lib : memset_t2.obj (.text)
                  00005bc6    00000002     --HOLE-- [fill = 0]
                  00005bc8    0000006c     msp432p4xx_driverlib.lib : adc14.o (.text:ADC14_configureConversionMemory)
                  00005c34    0000006c     rtsv7M4_T_le_v4SPD16_eabi.lib : autoinit.obj (.text)
                  00005ca0    0000006a                                   : copy_decompress_rle.obj (.text)
                  00005d0a    00000002     --HOLE-- [fill = 0]
                  00005d0c    00000064     msp432p4xx_driverlib.lib : interrupt.o (.text:Interrupt_disableInterrupt)
                  00005d70    00000064                              : interrupt.o (.text:Interrupt_enableInterrupt)
                  00005dd4    00000050     rtsv7M4_T_le_v4SPD16_eabi.lib : boot.obj (.text)
                  00005e24    0000004c     msp432p4xx_driverlib.lib : gpio.o (.text:GPIO_setAsPeripheralModuleFunctionOutputPin)
                  00005e70    0000004c     rtsv7M4_T_le_v4SPD16_eabi.lib : cpy_tbl.obj (.text)
                  00005ebc    00000048     msp432p4xx_driverlib.lib : dma.o (.text:DMA_assignInterrupt)
                  00005f04    00000048                              : gpio.o (.text:GPIO_setAsPeripheralModuleFunctionInputPin)
                  00005f4c    00000044                              : adc14.o (.text:ADC14_configureSingleSampleMode)
                  00005f90    00000044                              : dma.o (.text:DMA_disableChannelAttribute)
                  00005fd4    00000044                              : interrupt.o (.text:Interrupt_unpendInterrupt)
                  00006018    00000044                              : timer_a.o (.text:Timer_A_configureUpMode)
                  0000605c    00000044     rtsv7M4_T_le_v4SPD16_eabi.lib : exit.obj (.text)
                  000060a0    00000040     msp432p4xx_driverlib.lib : gpio.o (.text:GPIO_getEnabledInterruptStatus)
                  000060e0    0000003c                              : dma.o (.text:DMA_disableInterrupt)
                  0000611c    0000003c                              : dma.o (.text:DMA_enableInterrupt)
                  00006158    00000038                              : adc14.o (.text:ADC14_initModule)
                  00006190    00000034     task_process.obj (.text)
                  000061c4    00000030     msp432p4xx_driverlib.lib : spi.o (.text:is_A_Module)
                  000061f4    00000030     task_camera.obj (.text)
                  00006224    0000002c     msp432p4xx_driverlib.lib : adc14.o (.text:ADC14_enableConversion)
                  00006250    0000002c                              : gpio.o (.text:GPIO_setAsInputPin)
                  0000627c    00000028                              : adc14.o (.text:ADC14_enableSampleTimer)
                  000062a4    00000028                              : pcm.o (.text:PCM_gotoLPM0)
                  000062cc    00000026                              : spi.o (.text:SPI_changeMasterClock)
                  000062f2    00000026                              : timer_a.o (.text:Timer_A_initCompare)
                  00006318    00000024                              : dma.o (.text:DMA_setChannelControl)
                  0000633c    00000024                              : gpio.o (.text:GPIO_setAsOutputPin)
                  00006360    00000024                              : uart.o (.text:UART_transmitData)
                  00006384    00000020                              : adc14.o (.text:ADC14_disableInterrupt)
                  000063a4    00000020                              : adc14.o (.text:ADC14_disableModule)
                  000063c4    00000020                              : adc14.o (.text:ADC14_enableInterrupt)
                  000063e4    00000020                              : adc14.o (.text:ADC14_toggleConversionTrigger)
                  00006404    00000020                              : gpio.o (.text:GPIO_interruptEdgeSelect)
                  00006424    0000001c                              : pcm.o (.text:PCM_enableRudeMode)
                  00006440    0000001a                              : spi.o (.text:SPI_enableModule)
                  0000645a    0000001a                              : spi.o (.text:SPI_getTransmitBufferAddressForDMA)
                  00006474    00000018                              : adc14.o (.text:ADC14_getResult)
                  0000648c    00000018                              : dma.o (.text:DMA_disableChannel)
                  000064a4    00000018                              : dma.o (.text:DMA_enableChannel)
                  000064bc    00000018                              : spi.o (.text:EUSCI_A_SPI_masterChangeClock)
                  000064d4    00000018                              : spi.o (.text:EUSCI_B_SPI_masterChangeClock)
                  000064ec    00000018                              : gpio.o (.text:GPIO_clearInterruptFlag)
                  00006504    00000018                              : gpio.o (.text:GPIO_setOutputLowOnPin)
                  0000651c    00000018                              : pcm.o (.text:PCM_gotoLPM0InterruptSafe)
                  00006534    00000018     rtsv7M4_T_le_v4SPD16_eabi.lib : args_main.obj (.text)
                  0000654c    00000016     msp432p4xx_driverlib.lib : uart.o (.text:UART_enableInterrupt)
                  00006562    00000002     --HOLE-- [fill = 0]
                  00006564    00000014                              : adc14.o (.text:ADC14_setResolution)
                  00006578    00000014                              : adc14.o (.text:ADCIsConversionRunning)
                  0000658c    00000014                              : gpio.o (.text:GPIO_enableInterrupt)
                  000065a0    00000014                              : gpio.o (.text:GPIO_setOutputHighOnPin)
                  000065b4    00000014                              : systick.o (.text:SysTick_disableInterrupt)
                  000065c8    00000014                              : systick.o (.text:SysTick_disableModule)
                  000065dc    00000014                              : systick.o (.text:SysTick_enableInterrupt)
                  000065f0    00000014                              : systick.o (.text:SysTick_enableModule)
                  00006604    00000014     rtsv7M4_T_le_v4SPD16_eabi.lib : _lock.obj (.text)
                  00006618    00000014                                   : strlen.obj (.text)
                  0000662c    00000012     startup_msp432p401r_ccs.obj (.text)
                  0000663e    00000002     --HOLE-- [fill = 0]
                  00006640    00000010     msp432p4xx_driverlib.lib : adc14.o (.text:ADC14_enableModule)
                  00006650    00000010                              : dma.o (.text:DMA_disableModule)
                  00006660    00000010                              : dma.o (.text:DMA_enableModule)
                  00006670    00000010                              : gpio.o (.text:GPIO_getInterruptStatus)
                  00006680    00000010                              : interrupt.o (.text:Interrupt_disableMaster)
                  00006690    00000010                              : interrupt.o (.text:Interrupt_enableMaster)
                  000066a0    0000000e     rtsv7M4_T_le_v4SPD16_eabi.lib : copy_decompress_none.obj (.text:decompress:none)
                  000066ae    0000000c     msp432p4xx_driverlib.lib : cpu.o (.text:CPU_cpsid)
                  000066ba    0000000c                              : cpu.o (.text:CPU_cpsie)
                  000066c6    00000002     --HOLE-- [fill = 0]
                  000066c8    0000000c                              : dma.o (.text:DMA_setControlBase)
                  000066d4    0000000c                              : spi.o (.text:EUSCI_A_SPI_enable)
                  000066e0    0000000c                              : spi.o (.text:EUSCI_B_SPI_enable)
                  000066ec    0000000c                              : systick.o (.text:SysTick_setPeriod)
                  000066f8    0000000c     rtsv7M4_T_le_v4SPD16_eabi.lib : copy_zero_init.obj (.text:decompress:ZI)
                  00006704    00000006     msp432p4xx_driverlib.lib : uart.o (.text:UART_getInterruptStatus)
                  0000670a    00000006     rtsv7M4_T_le_v4SPD16_eabi.lib : copy_decompress_rle.obj (.text:decompress:rle24)
                  00006710    00000004     msp432p4xx_driverlib.lib : cpu.o (.text:CPU_wfi)
                  00006714    00000004                              : spi.o (.text:EUSCI_A_SPI_getTransmitBufferAddressForDMA)
                  00006718    00000004                              : spi.o (.text:EUSCI_B_SPI_getTransmitBufferAddressForDMA)
                  0000671c    00000004     rtsv7M4_T_le_v4SPD16_eabi.lib : pre_init.obj (.text)

.const     0    00006720    00003430     
                  00006720    00003100     camera.obj (.const:camera_fpn)
                  00009820    0000013a     sd_diskio.obj (.const:.string)
                  0000995a    00000002     --HOLE-- [fill = 0]
                  0000995c    00000098     camera.obj (.const)
                  000099f4    00000080     msp432p4xx_driverlib.lib : adc14.o (.const:_ctlRegs)
                  00009a74    00000040                              : interrupt.o (.const)
                  00009ab4    0000002c     ff.obj (.const)
                  00009ae0    00000024     serial.obj (.const:$P$T0$1)
                  00009b04    0000001c     cypress_fram.obj (.const)
                  00009b20    0000001c     sd_diskio.obj (.const)
                  00009b3c    00000014     main.obj (.const:.string)

.cinit     0    00009b50    00000110     
                  00009b50    000000ea     (.cinit..data.load) [load image, compression = rle]
                  00009c3a    00000002     --HOLE-- [fill = 0]
                  00009c3c    0000000c     (__TI_handler_table)
                  00009c48    00000008     (.cinit..bss.load) [load image, compression = zero_init]
                  00009c50    00000010     (__TI_cinit_table)

.init_array 
*          0    00000000    00000000     UNINITIALIZED

.data      0    20000000    0000644c     UNINITIALIZED
                  20000000    00003100     main.obj (.data:image_buffer1)
                  20003100    00003100     main.obj (.data:image_buffer2)
                  20006200    000000a9     main.obj (.data:dx)
                  200062a9    000000a9     main.obj (.data:dy)
                  20006352    00000002     --HOLE--
                  20006354    000000a0     sd_diskio.obj (.data:g_psFResultStrings)
                  200063f4    00000030     msp432p4xx_driverlib.lib : gpio.o (.data:GPIO_PORT_TO_BASE)
                  20006424    00000008     main.obj (.data)
                  2000642c    00000008     rtsv7M4_T_le_v4SPD16_eabi.lib : _lock.obj (.data)
                  20006434    00000008                                   : exit.obj (.data)
                  2000643c    00000005     camera.obj (.data)
                  20006441    00000003     sd_diskio.obj (.data)
                  20006444    00000004     rtsv7M4_T_le_v4SPD16_eabi.lib : stkdepth_vars.obj (.data)
                  20006448    00000004     system_msp432p401r.obj (.data)

.TI.persistent 
*          0    20000000    00000000     UNINITIALIZED

.bss       0    20006500    00000600     UNINITIALIZED
                  20006500    00000234     main.obj (.bss:g_sFatFs)
                  20006734    00000224     main.obj (.bss:g_sFileObject)
                  20006958    00000004     (.common:FatFs)
                  2000695c    00000004     (.common:image_base)
                  20006960    00000004     (.common:mask_base)
                  20006964    00000002     (.common:Fsid)
                  20006966    00000001     (.common:CardType)
                  20006967    00000001     (.common:DMA_FRAM_stop)
                  20006968    00000001     (.common:GPIOwakeup)
                  20006969    00000001     (.common:Timer1)
                  2000696a    00000001     (.common:Timer2)
                  2000696b    00000095     --HOLE--
                  20006a00    00000100     main.obj (.bss:controlTable)

.TI.noinit 
*          0    20006500    00000000     UNINITIALIZED

.stack     0    2000fe00    00000200     UNINITIALIZED
                  2000fe00    00000200     --HOLE--


LINKER GENERATED COPY TABLES

__TI_cinit_table @ 00009c50 records: 2, size/record: 8, table size: 16
	.data: load addr=00009b50, load size=000000ea bytes, run addr=20000000, run size=0000644c bytes, compression=rle
	.bss: load addr=00009c48, load size=00000008 bytes, run addr=20006500, run size=00000600 bytes, compression=zero_init


LINKER GENERATED HANDLER TABLE

__TI_handler_table @ 00009c3c records: 3, size/record: 4, table size: 12
	index: 0, handler: __TI_decompress_rle24
	index: 1, handler: __TI_decompress_none
	index: 2, handler: __TI_zero_init


GLOBAL SYMBOLS: SORTED ALPHABETICALLY BY Name 

address   name                                       
-------   ----                                       
00005bc9  ADC14_configureConversionMemory            
00005f4d  ADC14_configureSingleSampleMode            
00006385  ADC14_disableInterrupt                     
000063a5  ADC14_disableModule                        
00006225  ADC14_enableConversion                     
000063c5  ADC14_enableInterrupt                      
00006641  ADC14_enableModule                         
0000627d  ADC14_enableSampleTimer                    
00006475  ADC14_getResult                            
00006159  ADC14_initModule                           
00006565  ADC14_setResolution                        
000063e5  ADC14_toggleConversionTrigger              
0000605d  C$$EXIT                                    
000066af  CPU_cpsid                                  
000066bb  CPU_cpsie                                  
00006711  CPU_wfi                                    
00004289  Camera_ADC14_ISR                           
00003fed  Camera_configure                           
0000408f  Camera_connectPWM                          
00004163  Camera_defineMask                          
00004059  Camera_disable                             
000040bb  Camera_disconnectPWM                       
00004045  Camera_enable                              
00003ecf  Camera_init                                
00003e61  Camera_initGPIO                            
0000403f  Camera_isBusy                              
000040ff  Camera_pulse                               
00004123  Camera_pulseMulti                          
00004173  Camera_readImage                           
00004239  Camera_readPixel                           
0000424f  Camera_selectRegister                      
0000430d  Camera_startAquire                         
000043df  Camera_turnPowerOff                        
000043ad  Camera_turnPowerOn                         
000043f3  Camera_writeRegister                       
00004a75  ChangeClock                                
20006967  DMA_FRAM_stop                              
00004a0f  DMA_INT1_FRAM_IRQHandler                   
00003e01  DMA_INT2_SD_IRQHandler                     
20006441  DMA_SD_stop                                
00005775  DMA_assignChannel                          
00005ebd  DMA_assignInterrupt                        
0000648d  DMA_disableChannel                         
00005f91  DMA_disableChannelAttribute                
000060e1  DMA_disableInterrupt                       
00006651  DMA_disableModule                          
000064a5  DMA_enableChannel                          
0000611d  DMA_enableInterrupt                        
00006661  DMA_enableModule                           
00006319  DMA_setChannelControl                      
00005acd  DMA_setChannelTransfer                     
000066c9  DMA_setControlBase                         
000055f9  EMU_configure                              
000055c5  EMU_init                                   
000066d5  EUSCI_A_SPI_enable                         
00006715  EUSCI_A_SPI_getTransmitBufferAddressForDMA 
000064bd  EUSCI_A_SPI_masterChangeClock              
000066e1  EUSCI_B_SPI_enable                         
00006719  EUSCI_B_SPI_getTransmitBufferAddressForDMA 
000064d5  EUSCI_B_SPI_masterChangeClock              
000047bb  EXTFRAM_init                               
000047f7  EXTFRAM_initGPIO                           
0000485b  EXTFRAM_powerOff                           
0000480f  EXTFRAM_powerOn                            
0000489f  EXTFRAM_read                               
000049df  EXTFRAM_sleep                              
000049fb  EXTFRAM_wakeup                             
00004939  EXTFRAM_write                              
000064ed  GPIO_clearInterruptFlag                    
0000658d  GPIO_enableInterrupt                       
000060a1  GPIO_getEnabledInterruptStatus             
00006671  GPIO_getInterruptStatus                    
000056a1  GPIO_init                                  
00006405  GPIO_interruptEdgeSelect                   
000056e9  GPIO_reset                                 
00006251  GPIO_setAsInputPin                         
0000633d  GPIO_setAsOutputPin                        
00005f05  GPIO_setAsPeripheralModuleFunctionInputPin 
00005e25  GPIO_setAsPeripheralModuleFunctionOutputPin
000065a1  GPIO_setOutputHighOnPin                    
00006505  GPIO_setOutputLowOnPin                     
00005d0d  Interrupt_disableInterrupt                 
00006681  Interrupt_disableMaster                    
00005d71  Interrupt_enableInterrupt                  
00006691  Interrupt_enableMaster                     
00005fd5  Interrupt_unpendInterrupt                  
00006425  PCM_enableRudeMode                         
000062a5  PCM_gotoLPM0                               
0000651d  PCM_gotoLPM0InterruptSafe                  
00004f49  PORT4_IRQHandler                           
00003daf  SDcard_disable                             
00003d63  SDcard_enable                              
00003d4b  SDcard_initGPIO                            
00003d1f  SDcard_initSPI                             
UNDEFED   SHT$$INIT_ARRAY$$Base                      
UNDEFED   SHT$$INIT_ARRAY$$Limit                     
000062cd  SPI_changeMasterClock                      
00006441  SPI_enableModule                           
0000645b  SPI_getTransmitBufferAddressForDMA         
00005a43  SPI_initMaster                             
00004785  SPI_transceive                             
00005841  Serial_init                                
00005893  Serial_sendChar                            
000058b3  Serial_sendString                          
00003365  StringFromFResult                          
0000335d  SysTick_ISR                                
000065b5  SysTick_disableInterrupt                   
000065c9  SysTick_disableModule                      
000065dd  SysTick_enableInterrupt                    
000065f1  SysTick_enableModule                       
000066ed  SysTick_setPeriod                          
20006448  SystemCoreClock                            
0000445d  SystemCoreClockUpdate                      
000046d1  SystemInit                                 
00006019  Timer_A_configureUpMode                    
000062f3  Timer_A_initCompare                        
0000654d  UART_enableInterrupt                       
00006705  UART_getInterruptStatus                    
00006361  UART_transmitData                          
4000480c  WDTCTL_SYM                                 
20010000  __STACK_END                                
00000200  __STACK_SIZE                               
00009c50  __TI_CINIT_Base                            
00009c60  __TI_CINIT_Limit                           
00009c3c  __TI_Handler_Table_Base                    
00009c48  __TI_Handler_Table_Limit                   
00005c35  __TI_auto_init                             
20006434  __TI_cleanup_ptr                           
000066a1  __TI_decompress_none                       
0000670b  __TI_decompress_rle24                      
20006438  __TI_dtors_ptr                             
00000000  __TI_static_base__                         
000066f9  __TI_zero_init                             
00005b4d  __aeabi_memclr                             
00005b4d  __aeabi_memclr4                            
00005b4d  __aeabi_memclr8                            
000059a7  __aeabi_memcpy                             
000059a7  __aeabi_memcpy4                            
000059a7  __aeabi_memcpy8                            
00005b4f  __aeabi_memset                             
00005b4f  __aeabi_memset4                            
00005b4f  __aeabi_memset8                            
ffffffff  __binit__                                  
ffffffff  __c_args__                                 
2000fe00  __stack                                    
00006535  _args_main                                 
00005dd5  _c_int00                                   
2000642c  _lock                                      
00006613  _nop                                       
0000660b  _register_lock                             
00006605  _register_unlock                           
0000671d  _system_pre_init                           
20006430  _unlock                                    
00006061  abort                                      
ffffffff  binit                                      
00004fbd  block_matching                             
20006440  camera_busy                                
00006720  camera_fpn                                 
20006428  clock_frequency                            
000003d9  clust2sect                                 
20006a00  controlTable                               
00005e71  copy_in                                    
00003785  disk_initialize                            
00003ad9  disk_ioctl                                 
00003941  disk_read                                  
00003927  disk_status                                
00003cd7  disk_timerproc                             
000039ed  disk_write                                 
20006200  dx                                         
200062a9  dy                                         
00004f05  enterLPM45                                 
00006069  exit                                       
000028ed  f_chmod                                    
00001fb5  f_close                                    
000023af  f_getfree                                  
00001fd5  f_lseek                                    
00002707  f_mkdir                                    
00002b59  f_mkfs                                     
00001757  f_mount                                    
000017ad  f_open                                     
00002223  f_opendir                                  
000019c1  f_read                                     
000022d3  f_readdir                                  
00002a01  f_rename                                   
0000235f  f_stat                                     
00001eb9  f_sync                                     
00002511  f_truncate                                 
00002605  f_unlink                                   
0000297d  f_utime                                    
00001c15  f_write                                    
20006354  g_psFResultStrings                         
00000409  get_fat                                    
00003d1b  get_fattime                                
2000695c  image_base                                 
20000000  image_buffer1                              
20003100  image_buffer2                              
00000000  interruptVectors                           
000051e5  load_state                                 
00004d5d  main                                       
20006444  main_func_sp                               
20006960  mask_base                                  
000059a7  memcpy                                     
00005b55  memset                                     
2000643c  pixel_counter                              
0000052d  put_fat                                    
00005283  save_state                                 
00006619  strlen                                     
00009b41  system_task_burst_size                     
20006427  system_task_next_state                     
00009b46  system_task_sr_load_config                 
00009b4b  system_task_sr_save_config                 
20006426  system_task_state                          
00009b3c  system_task_voltage                        
000061f5  task_camera                                
00006191  task_process                               
00005491  task_serial_send                           
00005131  velocity_estimation_AVG                    
20006424  vx                                         
20006425  vy                                         


GLOBAL SYMBOLS: SORTED BY Symbol Address 

address   name                                       
-------   ----                                       
00000000  __TI_static_base__                         
00000000  interruptVectors                           
00000200  __STACK_SIZE                               
000003d9  clust2sect                                 
00000409  get_fat                                    
0000052d  put_fat                                    
00001757  f_mount                                    
000017ad  f_open                                     
000019c1  f_read                                     
00001c15  f_write                                    
00001eb9  f_sync                                     
00001fb5  f_close                                    
00001fd5  f_lseek                                    
00002223  f_opendir                                  
000022d3  f_readdir                                  
0000235f  f_stat                                     
000023af  f_getfree                                  
00002511  f_truncate                                 
00002605  f_unlink                                   
00002707  f_mkdir                                    
000028ed  f_chmod                                    
0000297d  f_utime                                    
00002a01  f_rename                                   
00002b59  f_mkfs                                     
0000335d  SysTick_ISR                                
00003365  StringFromFResult                          
00003785  disk_initialize                            
00003927  disk_status                                
00003941  disk_read                                  
000039ed  disk_write                                 
00003ad9  disk_ioctl                                 
00003cd7  disk_timerproc                             
00003d1b  get_fattime                                
00003d1f  SDcard_initSPI                             
00003d4b  SDcard_initGPIO                            
00003d63  SDcard_enable                              
00003daf  SDcard_disable                             
00003e01  DMA_INT2_SD_IRQHandler                     
00003e61  Camera_initGPIO                            
00003ecf  Camera_init                                
00003fed  Camera_configure                           
0000403f  Camera_isBusy                              
00004045  Camera_enable                              
00004059  Camera_disable                             
0000408f  Camera_connectPWM                          
000040bb  Camera_disconnectPWM                       
000040ff  Camera_pulse                               
00004123  Camera_pulseMulti                          
00004163  Camera_defineMask                          
00004173  Camera_readImage                           
00004239  Camera_readPixel                           
0000424f  Camera_selectRegister                      
00004289  Camera_ADC14_ISR                           
0000430d  Camera_startAquire                         
000043ad  Camera_turnPowerOn                         
000043df  Camera_turnPowerOff                        
000043f3  Camera_writeRegister                       
0000445d  SystemCoreClockUpdate                      
000046d1  SystemInit                                 
00004785  SPI_transceive                             
000047bb  EXTFRAM_init                               
000047f7  EXTFRAM_initGPIO                           
0000480f  EXTFRAM_powerOn                            
0000485b  EXTFRAM_powerOff                           
0000489f  EXTFRAM_read                               
00004939  EXTFRAM_write                              
000049df  EXTFRAM_sleep                              
000049fb  EXTFRAM_wakeup                             
00004a0f  DMA_INT1_FRAM_IRQHandler                   
00004a75  ChangeClock                                
00004d5d  main                                       
00004f05  enterLPM45                                 
00004f49  PORT4_IRQHandler                           
00004fbd  block_matching                             
00005131  velocity_estimation_AVG                    
000051e5  load_state                                 
00005283  save_state                                 
00005491  task_serial_send                           
000055c5  EMU_init                                   
000055f9  EMU_configure                              
000056a1  GPIO_init                                  
000056e9  GPIO_reset                                 
00005775  DMA_assignChannel                          
00005841  Serial_init                                
00005893  Serial_sendChar                            
000058b3  Serial_sendString                          
000059a7  __aeabi_memcpy                             
000059a7  __aeabi_memcpy4                            
000059a7  __aeabi_memcpy8                            
000059a7  memcpy                                     
00005a43  SPI_initMaster                             
00005acd  DMA_setChannelTransfer                     
00005b4d  __aeabi_memclr                             
00005b4d  __aeabi_memclr4                            
00005b4d  __aeabi_memclr8                            
00005b4f  __aeabi_memset                             
00005b4f  __aeabi_memset4                            
00005b4f  __aeabi_memset8                            
00005b55  memset                                     
00005bc9  ADC14_configureConversionMemory            
00005c35  __TI_auto_init                             
00005d0d  Interrupt_disableInterrupt                 
00005d71  Interrupt_enableInterrupt                  
00005dd5  _c_int00                                   
00005e25  GPIO_setAsPeripheralModuleFunctionOutputPin
00005e71  copy_in                                    
00005ebd  DMA_assignInterrupt                        
00005f05  GPIO_setAsPeripheralModuleFunctionInputPin 
00005f4d  ADC14_configureSingleSampleMode            
00005f91  DMA_disableChannelAttribute                
00005fd5  Interrupt_unpendInterrupt                  
00006019  Timer_A_configureUpMode                    
0000605d  C$$EXIT                                    
00006061  abort                                      
00006069  exit                                       
000060a1  GPIO_getEnabledInterruptStatus             
000060e1  DMA_disableInterrupt                       
0000611d  DMA_enableInterrupt                        
00006159  ADC14_initModule                           
00006191  task_process                               
000061f5  task_camera                                
00006225  ADC14_enableConversion                     
00006251  GPIO_setAsInputPin                         
0000627d  ADC14_enableSampleTimer                    
000062a5  PCM_gotoLPM0                               
000062cd  SPI_changeMasterClock                      
000062f3  Timer_A_initCompare                        
00006319  DMA_setChannelControl                      
0000633d  GPIO_setAsOutputPin                        
00006361  UART_transmitData                          
00006385  ADC14_disableInterrupt                     
000063a5  ADC14_disableModule                        
000063c5  ADC14_enableInterrupt                      
000063e5  ADC14_toggleConversionTrigger              
00006405  GPIO_interruptEdgeSelect                   
00006425  PCM_enableRudeMode                         
00006441  SPI_enableModule                           
0000645b  SPI_getTransmitBufferAddressForDMA         
00006475  ADC14_getResult                            
0000648d  DMA_disableChannel                         
000064a5  DMA_enableChannel                          
000064bd  EUSCI_A_SPI_masterChangeClock              
000064d5  EUSCI_B_SPI_masterChangeClock              
000064ed  GPIO_clearInterruptFlag                    
00006505  GPIO_setOutputLowOnPin                     
0000651d  PCM_gotoLPM0InterruptSafe                  
00006535  _args_main                                 
0000654d  UART_enableInterrupt                       
00006565  ADC14_setResolution                        
0000658d  GPIO_enableInterrupt                       
000065a1  GPIO_setOutputHighOnPin                    
000065b5  SysTick_disableInterrupt                   
000065c9  SysTick_disableModule                      
000065dd  SysTick_enableInterrupt                    
000065f1  SysTick_enableModule                       
00006605  _register_unlock                           
0000660b  _register_lock                             
00006613  _nop                                       
00006619  strlen                                     
00006641  ADC14_enableModule                         
00006651  DMA_disableModule                          
00006661  DMA_enableModule                           
00006671  GPIO_getInterruptStatus                    
00006681  Interrupt_disableMaster                    
00006691  Interrupt_enableMaster                     
000066a1  __TI_decompress_none                       
000066af  CPU_cpsid                                  
000066bb  CPU_cpsie                                  
000066c9  DMA_setControlBase                         
000066d5  EUSCI_A_SPI_enable                         
000066e1  EUSCI_B_SPI_enable                         
000066ed  SysTick_setPeriod                          
000066f9  __TI_zero_init                             
00006705  UART_getInterruptStatus                    
0000670b  __TI_decompress_rle24                      
00006711  CPU_wfi                                    
00006715  EUSCI_A_SPI_getTransmitBufferAddressForDMA 
00006719  EUSCI_B_SPI_getTransmitBufferAddressForDMA 
0000671d  _system_pre_init                           
00006720  camera_fpn                                 
00009b3c  system_task_voltage                        
00009b41  system_task_burst_size                     
00009b46  system_task_sr_load_config                 
00009b4b  system_task_sr_save_config                 
00009c3c  __TI_Handler_Table_Base                    
00009c48  __TI_Handler_Table_Limit                   
00009c50  __TI_CINIT_Base                            
00009c60  __TI_CINIT_Limit                           
20000000  image_buffer1                              
20003100  image_buffer2                              
20006200  dx                                         
200062a9  dy                                         
20006354  g_psFResultStrings                         
20006424  vx                                         
20006425  vy                                         
20006426  system_task_state                          
20006427  system_task_next_state                     
20006428  clock_frequency                            
2000642c  _lock                                      
20006430  _unlock                                    
20006434  __TI_cleanup_ptr                           
20006438  __TI_dtors_ptr                             
2000643c  pixel_counter                              
20006440  camera_busy                                
20006441  DMA_SD_stop                                
20006444  main_func_sp                               
20006448  SystemCoreClock                            
2000695c  image_base                                 
20006960  mask_base                                  
20006967  DMA_FRAM_stop                              
20006a00  controlTable                               
2000fe00  __stack                                    
20010000  __STACK_END                                
4000480c  WDTCTL_SYM                                 
ffffffff  __binit__                                  
ffffffff  __c_args__                                 
ffffffff  binit                                      
UNDEFED   SHT$$INIT_ARRAY$$Base                      
UNDEFED   SHT$$INIT_ARRAY$$Limit                     

[219 symbols]
