******************************************************************************
                  TI ARM Linker Unix v5.2.5                    
******************************************************************************
>> Linked Wed Aug 24 10:34:51 2016

OUTPUT FILE NAME:   <MSP432_EH_VisionSensor.out>
ENTRY POINT SYMBOL: "_c_int00"  address: 0000351d


MEMORY CONFIGURATION

         name            origin    length      used     unused   attr    fill
----------------------  --------  ---------  --------  --------  ----  --------
  MAIN                  00000000   00040000  000071ae  00038e52  R  X
  INFO                  00200000   00004000  00000000  00004000  R  X
  SRAM_CODE             01000000   00010000  00000000  00010000  RW X
  SRAM_DATA             20000000   00010000  0000651e  00009ae2  RW  


SEGMENT ALLOCATION MAP

run origin  load origin   length   init length attrs members
----------  ----------- ---------- ----------- ----- -------
00000000    00000000    000071b0   000071b0    r-x
  00000000    00000000    00000140   00000140    r-- .intvecs
  00000140    00000140    00003b50   00003b50    r-x .text
  00003c90    00003c90    00003406   00003406    r-- .const
  00007098    00007098    00000118   00000118    r-- .cinit
20000000    20000000    00006320   00000000    rw-
  20000000    20000000    0000620e   00000000    rw- .bss
  20006210    20006210    00000110   00000000    rw- .data
2000fe00    2000fe00    00000200   00000000    rw-
  2000fe00    2000fe00    00000200   00000000    rw- .stack


SECTION ALLOCATION MAP

 output                                  attributes/
section   page    origin      length       input sections
--------  ----  ----------  ----------   ----------------
.intvecs   0    00000000    00000140     
                  00000000    00000140     startup_msp432p401r_ccs.obj (.intvecs:retain)

.text      0    00000140    00003b50     
                  00000140    00000ec6     sd_diskio.obj (.text)
                  00001006    00000002     rtsv7M4_T_le_v4SPD16_eabi.lib : _lock.obj (.text)
                  00001008    000004b0     camera.obj (.text)
                  000014b8    000003c4     main.obj (.text)
                  0000187c    00000004     rtsv7M4_T_le_v4SPD16_eabi.lib : pre_init.obj (.text)
                  00001880    000003b2     clock.obj (.text)
                  00001c32    00000006     msp432p4xx_driverlib.lib : uart.o (.text:UART_getInterruptStatus)
                  00001c38    0000038c     cypress_fram.obj (.text)
                  00001fc4    00000002     rtsv7M4_T_le_v4SPD16_eabi.lib : i_div0.obj (.text)
                  00001fc6    00000002     --HOLE-- [fill = 0]
                  00001fc8    00000304     state_retention.obj (.text)
                  000022cc    00000004     --HOLE-- [fill = 0]
                  000022d0    000002fa     task_process.obj (.text)
                  000025ca    00000006     rtsv7M4_T_le_v4SPD16_eabi.lib : copy_decompress_rle.obj (.text:decompress:rle24)
                  000025d0    000002d4     system_msp432p401r.obj (.text)
                  000028a4    00000004     --HOLE-- [fill = 0]
                  000028a8    000001f2     task_serial_flush.obj (.text)
                  00002a9a    00000002     --HOLE-- [fill = 0]
                  00002a9c    00000154     msp432p4xx_driverlib.lib : adc14.o (.text:_getIndexForMemRegister)
                  00002bf0    0000013e     task_sdcard_flush.obj (.text)
                  00002d2e    00000002     --HOLE-- [fill = 0]
                  00002d30    0000010e     gpio.obj (.text)
                  00002e3e    00000002     --HOLE-- [fill = 0]
                  00002e40    00000108     serial.obj (.text)
                  00002f48    000000d2     emu.obj (.text)
                  0000301a    000000b2     msp432p4xx_driverlib.lib : timer_a.o (.text:privateTimer_AProcessClockSourceDivider)
                  000030cc    00000004     --HOLE-- [fill = 0]
                  000030d0    000000a2     task_camera.obj (.text)
                  00003172    0000009c     rtsv7M4_T_le_v4SPD16_eabi.lib : memcpy_t2.obj (.text)
                  0000320e    00000088     msp432p4xx_driverlib.lib : spi.o (.text:SPI_initMaster)
                  00003296    0000007a     rtsv7M4_T_le_v4SPD16_eabi.lib : memset_t2.obj (.text)
                  00003310    0000006c     msp432p4xx_driverlib.lib : adc14.o (.text:ADC14_configureConversionMemory)
                  0000337c    0000006c     rtsv7M4_T_le_v4SPD16_eabi.lib : autoinit.obj (.text)
                  000033e8    0000006a                                   : copy_decompress_rle.obj (.text)
                  00003452    00000002     --HOLE-- [fill = 0]
                  00003454    00000064     msp432p4xx_driverlib.lib : interrupt.o (.text:Interrupt_disableInterrupt)
                  000034b8    00000064                              : interrupt.o (.text:Interrupt_enableInterrupt)
                  0000351c    00000050     rtsv7M4_T_le_v4SPD16_eabi.lib : boot.obj (.text)
                  0000356c    0000004c     msp432p4xx_driverlib.lib : gpio.o (.text:GPIO_setAsPeripheralModuleFunctionOutputPin)
                  000035b8    0000004c     rtsv7M4_T_le_v4SPD16_eabi.lib : cpy_tbl.obj (.text)
                  00003604    00000048     msp432p4xx_driverlib.lib : gpio.o (.text:GPIO_setAsPeripheralModuleFunctionInputPin)
                  0000364c    00000044                              : adc14.o (.text:ADC14_configureSingleSampleMode)
                  00003690    00000044                              : interrupt.o (.text:Interrupt_unpendInterrupt)
                  000036d4    00000044                              : timer_a.o (.text:Timer_A_configureUpMode)
                  00003718    00000044     rtsv7M4_T_le_v4SPD16_eabi.lib : exit.obj (.text)
                  0000375c    00000040     msp432p4xx_driverlib.lib : gpio.o (.text:GPIO_getEnabledInterruptStatus)
                  0000379c    00000040     rtsv7M4_T_le_v4SPD16_eabi.lib : u_divt2.obj (.text)
                  000037dc    0000003c     msp432p4xx_driverlib.lib : dma.o (.text:DMA_disableInterrupt)
                  00003818    00000038                              : adc14.o (.text:ADC14_initModule)
                  00003850    00000030                              : gpio.o (.text:GPIO_setAsInputPinWithPullDownResistor)
                  00003880    00000030                              : gpio.o (.text:GPIO_setAsInputPinWithPullUpResistor)
                  000038b0    00000030                              : spi.o (.text:is_A_Module)
                  000038e0    0000002c                              : adc14.o (.text:ADC14_enableConversion)
                  0000390c    00000028                              : adc14.o (.text:ADC14_enableSampleTimer)
                  00003934    00000026                              : spi.o (.text:SPI_changeMasterClock)
                  0000395a    00000026                              : timer_a.o (.text:Timer_A_initCompare)
                  00003980    00000024                              : gpio.o (.text:GPIO_setAsOutputPin)
                  000039a4    00000024                              : uart.o (.text:UART_transmitData)
                  000039c8    00000022     startup_msp432p401r_ccs.obj (.text)
                  000039ea    00000002     --HOLE-- [fill = 0]
                  000039ec    00000020     msp432p4xx_driverlib.lib : adc14.o (.text:ADC14_disableInterrupt)
                  00003a0c    00000020                              : adc14.o (.text:ADC14_disableModule)
                  00003a2c    00000020                              : adc14.o (.text:ADC14_enableInterrupt)
                  00003a4c    00000020                              : adc14.o (.text:ADC14_toggleConversionTrigger)
                  00003a6c    00000020                              : gpio.o (.text:GPIO_interruptEdgeSelect)
                  00003a8c    0000001a                              : spi.o (.text:SPI_enableModule)
                  00003aa6    00000002     --HOLE-- [fill = 0]
                  00003aa8    00000018                              : dma.o (.text:DMA_disableChannel)
                  00003ac0    00000018                              : spi.o (.text:EUSCI_A_SPI_masterChangeClock)
                  00003ad8    00000018                              : spi.o (.text:EUSCI_B_SPI_masterChangeClock)
                  00003af0    00000018                              : gpio.o (.text:GPIO_clearInterruptFlag)
                  00003b08    00000018                              : gpio.o (.text:GPIO_getInputPinValue)
                  00003b20    00000018                              : gpio.o (.text:GPIO_setOutputLowOnPin)
                  00003b38    00000018     rtsv7M4_T_le_v4SPD16_eabi.lib : args_main.obj (.text)
                  00003b50    00000016     msp432p4xx_driverlib.lib : uart.o (.text:UART_enableInterrupt)
                  00003b66    00000002     --HOLE-- [fill = 0]
                  00003b68    00000014                              : adc14.o (.text:ADC14_setResolution)
                  00003b7c    00000014                              : adc14.o (.text:ADCIsConversionRunning)
                  00003b90    00000014                              : gpio.o (.text:GPIO_enableInterrupt)
                  00003ba4    00000014                              : gpio.o (.text:GPIO_setOutputHighOnPin)
                  00003bb8    00000014                              : systick.o (.text:SysTick_disableInterrupt)
                  00003bcc    00000014                              : systick.o (.text:SysTick_disableModule)
                  00003be0    00000014                              : systick.o (.text:SysTick_enableInterrupt)
                  00003bf4    00000014                              : systick.o (.text:SysTick_enableModule)
                  00003c08    00000010                              : adc14.o (.text:ADC14_enableModule)
                  00003c18    00000010                              : gpio.o (.text:GPIO_getInterruptStatus)
                  00003c28    00000010                              : interrupt.o (.text:Interrupt_enableMaster)
                  00003c38    0000000e     rtsv7M4_T_le_v4SPD16_eabi.lib : copy_decompress_none.obj (.text:decompress:none)
                  00003c46    0000000c     msp432p4xx_driverlib.lib : cpu.o (.text:CPU_cpsie)
                  00003c52    0000000c                              : spi.o (.text:EUSCI_A_SPI_enable)
                  00003c5e    0000000c                              : spi.o (.text:EUSCI_B_SPI_enable)
                  00003c6a    00000002     --HOLE-- [fill = 0]
                  00003c6c    0000000c                              : systick.o (.text:SysTick_setPeriod)
                  00003c78    0000000c                              : uart.o (.text:UART_disableModule)
                  00003c84    0000000c     rtsv7M4_T_le_v4SPD16_eabi.lib : copy_zero_init.obj (.text:decompress:ZI)

.const     0    00003c90    00003406     
                  00003c90    00003100     task_camera.obj (.const:camera_fpn)
                  00006d90    0000013a     <whole-program> (.const:.string)
                  00006eca    00000002     --HOLE-- [fill = 0]
                  00006ecc    00000098     camera.obj (.const)
                  00006f64    00000080     msp432p4xx_driverlib.lib : adc14.o (.const:_ctlRegs)
                  00006fe4    00000040                              : interrupt.o (.const)
                  00007024    00000024     serial.obj (.const:$P$T0$1$6)
                  00007048    0000001c     cypress_fram.obj (.const)
                  00007064    0000001c     sd_diskio.obj (.const)
                  00007080    0000000c     main.obj (.const)
                  0000708c    0000000a     main.obj (.const:.string)

.cinit     0    00007098    00000118     
                  00007098    000000f4     (.cinit..data.load) [load image, compression = rle]
                  0000718c    0000000c     (__TI_handler_table)
                  00007198    00000008     (.cinit..bss.load) [load image, compression = zero_init]
                  000071a0    00000010     (__TI_cinit_table)

.init_array 
*          0    00000000    00000000     UNINITIALIZED

.bss       0    20000000    0000620e     UNINITIALIZED
                  20000000    0000620a     main.obj (.bss:local_buffer)
                  2000620a    00000001     (.common:DMA_FRAM_stop)
                  2000620b    00000001     (.common:GPIOwakeup)
                  2000620c    00000001     (.common:Timer1$5)
                  2000620d    00000001     (.common:Timer2$5)

.TI.noinit 
*          0    20000000    00000000     UNINITIALIZED

.data      0    20006210    00000110     UNINITIALIZED
                  20006210    000000a8     sd_diskio.obj (.data)
                  200062b8    00000030     msp432p4xx_driverlib.lib : gpio.o (.data:GPIO_PORT_TO_BASE)
                  200062e8    00000010     camera.obj (.data)
                  200062f8    00000010     main.obj (.data)
                  20006308    00000008     rtsv7M4_T_le_v4SPD16_eabi.lib : _lock.obj (.data)
                  20006310    00000008                                   : exit.obj (.data)
                  20006318    00000004                                   : stkdepth_vars.obj (.data)
                  2000631c    00000004     system_msp432p401r.obj (.data)

.TI.persistent 
*          0    20006210    00000000     UNINITIALIZED

.stack     0    2000fe00    00000200     UNINITIALIZED
                  2000fe00    00000200     --HOLE--


LINKER GENERATED COPY TABLES

__TI_cinit_table @ 000071a0 records: 2, size/record: 8, table size: 16
	.data: load addr=00007098, load size=000000f4 bytes, run addr=20006210, run size=00000110 bytes, compression=rle
	.bss: load addr=00007198, load size=00000008 bytes, run addr=20000000, run size=0000620e bytes, compression=zero_init


LINKER GENERATED HANDLER TABLE

__TI_handler_table @ 0000718c records: 3, size/record: 4, table size: 12
	index: 0, handler: __TI_decompress_rle24
	index: 1, handler: __TI_decompress_none
	index: 2, handler: __TI_zero_init


GLOBAL SYMBOLS: SORTED ALPHABETICALLY BY Name 

address   name                                       
-------   ----                                       
00003311  ADC14_configureConversionMemory            
0000364d  ADC14_configureSingleSampleMode            
000039ed  ADC14_disableInterrupt                     
00003a0d  ADC14_disableModule                        
000038e1  ADC14_enableConversion                     
00003a2d  ADC14_enableInterrupt                      
00003c09  ADC14_enableModule                         
0000390d  ADC14_enableSampleTimer                    
00003819  ADC14_initModule                           
00003b69  ADC14_setResolution                        
00003a4d  ADC14_toggleConversionTrigger              
00003719  C$$EXIT                                    
00003c47  CPU_cpsie                                  
00001449  Camera_ADC14_ISR                           
00001239  Camera_connectPWM                          
000013b1  Camera_disable                             
00001369  Camera_disconnectPWM                       
00001009  Camera_init                                
000013e9  Camera_initGPIO                            
000011b1  Camera_pulse                               
000011c9  Camera_selectRegister                      
00001269  Camera_startAquire                         
00001331  Camera_turnPowerOff                        
00001231  Camera_turnPowerOn                         
000011f9  Camera_writeRegister                       
00001881  ChangeClock                                
2000620a  DMA_FRAM_stop                              
00001f79  DMA_INT1_FRAM_IRQHandler                   
00000fa1  DMA_INT2_SD_IRQHandler                     
20006210  DMA_SD_stop                                
00003aa9  DMA_disableChannel                         
000037dd  DMA_disableInterrupt                       
00002f81  EMU_configure                              
00002f49  EMU_init                                   
00003c53  EUSCI_A_SPI_enable                         
00003ac1  EUSCI_A_SPI_masterChangeClock              
00003c5f  EUSCI_B_SPI_enable                         
00003ad9  EUSCI_B_SPI_masterChangeClock              
00001c81  EXTFRAM_init                               
00001f61  EXTFRAM_initGPIO                           
00001cd9  EXTFRAM_powerOff                           
00001c39  EXTFRAM_powerOn                            
00001d51  EXTFRAM_read                               
00001e21  EXTFRAM_write                              
00003af1  GPIO_clearInterruptFlag                    
00003b91  GPIO_enableInterrupt                       
0000375d  GPIO_getEnabledInterruptStatus             
00003b09  GPIO_getInputPinValue                      
00003c19  GPIO_getInterruptStatus                    
00002db1  GPIO_init                                  
00003a6d  GPIO_interruptEdgeSelect                   
00002d31  GPIO_reset                                 
00003851  GPIO_setAsInputPinWithPullDownResistor     
00003881  GPIO_setAsInputPinWithPullUpResistor       
00003981  GPIO_setAsOutputPin                        
00003605  GPIO_setAsPeripheralModuleFunctionInputPin 
0000356d  GPIO_setAsPeripheralModuleFunctionOutputPin
00003ba5  GPIO_setOutputHighOnPin                    
00003b21  GPIO_setOutputLowOnPin                     
00003455  Interrupt_disableInterrupt                 
000034b9  Interrupt_enableInterrupt                  
00003c29  Interrupt_enableMaster                     
00003691  Interrupt_unpendInterrupt                  
00001859  PORT4_IRQHandler                           
00000b41  SDcard_disable                             
00000289  SDcard_enable                              
00000f89  SDcard_initGPIO                            
00000141  SDcard_initSPI                             
00000f79  SDcard_waitReady                           
UNDEFED   SHT$$INIT_ARRAY$$Base                      
UNDEFED   SHT$$INIT_ARRAY$$Limit                     
00003935  SPI_changeMasterClock                      
00003a8d  SPI_enableModule                           
0000320f  SPI_initMaster                             
00001d21  SPI_transceive                             
00002ef1  Serial_disable                             
00002e41  Serial_init                                
00002eb1  Serial_sendChar                            
00000fe1  SysTick_ISR                                
00003bb9  SysTick_disableInterrupt                   
00003bcd  SysTick_disableModule                      
00003be1  SysTick_enableInterrupt                    
00003bf5  SysTick_enableModule                       
00003c6d  SysTick_setPeriod                          
2000631c  SystemCoreClock                            
00002641  SystemCoreClockUpdate                      
000025d1  SystemInit                                 
000036d5  Timer_A_configureUpMode                    
0000395b  Timer_A_initCompare                        
00003c79  UART_disableModule                         
00003b51  UART_enableInterrupt                       
00001c33  UART_getInterruptStatus                    
000039a5  UART_transmitData                          
4000480c  WDTCTL_SYM                                 
20010000  __STACK_END                                
00000200  __STACK_SIZE                               
000071a0  __TI_CINIT_Base                            
000071b0  __TI_CINIT_Limit                           
0000718c  __TI_Handler_Table_Base                    
00007198  __TI_Handler_Table_Limit                   
0000337d  __TI_auto_init                             
20006310  __TI_cleanup_ptr                           
00003c39  __TI_decompress_none                       
000025cb  __TI_decompress_rle24                      
20006314  __TI_dtors_ptr                             
00000000  __TI_static_base__                         
00003c85  __TI_zero_init                             
00001fc5  __aeabi_idiv0                              
00003297  __aeabi_memclr                             
00003297  __aeabi_memclr4                            
00003297  __aeabi_memclr8                            
00003173  __aeabi_memcpy                             
00003173  __aeabi_memcpy4                            
00003173  __aeabi_memcpy8                            
00003299  __aeabi_memset                             
00003299  __aeabi_memset4                            
00003299  __aeabi_memset8                            
0000379d  __aeabi_uidiv                              
0000379d  __aeabi_uidivmod                           
ffffffff  __binit__                                  
ffffffff  __c_args__                                 
2000fe00  __stack                                    
00003b39  _args_main                                 
0000351d  _c_int00                                   
20006308  _lock                                      
00001007  _nop                                       
0000187d  _system_pre_init                           
2000630c  _unlock                                    
0000371d  abort                                      
ffffffff  binit                                      
200062e8  camera_busy                                
00003c90  camera_fpn                                 
20006304  clock_frequency                            
000035b9  copy_in                                    
00000581  disk_initialize                            
00000831  disk_read                                  
00000fe1  disk_timerproc                             
00000b99  disk_write                                 
000014b9  enterLPM45                                 
00003725  exit                                       
20006218  g_psFResultStrings                         
200062ec  image_base                                 
00000000  interruptVectors                           
000016b1  itoa                                       
000021a1  load_state                                 
00002141  load_task_state                            
20000000  local_buffer                               
00001511  main                                       
20006318  main_func_sp                               
200062f0  mask_base                                  
00003173  memcpy                                     
0000329f  memset                                     
200062f4  pixel_counter                              
00002019  save_state                                 
00001fc9  save_task_state                            
200062fe  system_fram_buffer_size                    
20006300  system_fram_pointer                        
200062f8  system_sdcard_pointer                      
00007085  system_task_burst_size                     
200062fd  system_task_next_state                     
0000708c  system_task_sr_load_config                 
00007091  system_task_sr_save_config                 
200062fc  system_task_state                          
00007080  system_task_voltage                        
000030d1  task_camera                                
000022d1  task_process                               
00002bf1  task_sdcard_flush                          
000028a9  task_serial_flush                          


GLOBAL SYMBOLS: SORTED BY Symbol Address 

address   name                                       
-------   ----                                       
00000000  __TI_static_base__                         
00000000  interruptVectors                           
00000141  SDcard_initSPI                             
00000200  __STACK_SIZE                               
00000289  SDcard_enable                              
00000581  disk_initialize                            
00000831  disk_read                                  
00000b41  SDcard_disable                             
00000b99  disk_write                                 
00000f79  SDcard_waitReady                           
00000f89  SDcard_initGPIO                            
00000fa1  DMA_INT2_SD_IRQHandler                     
00000fe1  SysTick_ISR                                
00000fe1  disk_timerproc                             
00001007  _nop                                       
00001009  Camera_init                                
000011b1  Camera_pulse                               
000011c9  Camera_selectRegister                      
000011f9  Camera_writeRegister                       
00001231  Camera_turnPowerOn                         
00001239  Camera_connectPWM                          
00001269  Camera_startAquire                         
00001331  Camera_turnPowerOff                        
00001369  Camera_disconnectPWM                       
000013b1  Camera_disable                             
000013e9  Camera_initGPIO                            
00001449  Camera_ADC14_ISR                           
000014b9  enterLPM45                                 
00001511  main                                       
000016b1  itoa                                       
00001859  PORT4_IRQHandler                           
0000187d  _system_pre_init                           
00001881  ChangeClock                                
00001c33  UART_getInterruptStatus                    
00001c39  EXTFRAM_powerOn                            
00001c81  EXTFRAM_init                               
00001cd9  EXTFRAM_powerOff                           
00001d21  SPI_transceive                             
00001d51  EXTFRAM_read                               
00001e21  EXTFRAM_write                              
00001f61  EXTFRAM_initGPIO                           
00001f79  DMA_INT1_FRAM_IRQHandler                   
00001fc5  __aeabi_idiv0                              
00001fc9  save_task_state                            
00002019  save_state                                 
00002141  load_task_state                            
000021a1  load_state                                 
000022d1  task_process                               
000025cb  __TI_decompress_rle24                      
000025d1  SystemInit                                 
00002641  SystemCoreClockUpdate                      
000028a9  task_serial_flush                          
00002bf1  task_sdcard_flush                          
00002d31  GPIO_reset                                 
00002db1  GPIO_init                                  
00002e41  Serial_init                                
00002eb1  Serial_sendChar                            
00002ef1  Serial_disable                             
00002f49  EMU_init                                   
00002f81  EMU_configure                              
000030d1  task_camera                                
00003173  __aeabi_memcpy                             
00003173  __aeabi_memcpy4                            
00003173  __aeabi_memcpy8                            
00003173  memcpy                                     
0000320f  SPI_initMaster                             
00003297  __aeabi_memclr                             
00003297  __aeabi_memclr4                            
00003297  __aeabi_memclr8                            
00003299  __aeabi_memset                             
00003299  __aeabi_memset4                            
00003299  __aeabi_memset8                            
0000329f  memset                                     
00003311  ADC14_configureConversionMemory            
0000337d  __TI_auto_init                             
00003455  Interrupt_disableInterrupt                 
000034b9  Interrupt_enableInterrupt                  
0000351d  _c_int00                                   
0000356d  GPIO_setAsPeripheralModuleFunctionOutputPin
000035b9  copy_in                                    
00003605  GPIO_setAsPeripheralModuleFunctionInputPin 
0000364d  ADC14_configureSingleSampleMode            
00003691  Interrupt_unpendInterrupt                  
000036d5  Timer_A_configureUpMode                    
00003719  C$$EXIT                                    
0000371d  abort                                      
00003725  exit                                       
0000375d  GPIO_getEnabledInterruptStatus             
0000379d  __aeabi_uidiv                              
0000379d  __aeabi_uidivmod                           
000037dd  DMA_disableInterrupt                       
00003819  ADC14_initModule                           
00003851  GPIO_setAsInputPinWithPullDownResistor     
00003881  GPIO_setAsInputPinWithPullUpResistor       
000038e1  ADC14_enableConversion                     
0000390d  ADC14_enableSampleTimer                    
00003935  SPI_changeMasterClock                      
0000395b  Timer_A_initCompare                        
00003981  GPIO_setAsOutputPin                        
000039a5  UART_transmitData                          
000039ed  ADC14_disableInterrupt                     
00003a0d  ADC14_disableModule                        
00003a2d  ADC14_enableInterrupt                      
00003a4d  ADC14_toggleConversionTrigger              
00003a6d  GPIO_interruptEdgeSelect                   
00003a8d  SPI_enableModule                           
00003aa9  DMA_disableChannel                         
00003ac1  EUSCI_A_SPI_masterChangeClock              
00003ad9  EUSCI_B_SPI_masterChangeClock              
00003af1  GPIO_clearInterruptFlag                    
00003b09  GPIO_getInputPinValue                      
00003b21  GPIO_setOutputLowOnPin                     
00003b39  _args_main                                 
00003b51  UART_enableInterrupt                       
00003b69  ADC14_setResolution                        
00003b91  GPIO_enableInterrupt                       
00003ba5  GPIO_setOutputHighOnPin                    
00003bb9  SysTick_disableInterrupt                   
00003bcd  SysTick_disableModule                      
00003be1  SysTick_enableInterrupt                    
00003bf5  SysTick_enableModule                       
00003c09  ADC14_enableModule                         
00003c19  GPIO_getInterruptStatus                    
00003c29  Interrupt_enableMaster                     
00003c39  __TI_decompress_none                       
00003c47  CPU_cpsie                                  
00003c53  EUSCI_A_SPI_enable                         
00003c5f  EUSCI_B_SPI_enable                         
00003c6d  SysTick_setPeriod                          
00003c79  UART_disableModule                         
00003c85  __TI_zero_init                             
00003c90  camera_fpn                                 
00007080  system_task_voltage                        
00007085  system_task_burst_size                     
0000708c  system_task_sr_load_config                 
00007091  system_task_sr_save_config                 
0000718c  __TI_Handler_Table_Base                    
00007198  __TI_Handler_Table_Limit                   
000071a0  __TI_CINIT_Base                            
000071b0  __TI_CINIT_Limit                           
20000000  local_buffer                               
2000620a  DMA_FRAM_stop                              
20006210  DMA_SD_stop                                
20006218  g_psFResultStrings                         
200062e8  camera_busy                                
200062ec  image_base                                 
200062f0  mask_base                                  
200062f4  pixel_counter                              
200062f8  system_sdcard_pointer                      
200062fc  system_task_state                          
200062fd  system_task_next_state                     
200062fe  system_fram_buffer_size                    
20006300  system_fram_pointer                        
20006304  clock_frequency                            
20006308  _lock                                      
2000630c  _unlock                                    
20006310  __TI_cleanup_ptr                           
20006314  __TI_dtors_ptr                             
20006318  main_func_sp                               
2000631c  SystemCoreClock                            
2000fe00  __stack                                    
20010000  __STACK_END                                
4000480c  WDTCTL_SYM                                 
ffffffff  __binit__                                  
ffffffff  __c_args__                                 
ffffffff  binit                                      
UNDEFED   SHT$$INIT_ARRAY$$Base                      
UNDEFED   SHT$$INIT_ARRAY$$Limit                     

[168 symbols]
