******************************************************************************
                  TI ARM Linker Unix v5.2.5                    
******************************************************************************
>> Linked Fri May 27 11:34:16 2016

OUTPUT FILE NAME:   <MSP432_CameraAcquisition_8bit.out>
ENTRY POINT SYMBOL: "_c_int00"  address: 0000398d


MEMORY CONFIGURATION

         name            origin    length      used     unused   attr    fill
----------------------  --------  ---------  --------  --------  ----  --------
  MAIN                  00000000   00040000  000043ec  0003bc14  R  X
  INFO                  00200000   00004000  00000000  00004000  R  X
  SRAM_CODE             01000000   00010000  00000000  00010000  RW X
  SRAM_DATA             20000000   00010000  0000696a  00009696  RW  


SEGMENT ALLOCATION MAP

run origin  load origin   length   init length attrs members
----------  ----------- ---------- ----------- ----- -------
00000000    00000000    000043f0   000043f0    r-x
  00000000    00000000    00000140   00000140    r-- .intvecs
  00000140    00000140    00003eac   00003eac    r-x .text
  00003fec    00003fec    000002f0   000002f0    r-- .const
  000042e0    000042e0    00000110   00000110    r-- .cinit
20000000    20000000    0000676a   00000000    rw-
  20000000    20000000    00006758   00000000    rw- .data
  20006758    20006758    00000012   00000000    rw- .bss
2000fe00    2000fe00    00000200   00000000    rw-
  2000fe00    2000fe00    00000200   00000000    rw- .stack


SECTION ALLOCATION MAP

 output                                  attributes/
section   page    origin      length       input sections
--------  ----  ----------  ----------   ----------------
.intvecs   0    00000000    00000140     
                  00000000    00000140     startup_msp432p401r_ccs.obj (.intvecs:retain)

.text      0    00000140    00003eac     
                  00000140    00001366     ff.obj (.text)
                  000014a6    00000002     rtsv7M4_T_le_v4SPD16_eabi.lib : _lock.obj (.text)
                  000014a8    000011fe     sd_diskio.obj (.text)
                  000026a6    00000002     --HOLE-- [fill = 0]
                  000026a8    00000488     camera.obj (.text)
                  00002b30    00000354     system_msp432p401r.obj (.text)
                  00002e84    00000004     rtsv7M4_T_le_v4SPD16_eabi.lib : pre_init.obj (.text)
                  00002e88    0000019c     cypress_fram.obj (.text)
                  00003024    00000154     msp432p4xx_driverlib.lib : adc14.o (.text:_getIndexForMemRegister)
                  00003178    00000133     main.obj (.text)
                  000032ab    00000001     --HOLE-- [fill = 0]
                  000032ac    00000104     msp432p4xx_driverlib.lib : cs.o (.text:CS_getDCOFrequency)
                  000033b0    000000f6     serial.obj (.text)
                  000034a6    000000b2     msp432p4xx_driverlib.lib : timer_a.o (.text:privateTimer_AProcessClockSourceDivider)
                  00003558    0000009c                              : cs.o (.text:_CSComputeCLKFrequency)
                  000035f4    0000009c     rtsv7M4_T_le_v4SPD16_eabi.lib : memcpy_t2.obj (.text)
                  00003690    00000088     msp432p4xx_driverlib.lib : spi.o (.text:SPI_initMaster)
                  00003718    0000007a     rtsv7M4_T_le_v4SPD16_eabi.lib : memset_t2.obj (.text)
                  00003792    00000002     --HOLE-- [fill = 0]
                  00003794    0000006c     msp432p4xx_driverlib.lib : adc14.o (.text:ADC14_configureConversionMemory)
                  00003800    0000006c     rtsv7M4_T_le_v4SPD16_eabi.lib : autoinit.obj (.text)
                  0000386c    0000006a                                   : copy_decompress_rle.obj (.text)
                  000038d6    00000002     --HOLE-- [fill = 0]
                  000038d8    00000064     msp432p4xx_driverlib.lib : interrupt.o (.text:Interrupt_enableInterrupt)
                  0000393c    00000050                              : sysctl.o (.text:SysCtl_getTLVInfo)
                  0000398c    00000050     rtsv7M4_T_le_v4SPD16_eabi.lib : boot.obj (.text)
                  000039dc    0000004c     msp432p4xx_driverlib.lib : gpio.o (.text:GPIO_setAsPeripheralModuleFunctionOutputPin)
                  00003a28    0000004c                              : cs.o (.text:_CSGetDOCFrequency)
                  00003a74    0000004c     rtsv7M4_T_le_v4SPD16_eabi.lib : cpy_tbl.obj (.text)
                  00003ac0    00000048     msp432p4xx_driverlib.lib : gpio.o (.text:GPIO_setAsPeripheralModuleFunctionInputPin)
                  00003b08    00000048                              : cs.o (.text:_CSGetDividerValue)
                  00003b50    00000044                              : adc14.o (.text:ADC14_configureSingleSampleMode)
                  00003b94    00000044                              : timer_a.o (.text:Timer_A_configureUpMode)
                  00003bd8    00000044     rtsv7M4_T_le_v4SPD16_eabi.lib : exit.obj (.text)
                  00003c1c    00000038     msp432p4xx_driverlib.lib : adc14.o (.text:ADC14_initModule)
                  00003c54    00000030                              : gpio.o (.text:GPIO_setAsInputPinWithPullUpResistor)
                  00003c84    00000030                              : spi.o (.text:is_A_Module)
                  00003cb4    0000002c                              : adc14.o (.text:ADC14_enableConversion)
                  00003ce0    00000028                              : adc14.o (.text:ADC14_enableSampleTimer)
                  00003d08    00000026                              : spi.o (.text:SPI_changeMasterClock)
                  00003d2e    00000026                              : timer_a.o (.text:Timer_A_initCompare)
                  00003d54    00000024                              : cs.o (.text:CS_clearInterruptFlag)
                  00003d78    00000024                              : gpio.o (.text:GPIO_setAsOutputPin)
                  00003d9c    00000024                              : uart.o (.text:UART_transmitData)
                  00003dc0    00000022     startup_msp432p401r_ccs.obj (.text)
                  00003de2    00000002     --HOLE-- [fill = 0]
                  00003de4    00000020     msp432p4xx_driverlib.lib : adc14.o (.text:ADC14_enableInterrupt)
                  00003e04    00000020                              : adc14.o (.text:ADC14_toggleConversionTrigger)
                  00003e24    0000001a                              : spi.o (.text:SPI_enableModule)
                  00003e3e    00000002     --HOLE-- [fill = 0]
                  00003e40    00000018                              : cs.o (.text:CS_getSMCLK)
                  00003e58    00000018                              : spi.o (.text:EUSCI_A_SPI_masterChangeClock)
                  00003e70    00000018                              : spi.o (.text:EUSCI_B_SPI_masterChangeClock)
                  00003e88    00000018                              : gpio.o (.text:GPIO_getInputPinValue)
                  00003ea0    00000018                              : gpio.o (.text:GPIO_setOutputLowOnPin)
                  00003eb8    00000018     rtsv7M4_T_le_v4SPD16_eabi.lib : args_main.obj (.text)
                  00003ed0    00000016     msp432p4xx_driverlib.lib : uart.o (.text:UART_enableInterrupt)
                  00003ee6    00000002     --HOLE-- [fill = 0]
                  00003ee8    00000014                              : adc14.o (.text:ADC14_setResolution)
                  00003efc    00000014                              : adc14.o (.text:ADCIsConversionRunning)
                  00003f10    00000014                              : gpio.o (.text:GPIO_setOutputHighOnPin)
                  00003f24    00000014                              : systick.o (.text:SysTick_disableInterrupt)
                  00003f38    00000014                              : systick.o (.text:SysTick_disableModule)
                  00003f4c    00000014                              : systick.o (.text:SysTick_enableInterrupt)
                  00003f60    00000014                              : systick.o (.text:SysTick_enableModule)
                  00003f74    00000010                              : adc14.o (.text:ADC14_enableModule)
                  00003f84    00000010                              : interrupt.o (.text:Interrupt_enableMaster)
                  00003f94    0000000e     rtsv7M4_T_le_v4SPD16_eabi.lib : copy_decompress_none.obj (.text:decompress:none)
                  00003fa2    0000000c     msp432p4xx_driverlib.lib : cpu.o (.text:CPU_cpsie)
                  00003fae    0000000c                              : spi.o (.text:EUSCI_A_SPI_enable)
                  00003fba    0000000c                              : spi.o (.text:EUSCI_B_SPI_enable)
                  00003fc6    00000002     --HOLE-- [fill = 0]
                  00003fc8    0000000c                              : systick.o (.text:SysTick_setPeriod)
                  00003fd4    0000000c     rtsv7M4_T_le_v4SPD16_eabi.lib : copy_zero_init.obj (.text:decompress:ZI)
                  00003fe0    00000006     msp432p4xx_driverlib.lib : uart.o (.text:UART_getInterruptStatus)
                  00003fe6    00000006     rtsv7M4_T_le_v4SPD16_eabi.lib : copy_decompress_rle.obj (.text:decompress:rle24)

.const     0    00003fec    000002f0     
                  00003fec    0000013a     <whole-program> (.const:.string)
                  00004126    00000002     --HOLE-- [fill = 0]
                  00004128    00000098     camera.obj (.const)
                  000041c0    00000080     msp432p4xx_driverlib.lib : adc14.o (.const:_ctlRegs)
                  00004240    00000040                              : interrupt.o (.const)
                  00004280    00000024     serial.obj (.const:$P$T0$1$4)
                  000042a4    0000001c     cypress_fram.obj (.const)
                  000042c0    0000001c     sd_diskio.obj (.const)

.cinit     0    000042e0    00000110     
                  000042e0    000000ec     (.cinit..data.load) [load image, compression = rle]
                  000043cc    0000000c     (__TI_handler_table)
                  000043d8    00000008     (.cinit..bss.load) [load image, compression = zero_init]
                  000043e0    00000010     (__TI_cinit_table)

.init_array 
*          0    00000000    00000000     UNINITIALIZED

.data      0    20000000    00006758     UNINITIALIZED
                  20000000    00006658     main.obj (.data)
                  20006658    000000a8     sd_diskio.obj (.data)
                  20006700    00000030     msp432p4xx_driverlib.lib : gpio.o (.data:GPIO_PORT_TO_BASE)
                  20006730    00000010     camera.obj (.data)
                  20006740    00000008     rtsv7M4_T_le_v4SPD16_eabi.lib : _lock.obj (.data)
                  20006748    00000008                                   : exit.obj (.data)
                  20006750    00000004                                   : stkdepth_vars.obj (.data)
                  20006754    00000004     system_msp432p401r.obj (.data)

.TI.persistent 
*          0    20000000    00000000     UNINITIALIZED

.bss       0    20006758    00000012     UNINITIALIZED
                  20006758    00000008     ff.obj (.bss)
                  20006760    00000004     (.common:hfxtFreq)
                  20006764    00000004     (.common:lfxtFreq)
                  20006768    00000001     (.common:Timer1$3)
                  20006769    00000001     (.common:Timer2$3)

.TI.noinit 
*          0    20006758    00000000     UNINITIALIZED

.stack     0    2000fe00    00000200     UNINITIALIZED
                  2000fe00    00000200     --HOLE--


LINKER GENERATED COPY TABLES

__TI_cinit_table @ 000043e0 records: 2, size/record: 8, table size: 16
	.data: load addr=000042e0, load size=000000ec bytes, run addr=20000000, run size=00006758 bytes, compression=rle
	.bss: load addr=000043d8, load size=00000008 bytes, run addr=20006758, run size=00000012 bytes, compression=zero_init


LINKER GENERATED HANDLER TABLE

__TI_handler_table @ 000043cc records: 3, size/record: 4, table size: 12
	index: 0, handler: __TI_decompress_rle24
	index: 1, handler: __TI_decompress_none
	index: 2, handler: __TI_zero_init


GLOBAL SYMBOLS: SORTED ALPHABETICALLY BY Name 

address   name                                       
-------   ----                                       
00003795  ADC14_configureConversionMemory            
00003b51  ADC14_configureSingleSampleMode            
00003cb5  ADC14_enableConversion                     
00003de5  ADC14_enableInterrupt                      
00003f75  ADC14_enableModule                         
00003ce1  ADC14_enableSampleTimer                    
00003c1d  ADC14_initModule                           
00003ee9  ADC14_setResolution                        
00003e05  ADC14_toggleConversionTrigger              
00003bd9  C$$EXIT                                    
00003fa3  CPU_cpsie                                  
00003d55  CS_clearInterruptFlag                      
000032ad  CS_getDCOFrequency                         
00003e41  CS_getSMCLK                                
00002ac1  Camera_ADC14_ISR                           
00002949  Camera_configure                           
00002981  Camera_connectPWM                          
00002a79  Camera_disconnectPWM                       
00002899  Camera_enable                              
000026a9  Camera_init                                
000028b1  Camera_pulse                               
000028c9  Camera_pulseMulti                          
000028f1  Camera_selectRegister                      
000029b1  Camera_startAquire                         
00002a71  Camera_turnPowerOff                        
00002941  Camera_turnPowerOn                         
00002921  Camera_writeRegister                       
00003faf  EUSCI_A_SPI_enable                         
00003e59  EUSCI_A_SPI_masterChangeClock              
00003fbb  EUSCI_B_SPI_enable                         
00003e71  EUSCI_B_SPI_masterChangeClock              
00002e89  EXTFRAM_init                               
00002ec9  EXTFRAM_initGPIO                           
00002fe1  EXTFRAM_powerOff                           
00002f11  EXTFRAM_powerOn                            
00002f71  EXTFRAM_read                               
00003e89  GPIO_getInputPinValue                      
00003c55  GPIO_setAsInputPinWithPullUpResistor       
00003d79  GPIO_setAsOutputPin                        
00003ac1  GPIO_setAsPeripheralModuleFunctionInputPin 
000039dd  GPIO_setAsPeripheralModuleFunctionOutputPin
00003f11  GPIO_setOutputHighOnPin                    
00003ea1  GPIO_setOutputLowOnPin                     
000038d9  Interrupt_enableInterrupt                  
00003f85  Interrupt_enableMaster                     
000014a9  SDcard_SPI_init                            
00002671  SDcard_disable                             
00001621  SDcard_enable                              
UNDEFED   SHT$$INIT_ARRAY$$Base                      
UNDEFED   SHT$$INIT_ARRAY$$Limit                     
00003d09  SPI_changeMasterClock                      
00003e25  SPI_enableModule                           
00003691  SPI_initMaster                             
00002f41  SPI_transceive                             
000033b1  Serial_init                                
00003421  Serial_sendChar                            
00003461  Serial_sendString                          
0000393d  SysCtl_getTLVInfo                          
00002681  SysTick_ISR                                
00003f25  SysTick_disableInterrupt                   
00003f39  SysTick_disableModule                      
00003f4d  SysTick_enableInterrupt                    
00003f61  SysTick_enableModule                       
00003fc9  SysTick_setPeriod                          
20006754  SystemCoreClock                            
00002c21  SystemCoreClockUpdate                      
00002b31  SystemInit                                 
00003b95  Timer_A_configureUpMode                    
00003d2f  Timer_A_initCompare                        
00003ed1  UART_enableInterrupt                       
00003fe1  UART_getInterruptStatus                    
00003d9d  UART_transmitData                          
4000480c  WDTCTL_SYM                                 
20010000  __STACK_END                                
00000200  __STACK_SIZE                               
000043e0  __TI_CINIT_Base                            
000043f0  __TI_CINIT_Limit                           
000043cc  __TI_Handler_Table_Base                    
000043d8  __TI_Handler_Table_Limit                   
00003801  __TI_auto_init                             
20006748  __TI_cleanup_ptr                           
00003f95  __TI_decompress_none                       
00003fe7  __TI_decompress_rle24                      
2000674c  __TI_dtors_ptr                             
00000000  __TI_static_base__                         
00003fd5  __TI_zero_init                             
00003719  __aeabi_memclr                             
00003719  __aeabi_memclr4                            
00003719  __aeabi_memclr8                            
000035f5  __aeabi_memcpy                             
000035f5  __aeabi_memcpy4                            
000035f5  __aeabi_memcpy8                            
0000371b  __aeabi_memset                             
0000371b  __aeabi_memset4                            
0000371b  __aeabi_memset8                            
ffffffff  __binit__                                  
ffffffff  __c_args__                                 
2000fe00  __stack                                    
00003eb9  _args_main                                 
0000398d  _c_int00                                   
20006740  _lock                                      
000014a7  _nop                                       
00002e85  _system_pre_init                           
20006744  _unlock                                    
00003bdd  abort                                      
ffffffff  binit                                      
20006730  camera_busy                                
000008e9  clust2sect                                 
00003a75  copy_in                                    
000018d9  disk_initialize                            
00002531  disk_ioctl                                 
00001c09  disk_read                                  
00001649  disk_status                                
00002681  disk_timerproc                             
00002031  disk_write                                 
00003be5  exit                                       
00001491  f_close                                    
00000141  f_mount                                    
00000fa9  f_open                                     
000013f1  f_sync                                     
00001109  f_write                                    
20006660  g_psFResultStrings                         
00000809  get_fat                                    
00002521  get_fattime                                
20006734  image_base                                 
20000458  image_buffer                               
00000000  interruptVectors                           
00003179  main                                       
20006750  main_func_sp                               
20006738  mask_base                                  
20003558  mask_buffer                                
000035f5  memcpy                                     
00003721  memset                                     
2000673c  pixel_counter                              
000009c1  put_fat                                    


GLOBAL SYMBOLS: SORTED BY Symbol Address 

address   name                                       
-------   ----                                       
00000000  __TI_static_base__                         
00000000  interruptVectors                           
00000141  f_mount                                    
00000200  __STACK_SIZE                               
00000809  get_fat                                    
000008e9  clust2sect                                 
000009c1  put_fat                                    
00000fa9  f_open                                     
00001109  f_write                                    
000013f1  f_sync                                     
00001491  f_close                                    
000014a7  _nop                                       
000014a9  SDcard_SPI_init                            
00001621  SDcard_enable                              
00001649  disk_status                                
000018d9  disk_initialize                            
00001c09  disk_read                                  
00002031  disk_write                                 
00002521  get_fattime                                
00002531  disk_ioctl                                 
00002671  SDcard_disable                             
00002681  SysTick_ISR                                
00002681  disk_timerproc                             
000026a9  Camera_init                                
00002899  Camera_enable                              
000028b1  Camera_pulse                               
000028c9  Camera_pulseMulti                          
000028f1  Camera_selectRegister                      
00002921  Camera_writeRegister                       
00002941  Camera_turnPowerOn                         
00002949  Camera_configure                           
00002981  Camera_connectPWM                          
000029b1  Camera_startAquire                         
00002a71  Camera_turnPowerOff                        
00002a79  Camera_disconnectPWM                       
00002ac1  Camera_ADC14_ISR                           
00002b31  SystemInit                                 
00002c21  SystemCoreClockUpdate                      
00002e85  _system_pre_init                           
00002e89  EXTFRAM_init                               
00002ec9  EXTFRAM_initGPIO                           
00002f11  EXTFRAM_powerOn                            
00002f41  SPI_transceive                             
00002f71  EXTFRAM_read                               
00002fe1  EXTFRAM_powerOff                           
00003179  main                                       
000032ad  CS_getDCOFrequency                         
000033b1  Serial_init                                
00003421  Serial_sendChar                            
00003461  Serial_sendString                          
000035f5  __aeabi_memcpy                             
000035f5  __aeabi_memcpy4                            
000035f5  __aeabi_memcpy8                            
000035f5  memcpy                                     
00003691  SPI_initMaster                             
00003719  __aeabi_memclr                             
00003719  __aeabi_memclr4                            
00003719  __aeabi_memclr8                            
0000371b  __aeabi_memset                             
0000371b  __aeabi_memset4                            
0000371b  __aeabi_memset8                            
00003721  memset                                     
00003795  ADC14_configureConversionMemory            
00003801  __TI_auto_init                             
000038d9  Interrupt_enableInterrupt                  
0000393d  SysCtl_getTLVInfo                          
0000398d  _c_int00                                   
000039dd  GPIO_setAsPeripheralModuleFunctionOutputPin
00003a75  copy_in                                    
00003ac1  GPIO_setAsPeripheralModuleFunctionInputPin 
00003b51  ADC14_configureSingleSampleMode            
00003b95  Timer_A_configureUpMode                    
00003bd9  C$$EXIT                                    
00003bdd  abort                                      
00003be5  exit                                       
00003c1d  ADC14_initModule                           
00003c55  GPIO_setAsInputPinWithPullUpResistor       
00003cb5  ADC14_enableConversion                     
00003ce1  ADC14_enableSampleTimer                    
00003d09  SPI_changeMasterClock                      
00003d2f  Timer_A_initCompare                        
00003d55  CS_clearInterruptFlag                      
00003d79  GPIO_setAsOutputPin                        
00003d9d  UART_transmitData                          
00003de5  ADC14_enableInterrupt                      
00003e05  ADC14_toggleConversionTrigger              
00003e25  SPI_enableModule                           
00003e41  CS_getSMCLK                                
00003e59  EUSCI_A_SPI_masterChangeClock              
00003e71  EUSCI_B_SPI_masterChangeClock              
00003e89  GPIO_getInputPinValue                      
00003ea1  GPIO_setOutputLowOnPin                     
00003eb9  _args_main                                 
00003ed1  UART_enableInterrupt                       
00003ee9  ADC14_setResolution                        
00003f11  GPIO_setOutputHighOnPin                    
00003f25  SysTick_disableInterrupt                   
00003f39  SysTick_disableModule                      
00003f4d  SysTick_enableInterrupt                    
00003f61  SysTick_enableModule                       
00003f75  ADC14_enableModule                         
00003f85  Interrupt_enableMaster                     
00003f95  __TI_decompress_none                       
00003fa3  CPU_cpsie                                  
00003faf  EUSCI_A_SPI_enable                         
00003fbb  EUSCI_B_SPI_enable                         
00003fc9  SysTick_setPeriod                          
00003fd5  __TI_zero_init                             
00003fe1  UART_getInterruptStatus                    
00003fe7  __TI_decompress_rle24                      
000043cc  __TI_Handler_Table_Base                    
000043d8  __TI_Handler_Table_Limit                   
000043e0  __TI_CINIT_Base                            
000043f0  __TI_CINIT_Limit                           
20000458  image_buffer                               
20003558  mask_buffer                                
20006660  g_psFResultStrings                         
20006730  camera_busy                                
20006734  image_base                                 
20006738  mask_base                                  
2000673c  pixel_counter                              
20006740  _lock                                      
20006744  _unlock                                    
20006748  __TI_cleanup_ptr                           
2000674c  __TI_dtors_ptr                             
20006750  main_func_sp                               
20006754  SystemCoreClock                            
2000fe00  __stack                                    
20010000  __STACK_END                                
4000480c  WDTCTL_SYM                                 
ffffffff  __binit__                                  
ffffffff  __c_args__                                 
ffffffff  binit                                      
UNDEFED   SHT$$INIT_ARRAY$$Base                      
UNDEFED   SHT$$INIT_ARRAY$$Limit                     

[135 symbols]
